
[1m[46m RUN [49m[22m [36mv4.0.18 [39m[90mC:/Users/ND/Desktop/Notting_Project/NEWSEAMS/frontend[39m

 [32m✓[39m src/__tests__/unit/composables/useFileField.spec.ts[2m > [22museFileField[2m > [22mformatFileSize[2m > [22mshould format bytes correctly[32m 3[2mms[22m[39m
 [32m✓[39m src/__tests__/unit/composables/useFileField.spec.ts[2m > [22museFileField[2m > [22misImageFile[2m > [22mshould return true for image types[32m 1[2mms[22m[39m
 [32m✓[39m src/__tests__/unit/composables/useFileField.spec.ts[2m > [22museFileField[2m > [22misImageFile[2m > [22mshould return false for non-image types[32m 0[2mms[22m[39m
 [32m✓[39m src/__tests__/unit/composables/useFileField.spec.ts[2m > [22museFileField[2m > [22misPdfFile[2m > [22mshould return true for PDF[32m 1[2mms[22m[39m
 [32m✓[39m src/__tests__/unit/composables/useFileField.spec.ts[2m > [22museFileField[2m > [22misPdfFile[2m > [22mshould return false for non-PDF[32m 0[2mms[22m[39m
 [32m✓[39m src/__tests__/unit/composables/useFileField.spec.ts[2m > [22museFileField[2m > [22mgetFileIconClass[2m > [22mshould return correct icon for PDF[32m 0[2mms[22m[39m
 [32m✓[39m src/__tests__/unit/composables/useFileField.spec.ts[2m > [22museFileField[2m > [22mgetFileIconClass[2m > [22mshould return correct icon for Word documents[32m 0[2mms[22m[39m
 [32m✓[39m src/__tests__/unit/composables/useFileField.spec.ts[2m > [22museFileField[2m > [22mgetFileIconClass[2m > [22mshould return correct icon for Excel spreadsheets[32m 0[2mms[22m[39m
 [32m✓[39m src/__tests__/unit/composables/useFileField.spec.ts[2m > [22museFileField[2m > [22mgetFileIconClass[2m > [22mshould return correct icon for PowerPoint[32m 0[2mms[22m[39m
 [32m✓[39m src/__tests__/unit/composables/useFileField.spec.ts[2m > [22museFileField[2m > [22mgetFileIconClass[2m > [22mshould return image icon for images[32m 0[2mms[22m[39m
 [32m✓[39m src/__tests__/unit/composables/useFileField.spec.ts[2m > [22museFileField[2m > [22mgetFileIconClass[2m > [22mshould return default icon for unknown types[32m 0[2mms[22m[39m
 [32m✓[39m src/__tests__/unit/composables/useFileField.spec.ts[2m > [22museFileField[2m > [22mgetFileIconClass[2m > [22mshould return zip icon for archives[32m 0[2mms[22m[39m
 [32m✓[39m src/__tests__/unit/composables/useFileField.spec.ts[2m > [22museFileField[2m > [22mhasFiles computed[2m > [22mshould return true when files exist[32m 0[2mms[22m[39m
 [32m✓[39m src/__tests__/unit/composables/useFileField.spec.ts[2m > [22museFileField[2m > [22mhasFiles computed[2m > [22mshould return false when no files[32m 0[2mms[22m[39m
 [32m✓[39m src/__tests__/unit/composables/useFileField.spec.ts[2m > [22museFileField[2m > [22msyncFromFileIds[2m > [22mshould handle string file ID[32m 1[2mms[22m[39m
 [32m✓[39m src/__tests__/unit/composables/useFileField.spec.ts[2m > [22museFileField[2m > [22msyncFromFileIds[2m > [22mshould handle array of file IDs[32m 0[2mms[22m[39m
 [32m✓[39m src/__tests__/unit/composables/useFileField.spec.ts[2m > [22museFileField[2m > [22msyncFromFileIds[2m > [22mshould handle null file IDs[32m 0[2mms[22m[39m
 [32m✓[39m src/__tests__/unit/composables/useFileField.spec.ts[2m > [22museFileField[2m > [22msyncFromFileIds[2m > [22mshould clear files when syncing null[32m 0[2mms[22m[39m
 [32m✓[39m src/__tests__/unit/composables/useFileField.spec.ts[2m > [22museFileField[2m > [22mloadFileMetadata error handling[2m > [22mshould set error on API failure[32m 0[2mms[22m[39m
 [32m✓[39m src/__tests__/unit/composables/useFileField.spec.ts[2m > [22museFileField[2m > [22mloadFileMetadata error handling[2m > [22mshould clear files on error[32m 0[2mms[22m[39m
 [32m✓[39m src/__tests__/unit/composables/useFileField.spec.ts[2m > [22museFileField[2m > [22mgetDownloadUrl[2m > [22mshould return download URL[32m 0[2mms[22m[39m
[90mstderr[2m | src/__tests__/unit/composables/useCrud.spec.ts[2m > [22m[2museCrud[2m > [22m[2mfetchList[2m > [22m[2mshould handle API errors gracefully
[22m[39mFailed to fetch test list: Error: API Error
    at C:/Users/ND/Desktop/Notting_Project/NEWSEAMS/frontend/src/__tests__/unit/composables/useCrud.spec.ts:84:38
    at [90mfile:///C:/Users/ND/Desktop/Notting_Project/NEWSEAMS/frontend/[39mnode_modules/[4m@vitest/runner[24m/dist/index.js:145:11
    at [90mfile:///C:/Users/ND/Desktop/Notting_Project/NEWSEAMS/frontend/[39mnode_modules/[4m@vitest/runner[24m/dist/index.js:915:26
    at [90mfile:///C:/Users/ND/Desktop/Notting_Project/NEWSEAMS/frontend/[39mnode_modules/[4m@vitest/runner[24m/dist/index.js:1243:20
    at new Promise (<anonymous>)
    at runWithTimeout [90m(file:///C:/Users/ND/Desktop/Notting_Project/NEWSEAMS/frontend/[39mnode_modules/[4m@vitest/runner[24m/dist/index.js:1209:10[90m)[39m
    at [90mfile:///C:/Users/ND/Desktop/Notting_Project/NEWSEAMS/frontend/[39mnode_modules/[4m@vitest/runner[24m/dist/index.js:1653:37
    at Traces.$ [90m(file:///C:/Users/ND/Desktop/Notting_Project/NEWSEAMS/frontend/[39mnode_modules/[4mvitest[24m/dist/chunks/traces.CCmnQaNT.js:142:27[90m)[39m
    at trace [90m(file:///C:/Users/ND/Desktop/Notting_Project/NEWSEAMS/frontend/[39mnode_modules/[4mvitest[24m/dist/chunks/test.B8ej_ZHS.js:239:21[90m)[39m
    at runTest [90m(file:///C:/Users/ND/Desktop/Notting_Project/NEWSEAMS/frontend/[39mnode_modules/[4m@vitest/runner[24m/dist/index.js:1653:12[90m)[39m

 [32m✓[39m src/__tests__/unit/composables/useLoading.spec.ts[2m > [22museLoading[2m > [22mshould initialize with default loading state[32m 3[2mms[22m[39m
 [32m✓[39m src/__tests__/unit/composables/useLoading.spec.ts[2m > [22museLoading[2m > [22mshould initialize with custom loading state[32m 1[2mms[22m[39m
 [32m✓[39m src/__tests__/unit/composables/useLoading.spec.ts[2m > [22museLoading[2m > [22mshould set loading to true during async operation[32m 24[2mms[22m[39m
 [32m✓[39m src/__tests__/unit/composables/useLoading.spec.ts[2m > [22museLoading[2m > [22mshould set loading to false after async operation completes[32m 15[2mms[22m[39m
 [32m✓[39m src/__tests__/unit/composables/useLoading.spec.ts[2m > [22museLoading[2m > [22mshould set loading to false even if operation throws[32m 1[2mms[22m[39m
[90mstderr[2m | src/__tests__/unit/composables/useCrud.spec.ts[2m > [22m[2museCrud[2m > [22m[2mhandleDelete[2m > [22m[2mshould handle API errors
[22m[39mError: Delete failed
    at C:/Users/ND/Desktop/Notting_Project/NEWSEAMS/frontend/src/__tests__/unit/composables/useCrud.spec.ts:174:40
    at [90mfile:///C:/Users/ND/Desktop/Notting_Project/NEWSEAMS/frontend/[39mnode_modules/[4m@vitest/runner[24m/dist/index.js:145:11
    at [90mfile:///C:/Users/ND/Desktop/Notting_Project/NEWSEAMS/frontend/[39mnode_modules/[4m@vitest/runner[24m/dist/index.js:915:26
    at [90mfile:///C:/Users/ND/Desktop/Notting_Project/NEWSEAMS/frontend/[39mnode_modules/[4m@vitest/runner[24m/dist/index.js:1243:20
    at new Promise (<anonymous>)
    at runWithTimeout [90m(file:///C:/Users/ND/Desktop/Notting_Project/NEWSEAMS/frontend/[39mnode_modules/[4m@vitest/runner[24m/dist/index.js:1209:10[90m)[39m
    at [90mfile:///C:/Users/ND/Desktop/Notting_Project/NEWSEAMS/frontend/[39mnode_modules/[4m@vitest/runner[24m/dist/index.js:1653:37
    at Traces.$ [90m(file:///C:/Users/ND/Desktop/Notting_Project/NEWSEAMS/frontend/[39mnode_modules/[4mvitest[24m/dist/chunks/traces.CCmnQaNT.js:142:27[90m)[39m
    at trace [90m(file:///C:/Users/ND/Desktop/Notting_Project/NEWSEAMS/frontend/[39mnode_modules/[4mvitest[24m/dist/chunks/test.B8ej_ZHS.js:239:21[90m)[39m
    at runTest [90m(file:///C:/Users/ND/Desktop/Notting_Project/NEWSEAMS/frontend/[39mnode_modules/[4m@vitest/runner[24m/dist/index.js:1653:12[90m)[39m

[90mstderr[2m | src/__tests__/unit/composables/useCrud.spec.ts[2m > [22m[2museCrud[2m > [22m[2mhandleBatchDelete[2m > [22m[2mshould handle API errors
[22m[39mError: Batch delete failed
    at C:/Users/ND/Desktop/Notting_Project/NEWSEAMS/frontend/src/__tests__/unit/composables/useCrud.spec.ts:232:45
    at [90mfile:///C:/Users/ND/Desktop/Notting_Project/NEWSEAMS/frontend/[39mnode_modules/[4m@vitest/runner[24m/dist/index.js:145:11
    at [90mfile:///C:/Users/ND/Desktop/Notting_Project/NEWSEAMS/frontend/[39mnode_modules/[4m@vitest/runner[24m/dist/index.js:915:26
    at [90mfile:///C:/Users/ND/Desktop/Notting_Project/NEWSEAMS/frontend/[39mnode_modules/[4m@vitest/runner[24m/dist/index.js:1243:20
    at new Promise (<anonymous>)
    at runWithTimeout [90m(file:///C:/Users/ND/Desktop/Notting_Project/NEWSEAMS/frontend/[39mnode_modules/[4m@vitest/runner[24m/dist/index.js:1209:10[90m)[39m
    at [90mfile:///C:/Users/ND/Desktop/Notting_Project/NEWSEAMS/frontend/[39mnode_modules/[4m@vitest/runner[24m/dist/index.js:1653:37
    at Traces.$ [90m(file:///C:/Users/ND/Desktop/Notting_Project/NEWSEAMS/frontend/[39mnode_modules/[4mvitest[24m/dist/chunks/traces.CCmnQaNT.js:142:27[90m)[39m
    at trace [90m(file:///C:/Users/ND/Desktop/Notting_Project/NEWSEAMS/frontend/[39mnode_modules/[4mvitest[24m/dist/chunks/test.B8ej_ZHS.js:239:21[90m)[39m
    at runTest [90m(file:///C:/Users/ND/Desktop/Notting_Project/NEWSEAMS/frontend/[39mnode_modules/[4m@vitest/runner[24m/dist/index.js:1653:12[90m)[39m

[90mstderr[2m | src/__tests__/unit/composables/useCrud.spec.ts[2m > [22m[2museCrud[2m > [22m[2mhandleExport[2m > [22m[2mshould handle export errors
[22m[39mError: Export failed
    at C:/Users/ND/Desktop/Notting_Project/NEWSEAMS/frontend/src/__tests__/unit/composables/useCrud.spec.ts:292:40
    at [90mfile:///C:/Users/ND/Desktop/Notting_Project/NEWSEAMS/frontend/[39mnode_modules/[4m@vitest/runner[24m/dist/index.js:145:11
    at [90mfile:///C:/Users/ND/Desktop/Notting_Project/NEWSEAMS/frontend/[39mnode_modules/[4m@vitest/runner[24m/dist/index.js:915:26
    at [90mfile:///C:/Users/ND/Desktop/Notting_Project/NEWSEAMS/frontend/[39mnode_modules/[4m@vitest/runner[24m/dist/index.js:1243:20
    at new Promise (<anonymous>)
    at runWithTimeout [90m(file:///C:/Users/ND/Desktop/Notting_Project/NEWSEAMS/frontend/[39mnode_modules/[4m@vitest/runner[24m/dist/index.js:1209:10[90m)[39m
    at [90mfile:///C:/Users/ND/Desktop/Notting_Project/NEWSEAMS/frontend/[39mnode_modules/[4m@vitest/runner[24m/dist/index.js:1653:37
    at Traces.$ [90m(file:///C:/Users/ND/Desktop/Notting_Project/NEWSEAMS/frontend/[39mnode_modules/[4mvitest[24m/dist/chunks/traces.CCmnQaNT.js:142:27[90m)[39m
    at trace [90m(file:///C:/Users/ND/Desktop/Notting_Project/NEWSEAMS/frontend/[39mnode_modules/[4mvitest[24m/dist/chunks/test.B8ej_ZHS.js:239:21[90m)[39m
    at runTest [90m(file:///C:/Users/ND/Desktop/Notting_Project/NEWSEAMS/frontend/[39mnode_modules/[4m@vitest/runner[24m/dist/index.js:1653:12[90m)[39m

 [32m✓[39m src/__tests__/unit/composables/useCrud.spec.ts[2m > [22museCrud[2m > [22mfetchList[2m > [22mshould fetch list with results format[32m 6[2mms[22m[39m
 [32m✓[39m src/__tests__/unit/composables/useCrud.spec.ts[2m > [22museCrud[2m > [22mfetchList[2m > [22mshould fetch list with array format[32m 1[2mms[22m[39m
 [32m✓[39m src/__tests__/unit/composables/useCrud.spec.ts[2m > [22museCrud[2m > [22mfetchList[2m > [22mshould accept query parameters[32m 2[2mms[22m[39m
 [32m✓[39m src/__tests__/unit/composables/useCrud.spec.ts[2m > [22museCrud[2m > [22mfetchList[2m > [22mshould handle API errors gracefully[32m 9[2mms[22m[39m
 [32m✓[39m src/__tests__/unit/composables/useCrud.spec.ts[2m > [22museCrud[2m > [22mfetchList[2m > [22mshould set loading to true during fetch[32m 10[2mms[22m[39m
 [32m✓[39m src/__tests__/unit/composables/useCrud.spec.ts[2m > [22museCrud[2m > [22mhandleDelete[2m > [22mshould delete item after confirmation[32m 2[2mms[22m[39m
 [32m✓[39m src/__tests__/unit/composables/useCrud.spec.ts[2m > [22museCrud[2m > [22mhandleDelete[2m > [22mshould use code when name is not available[32m 1[2mms[22m[39m
 [32m✓[39m src/__tests__/unit/composables/useCrud.spec.ts[2m > [22museCrud[2m > [22mhandleDelete[2m > [22mshould handle empty name/code[32m 1[2mms[22m[39m
 [32m✓[39m src/__tests__/unit/composables/useCrud.spec.ts[2m > [22museCrud[2m > [22mhandleDelete[2m > [22mshould return false when user cancels[32m 1[2mms[22m[39m
 [32m✓[39m src/__tests__/unit/composables/useCrud.spec.ts[2m > [22museCrud[2m > [22mhandleDelete[2m > [22mshould handle API errors[32m 2[2mms[22m[39m
 [32m✓[39m src/__tests__/unit/composables/useCrud.spec.ts[2m > [22museCrud[2m > [22mhandleDelete[2m > [22mshould do nothing when delete API is not provided[32m 0[2mms[22m[39m
 [32m✓[39m src/__tests__/unit/composables/useCrud.spec.ts[2m > [22museCrud[2m > [22mhandleBatchDelete[2m > [22mshould delete multiple items after confirmation[32m 1[2mms[22m[39m
 [32m✓[39m src/__tests__/unit/composables/useCrud.spec.ts[2m > [22museCrud[2m > [22mhandleBatchDelete[2m > [22mshould return false when user cancels[32m 1[2mms[22m[39m
 [32m✓[39m src/__tests__/unit/composables/useCrud.spec.ts[2m > [22museCrud[2m > [22mhandleBatchDelete[2m > [22mshould handle API errors[32m 1[2mms[22m[39m
 [32m✓[39m src/__tests__/unit/composables/useCrud.spec.ts[2m > [22museCrud[2m > [22mhandleBatchDelete[2m > [22mshould do nothing when no rows selected[32m 0[2mms[22m[39m
 [32m✓[39m src/__tests__/unit/composables/useCrud.spec.ts[2m > [22museCrud[2m > [22mhandleBatchDelete[2m > [22mshould do nothing when batchDelete API is not provided[32m 0[2mms[22m[39m
 [32m✓[39m src/__tests__/unit/composables/useCrud.spec.ts[2m > [22museCrud[2m > [22mhandleExport[2m > [22mshould export data successfully[32m 56[2mms[22m[39m
 [32m✓[39m src/__tests__/unit/composables/useTableConfig.spec.ts[2m > [22museTableConfig[2m > [22minitialization[2m > [22mshould initialize with default values[32m 20[2mms[22m[39m
 [32m✓[39m src/__tests__/unit/composables/useTableConfig.spec.ts[2m > [22museTableConfig[2m > [22minitialization[2m > [22mshould accept custom options[32m 2[2mms[22m[39m
 [32m✓[39m src/__tests__/unit/composables/useTableConfig.spec.ts[2m > [22museTableConfig[2m > [22mpagination[2m > [22mshould handle page change[32m 3[2mms[22m[39m
 [32m✓[39m src/__tests__/unit/composables/useTableConfig.spec.ts[2m > [22museTableConfig[2m > [22mpagination[2m > [22mshould handle page size change[32m 1[2mms[22m[39m
 [32m✓[39m src/__tests__/unit/composables/useTableConfig.spec.ts[2m > [22museTableConfig[2m > [22mpagination[2m > [22mshould update total count[32m 0[2mms[22m[39m
 [32m✓[39m src/__tests__/unit/composables/useTableConfig.spec.ts[2m > [22museTableConfig[2m > [22msorting[2m > [22mshould handle sort change[32m 1[2mms[22m[39m
 [32m✓[39m src/__tests__/unit/composables/useTableConfig.spec.ts[2m > [22museTableConfig[2m > [22msorting[2m > [22mshould handle descending sort[32m 0[2mms[22m[39m
 [32m✓[39m src/__tests__/unit/composables/useTableConfig.spec.ts[2m > [22museTableConfig[2m > [22msorting[2m > [22mshould clear sort when order is null[32m 0[2mms[22m[39m
 [32m✓[39m src/__tests__/unit/composables/useTableConfig.spec.ts[2m > [22museTableConfig[2m > [22mfilters[2m > [22mshould set filter value[32m 1[2mms[22m[39m
 [32m✓[39m src/__tests__/unit/composables/useTableConfig.spec.ts[2m > [22museTableConfig[2m > [22mfilters[2m > [22mshould clear specific filter[32m 1[2mms[22m[39m
 [32m✓[39m src/__tests__/unit/composables/useTableConfig.spec.ts[2m > [22museTableConfig[2m > [22mfilters[2m > [22mshould clear all filters[32m 1[2mms[22m[39m
 [32m✓[39m src/__tests__/unit/composables/useTableConfig.spec.ts[2m > [22museTableConfig[2m > [22mfilters[2m > [22mshould handle filter change with multiple filters[32m 1[2mms[22m[39m
 [32m✓[39m src/__tests__/unit/composables/useTableConfig.spec.ts[2m > [22museTableConfig[2m > [22mrow selection[2m > [22mshould handle selection change[32m 1[2mms[22m[39m
 [32m✓[39m src/__tests__/unit/composables/useTableConfig.spec.ts[2m > [22museTableConfig[2m > [22mrow selection[2m > [22mshould clear selection[32m 0[2mms[22m[39m
 [32m✓[39m src/__tests__/unit/composables/useTableConfig.spec.ts[2m > [22museTableConfig[2m > [22mrow selection[2m > [22mshould toggle row selection[32m 2[2mms[22m[39m
 [32m✓[39m src/__tests__/unit/composables/useTableConfig.spec.ts[2m > [22museTableConfig[2m > [22mrow selection[2m > [22mshould toggle all selection[32m 1[2mms[22m[39m
 [32m✓[39m src/__tests__/unit/composables/useTableConfig.spec.ts[2m > [22museTableConfig[2m > [22mrow selection[2m > [22mshould auto-toggle all when not specified[32m 1[2mms[22m[39m
 [31m×[39m src/__tests__/unit/composables/useTableConfig.spec.ts[2m > [22museTableConfig[2m > [22mrow expansion[2m > [22mshould handle expand change[32m 26[2mms[22m[39m
[31m   → Maximum call stack size exceeded[39m
 [32m✓[39m src/__tests__/unit/composables/useTableConfig.spec.ts[2m > [22museTableConfig[2m > [22mrow expansion[2m > [22mshould toggle row expansion[32m 1[2mms[22m[39m
 [32m✓[39m src/__tests__/unit/composables/useTableConfig.spec.ts[2m > [22museTableConfig[2m > [22mrow expansion[2m > [22mshould clear all expanded rows[32m 0[2mms[22m[39m
 [32m✓[39m src/__tests__/unit/composables/useTableConfig.spec.ts[2m > [22museTableConfig[2m > [22mgetRowKey[2m > [22mshould use default id property[32m 0[2mms[22m[39m
 [32m✓[39m src/__tests__/unit/composables/useTableConfig.spec.ts[2m > [22museTableConfig[2m > [22mgetRowKey[2m > [22mshould use custom rowKey function[32m 0[2mms[22m[39m
 [32m✓[39m src/__tests__/unit/composables/useTableConfig.spec.ts[2m > [22museTableConfig[2m > [22mgetRowKey[2m > [22mshould use custom rowKey string[32m 0[2mms[22m[39m
 [32m✓[39m src/__tests__/unit/composables/useTableConfig.spec.ts[2m > [22museTableConfig[2m > [22mgetRowKey[2m > [22mshould fallback to JSON.stringify when no key found[32m 0[2mms[22m[39m
 [32m✓[39m src/__tests__/unit/composables/useTableConfig.spec.ts[2m > [22museTableConfig[2m > [22mgetQueryParams[2m > [22mshould return basic pagination params[32m 0[2mms[22m[39m
 [32m✓[39m src/__tests__/unit/composables/useTableConfig.spec.ts[2m > [22museTableConfig[2m > [22mgetQueryParams[2m > [22mshould include ordering when sorted[32m 0[2mms[22m[39m
 [32m✓[39m src/__tests__/unit/composables/useTableConfig.spec.ts[2m > [22museTableConfig[2m > [22mgetQueryParams[2m > [22mshould include filters[32m 0[2mms[22m[39m
 [32m✓[39m src/__tests__/unit/composables/useTableConfig.spec.ts[2m > [22museTableConfig[2m > [22mgetQueryParams[2m > [22mshould exclude empty filter values[32m 0[2mms[22m[39m
 [31m×[39m src/__tests__/unit/composables/useTableConfig.spec.ts[2m > [22museTableConfig[2m > [22mcaching[2m > [22mshould save and load configuration[32m 9[2mms[22m[39m
[31m   → expected 1 to be 3 // Object.is equality[39m
 [32m✓[39m src/__tests__/unit/composables/useTableConfig.spec.ts[2m > [22museTableConfig[2m > [22mcaching[2m > [22mshould get cached configuration without loading[32m 1[2mms[22m[39m
 [32m✓[39m src/__tests__/unit/composables/useTableConfig.spec.ts[2m > [22museTableConfig[2m > [22mcaching[2m > [22mshould reset configuration[32m 1[2mms[22m[39m
 [32m✓[39m src/__tests__/unit/composables/useTableConfig.spec.ts[2m > [22museTableConfig[2m > [22mcaching[2m > [22mshould not restore selected/expanded rows from cache[32m 1[2mms[22m[39m
 [32m✓[39m src/__tests__/unit/composables/useTableConfig.spec.ts[2m > [22museTableConfig[2m > [22mcaching[2m > [22mshould clear all cache[32m 0[2mms[22m[39m
 [32m✓[39m src/__tests__/unit/composables/useTableConfig.spec.ts[2m > [22museTableConfig[2m > [22mloading state[2m > [22mshould set loading state[32m 0[2mms[22m[39m
 [32m✓[39m src/__tests__/unit/composables/useTableConfig.spec.ts[2m > [22museTableConfig[2m > [22mcomputed properties[2m > [22mshould calculate hasSelection correctly[32m 0[2mms[22m[39m
 [32m✓[39m src/__tests__/unit/composables/useTableConfig.spec.ts[2m > [22museTableConfig[2m > [22mcomputed properties[2m > [22mshould calculate isIndeterminate correctly[32m 0[2mms[22m[39m
 [32m✓[39m src/__tests__/unit/composables/useCrud.spec.ts[2m > [22museCrud[2m > [22mhandleExport[2m > [22mshould handle export errors[32m 1[2mms[22m[39m
 [32m✓[39m src/__tests__/unit/composables/useCrud.spec.ts[2m > [22museCrud[2m > [22mhandleExport[2m > [22mshould do nothing when export API is not provided[32m 0[2mms[22m[39m
 [32m✓[39m src/__tests__/unit/composables/useCrud.spec.ts[2m > [22museCrud[2m > [22mhandleBatchExport[2m > [22mshould export selected items[32m 1[2mms[22m[39m
 [32m✓[39m src/__tests__/unit/composables/useCrud.spec.ts[2m > [22museCrud[2m > [22mhandleBatchExport[2m > [22mshould show warning when no rows selected[32m 0[2mms[22m[39m
 [31m×[39m src/__tests__/unit/composables/useCrud.spec.ts[2m > [22museCrud[2m > [22mhandleBatchExport[2m > [22mshould do nothing when export API is not provided[32m 4[2mms[22m[39m
[31m   → expected "vi.fn()" to not be called at all, but actually been called 1 times[90m

Received: 

[1m  1st vi.fn() call:

[22m    Array [
      "Please select items to export",
    ]
[31m[90m

Number of calls: [1m1[22m
[31m[39m
 [32m✓[39m src/__tests__/unit/composables/useCrud.spec.ts[2m > [22museCrud[2m > [22minitialization[2m > [22mshould initialize with default values[32m 1[2mms[22m[39m
 [32m✓[39m src/__tests__/unit/composables/useMetadata.spec.ts[2m > [22museMetadata[2m > [22mresolveFormula[2m > [22mshould evaluate simple math expression[32m 4[2mms[22m[39m
 [32m✓[39m src/__tests__/unit/composables/useMetadata.spec.ts[2m > [22museMetadata[2m > [22mresolveFormula[2m > [22mshould handle missing values as 0[32m 1[2mms[22m[39m
 [32m✓[39m src/__tests__/unit/composables/useMetadata.spec.ts[2m > [22museMetadata[2m > [22mresolveFormula[2m > [22mshould not evaluate non-math expressions[32m 1[2mms[22m[39m
 [32m✓[39m src/__tests__/unit/composables/useMetadata.spec.ts[2m > [22museMetadata[2m > [22mvalidateField[2m > [22mshould validate required field[32m 1[2mms[22m[39m
 [32m✓[39m src/__tests__/unit/composables/useMetadata.spec.ts[2m > [22museMetadata[2m > [22mvalidateField[2m > [22mshould pass required validation with value[32m 0[2mms[22m[39m
 [32m✓[39m src/__tests__/unit/composables/useMetadata.spec.ts[2m > [22museMetadata[2m > [22mvalidateField[2m > [22mshould validate pattern rule[32m 0[2mms[22m[39m
 [32m✓[39m src/__tests__/unit/composables/useMetadata.spec.ts[2m > [22museMetadata[2m > [22mvalidateField[2m > [22mshould pass pattern validation with valid email[32m 0[2mms[22m[39m
 [32m✓[39m src/__tests__/unit/composables/useMetadata.spec.ts[2m > [22museMetadata[2m > [22mvalidateField[2m > [22mshould validate min rule[32m 0[2mms[22m[39m
 [32m✓[39m src/__tests__/unit/composables/useMetadata.spec.ts[2m > [22museMetadata[2m > [22mvalidateField[2m > [22mshould validate max rule[32m 1[2mms[22m[39m
 [32m✓[39m src/__tests__/unit/composables/useMetadata.spec.ts[2m > [22museMetadata[2m > [22mvalidateField[2m > [22mshould validate minLength rule[32m 1[2mms[22m[39m
 [32m✓[39m src/__tests__/unit/composables/useMetadata.spec.ts[2m > [22museMetadata[2m > [22mvalidateField[2m > [22mshould validate maxLength rule[32m 0[2mms[22m[39m
 [32m✓[39m src/__tests__/unit/composables/useMetadata.spec.ts[2m > [22museMetadata[2m > [22mgetFieldOptions[2m > [22mshould return field options[32m 2[2mms[22m[39m
 [32m✓[39m src/__tests__/unit/composables/useMetadata.spec.ts[2m > [22museMetadata[2m > [22mgetFieldOptions[2m > [22mshould return empty array when no options[32m 1[2mms[22m[39m
 [32m✓[39m src/__tests__/unit/composables/useMetadata.spec.ts[2m > [22museMetadata[2m > [22mgetCacheKey[2m > [22mshould create unique cache key with org[32m 0[2mms[22m[39m
 [32m✓[39m src/__tests__/unit/composables/useMetadata.spec.ts[2m > [22museMetadata[2m > [22mgetCacheKey[2m > [22mshould use default org when not available[32m 0[2mms[22m[39m
 [32m✓[39m src/__tests__/unit/composables/useMetadata.spec.ts[2m > [22museMetadata[2m > [22mAPI response parsing[2m > [22mshould extract fields from wrapped response[32m 0[2mms[22m[39m
 [32m✓[39m src/__tests__/unit/composables/useMetadata.spec.ts[2m > [22museMetadata[2m > [22mAPI response parsing[2m > [22mshould extract fields from direct response[32m 0[2mms[22m[39m
 [32m✓[39m src/__tests__/unit/composables/useMetadata.spec.ts[2m > [22museMetadata[2m > [22mAPI response parsing[2m > [22mshould extract fields from results array[32m 0[2mms[22m[39m
 [32m✓[39m src/__tests__/unit/composables/useMetadata.spec.ts[2m > [22museMetadata[2m > [22mAPI response parsing[2m > [22mshould return empty array when no fields found[32m 0[2mms[22m[39m
[90mstderr[2m | src/__tests__/unit/components/common/DynamicTabs.spec.ts[2m > [22m[2mDynamicTabs[2m > [22m[2mshould render tabs correctly
[22m[39m[Vue warn]: Failed to resolve component: el-icon
If this is a native custom element, make sure to exclude it from component resolution via compilerOptions.isCustomElement. 
  at <DynamicTabs modelValue="tab1" tabs= [
  { id: [32m'tab1'[39m, name: [32m'Tab 1'[39m, title: [32m'First Tab'[39m },
  { id: [32m'tab2'[39m, name: [32m'Tab 2'[39m, title: [32m'Second Tab'[39m },
  { id: [32m'tab3'[39m, name: [32m'Tab 3'[39m, title: [32m'Third Tab'[39m, closable: [33mtrue[39m }
] ref="VTU_COMPONENT" > 
  at <VTUROOT>
[Vue warn]: Failed to resolve component: el-badge
If this is a native custom element, make sure to exclude it from component resolution via compilerOptions.isCustomElement. 
  at <DynamicTabs modelValue="tab1" tabs= [
  { id: [32m'tab1'[39m, name: [32m'Tab 1'[39m, title: [32m'First Tab'[39m },
  { id: [32m'tab2'[39m, name: [32m'Tab 2'[39m, title: [32m'Second Tab'[39m },
  { id: [32m'tab3'[39m, name: [32m'Tab 3'[39m, title: [32m'Third Tab'[39m, closable: [33mtrue[39m }
] ref="VTU_COMPONENT" > 
  at <VTUROOT>
[Vue warn]: Failed to resolve component: el-tab-pane
If this is a native custom element, make sure to exclude it from component resolution via compilerOptions.isCustomElement. 
  at <DynamicTabs modelValue="tab1" tabs= [
  { id: [32m'tab1'[39m, name: [32m'Tab 1'[39m, title: [32m'First Tab'[39m },
  { id: [32m'tab2'[39m, name: [32m'Tab 2'[39m, title: [32m'Second Tab'[39m },
  { id: [32m'tab3'[39m, name: [32m'Tab 3'[39m, title: [32m'Third Tab'[39m, closable: [33mtrue[39m }
] ref="VTU_COMPONENT" > 
  at <VTUROOT>
[Vue warn]: Failed to resolve component: el-tabs
If this is a native custom element, make sure to exclude it from component resolution via compilerOptions.isCustomElement. 
  at <DynamicTabs modelValue="tab1" tabs= [
  { id: [32m'tab1'[39m, name: [32m'Tab 1'[39m, title: [32m'First Tab'[39m },
  { id: [32m'tab2'[39m, name: [32m'Tab 2'[39m, title: [32m'Second Tab'[39m },
  { id: [32m'tab3'[39m, name: [32m'Tab 3'[39m, title: [32m'Third Tab'[39m, closable: [33mtrue[39m }
] ref="VTU_COMPONENT" > 
  at <VTUROOT>

[90mstderr[2m | src/__tests__/unit/components/common/DynamicTabs.spec.ts[2m > [22m[2mDynamicTabs[2m > [22m[2mshould filter visible tabs
[22m[39m[Vue warn]: Failed to resolve component: el-icon
If this is a native custom element, make sure to exclude it from component resolution via compilerOptions.isCustomElement. 
  at <DynamicTabs modelValue="tab1" tabs= [
  { id: [32m'tab1'[39m, name: [32m'Tab 1'[39m, title: [32m'First Tab'[39m },
  { id: [32m'tab2'[39m, name: [32m'Tab 2'[39m, title: [32m'Second Tab'[39m },
  { id: [32m'tab3'[39m, name: [32m'Tab 3'[39m, title: [32m'Third Tab'[39m, closable: [33mtrue[39m },
  { id: [32m'tab4'[39m, name: [32m'Tab 4'[39m, title: [32m'Hidden Tab'[39m, visible: [33mfalse[39m }
] ref="VTU_COMPONENT" > 
  at <VTUROOT>
[Vue warn]: Failed to resolve component: el-badge
If this is a native custom element, make sure to exclude it from component resolution via compilerOptions.isCustomElement. 
  at <DynamicTabs modelValue="tab1" tabs= [
  { id: [32m'tab1'[39m, name: [32m'Tab 1'[39m, title: [32m'First Tab'[39m },
  { id: [32m'tab2'[39m, name: [32m'Tab 2'[39m, title: [32m'Second Tab'[39m },
  { id: [32m'tab3'[39m, name: [32m'Tab 3'[39m, title: [32m'Third Tab'[39m, closable: [33mtrue[39m },
  { id: [32m'tab4'[39m, name: [32m'Tab 4'[39m, title: [32m'Hidden Tab'[39m, visible: [33mfalse[39m }
] ref="VTU_COMPONENT" > 
  at <VTUROOT>
[Vue warn]: Failed to resolve component: el-tab-pane
If this is a native custom element, make sure to exclude it from component resolution via compilerOptions.isCustomElement. 
  at <DynamicTabs modelValue="tab1" tabs= [
  { id: [32m'tab1'[39m, name: [32m'Tab 1'[39m, title: [32m'First Tab'[39m },
  { id: [32m'tab2'[39m, name: [32m'Tab 2'[39m, title: [32m'Second Tab'[39m },
  { id: [32m'tab3'[39m, name: [32m'Tab 3'[39m, title: [32m'Third Tab'[39m, closable: [33mtrue[39m },
  { id: [32m'tab4'[39m, name: [32m'Tab 4'[39m, title: [32m'Hidden Tab'[39m, visible: [33mfalse[39m }
] ref="VTU_COMPONENT" > 
  at <VTUROOT>
[Vue warn]: Failed to resolve component: el-tabs
If this is a native custom element, make sure to exclude it from component resolution via compilerOptions.isCustomElement. 
  at <DynamicTabs modelValue="tab1" tabs= [
  { id: [32m'tab1'[39m, name: [32m'Tab 1'[39m, title: [32m'First Tab'[39m },
  { id: [32m'tab2'[39m, name: [32m'Tab 2'[39m, title: [32m'Second Tab'[39m },
  { id: [32m'tab3'[39m, name: [32m'Tab 3'[39m, title: [32m'Third Tab'[39m, closable: [33mtrue[39m },
  { id: [32m'tab4'[39m, name: [32m'Tab 4'[39m, title: [32m'Hidden Tab'[39m, visible: [33mfalse[39m }
] ref="VTU_COMPONENT" > 
  at <VTUROOT>

[90mstderr[2m | src/__tests__/unit/components/common/DynamicTabs.spec.ts[2m > [22m[2mDynamicTabs[2m > [22m[2mshould compute hasClosableTabs correctly
[22m[39m[Vue warn]: Failed to resolve component: el-icon
If this is a native custom element, make sure to exclude it from component resolution via compilerOptions.isCustomElement. 
  at <DynamicTabs modelValue="tab1" tabs= [
  { id: [32m'tab1'[39m, name: [32m'Tab 1'[39m, title: [32m'First Tab'[39m, closable: [33mfalse[39m },
  { id: [32m'tab2'[39m, name: [32m'Tab 2'[39m, title: [32m'Second Tab'[39m, closable: [33mfalse[39m }
] ref="VTU_COMPONENT" > 
  at <VTUROOT>
[Vue warn]: Failed to resolve component: el-badge
If this is a native custom element, make sure to exclude it from component resolution via compilerOptions.isCustomElement. 
  at <DynamicTabs modelValue="tab1" tabs= [
  { id: [32m'tab1'[39m, name: [32m'Tab 1'[39m, title: [32m'First Tab'[39m, closable: [33mfalse[39m },
  { id: [32m'tab2'[39m, name: [32m'Tab 2'[39m, title: [32m'Second Tab'[39m, closable: [33mfalse[39m }
] ref="VTU_COMPONENT" > 
  at <VTUROOT>
[Vue warn]: Failed to resolve component: el-tab-pane
If this is a native custom element, make sure to exclude it from component resolution via compilerOptions.isCustomElement. 
  at <DynamicTabs modelValue="tab1" tabs= [
  { id: [32m'tab1'[39m, name: [32m'Tab 1'[39m, title: [32m'First Tab'[39m, closable: [33mfalse[39m },
  { id: [32m'tab2'[39m, name: [32m'Tab 2'[39m, title: [32m'Second Tab'[39m, closable: [33mfalse[39m }
] ref="VTU_COMPONENT" > 
  at <VTUROOT>
[Vue warn]: Failed to resolve component: el-tabs
If this is a native custom element, make sure to exclude it from component resolution via compilerOptions.isCustomElement. 
  at <DynamicTabs modelValue="tab1" tabs= [
  { id: [32m'tab1'[39m, name: [32m'Tab 1'[39m, title: [32m'First Tab'[39m, closable: [33mfalse[39m },
  { id: [32m'tab2'[39m, name: [32m'Tab 2'[39m, title: [32m'Second Tab'[39m, closable: [33mfalse[39m }
] ref="VTU_COMPONENT" > 
  at <VTUROOT>
[Vue warn]: Failed to resolve component: el-icon
If this is a native custom element, make sure to exclude it from component resolution via compilerOptions.isCustomElement. 
  at <DynamicTabs modelValue="tab1" tabs= [
  { id: [32m'tab1'[39m, name: [32m'Tab 1'[39m, title: [32m'First Tab'[39m },
  { id: [32m'tab2'[39m, name: [32m'Tab 2'[39m, title: [32m'Second Tab'[39m },
  { id: [32m'tab3'[39m, name: [32m'Tab 3'[39m, title: [32m'Third Tab'[39m, closable: [33mtrue[39m }
] ref="VTU_COMPONENT" > 
  at <VTUROOT>
[Vue warn]: Failed to resolve component: el-badge
If this is a native custom element, make sure to exclude it from component resolution via compilerOptions.isCustomElement. 
  at <DynamicTabs modelValue="tab1" tabs= [
  { id: [32m'tab1'[39m, name: [32m'Tab 1'[39m, title: [32m'First Tab'[39m },
  { id: [32m'tab2'[39m, name: [32m'Tab 2'[39m, title: [32m'Second Tab'[39m },
  { id: [32m'tab3'[39m, name: [32m'Tab 3'[39m, title: [32m'Third Tab'[39m, closable: [33mtrue[39m }
] ref="VTU_COMPONENT" > 
  at <VTUROOT>
[Vue warn]: Failed to resolve component: el-tab-pane
If this is a native custom element, make sure to exclude it from component resolution via compilerOptions.isCustomElement. 
  at <DynamicTabs modelValue="tab1" tabs= [
  { id: [32m'tab1'[39m, name: [32m'Tab 1'[39m, title: [32m'First Tab'[39m },
  { id: [32m'tab2'[39m, name: [32m'Tab 2'[39m, title: [32m'Second Tab'[39m },
  { id: [32m'tab3'[39m, name: [32m'Tab 3'[39m, title: [32m'Third Tab'[39m, closable: [33mtrue[39m }
] ref="VTU_COMPONENT" > 
  at <VTUROOT>
[Vue warn]: Failed to resolve component: el-tabs
If this is a native custom element, make sure to exclude it from component resolution via compilerOptions.isCustomElement. 
  at <DynamicTabs modelValue="tab1" tabs= [
  { id: [32m'tab1'[39m, name: [32m'Tab 1'[39m, title: [32m'First Tab'[39m },
  { id: [32m'tab2'[39m, name: [32m'Tab 2'[39m, title: [32m'Second Tab'[39m },
  { id: [32m'tab3'[39m, name: [32m'Tab 3'[39m, title: [32m'Third Tab'[39m, closable: [33mtrue[39m }
] ref="VTU_COMPONENT" > 
  at <VTUROOT>

[90mstderr[2m | src/__tests__/unit/components/common/SectionBlock.spec.ts[2m > [22m[2mSectionBlock[2m > [22m[2mshould render section with title
[22m[39m[Vue warn]: Failed to resolve component: el-icon
If this is a native custom element, make sure to exclude it from component resolution via compilerOptions.isCustomElement. 
  at <SectionBlock title="Test Section" ref="VTU_COMPONENT" > 
  at <VTUROOT>
[Vue warn]: Failed to resolve component: el-tag
If this is a native custom element, make sure to exclude it from component resolution via compilerOptions.isCustomElement. 
  at <SectionBlock title="Test Section" ref="VTU_COMPONENT" > 
  at <VTUROOT>
[Vue warn]: Failed to resolve component: el-tooltip
If this is a native custom element, make sure to exclude it from component resolution via compilerOptions.isCustomElement. 
  at <SectionBlock title="Test Section" ref="VTU_COMPONENT" > 
  at <VTUROOT>
[Vue warn]: Failed to resolve component: el-collapse-transition
If this is a native custom element, make sure to exclude it from component resolution via compilerOptions.isCustomElement. 
  at <SectionBlock title="Test Section" ref="VTU_COMPONENT" > 
  at <VTUROOT>

[90mstderr[2m | src/__tests__/unit/components/common/DynamicTabs.spec.ts[2m > [22m[2mDynamicTabs[2m > [22m[2mshould have correct default props
[22m[39m[Vue warn]: Failed to resolve component: el-icon
If this is a native custom element, make sure to exclude it from component resolution via compilerOptions.isCustomElement. 
  at <DynamicTabs modelValue="tab1" tabs= [] ref="VTU_COMPONENT" > 
  at <VTUROOT>
[Vue warn]: Failed to resolve component: el-badge
If this is a native custom element, make sure to exclude it from component resolution via compilerOptions.isCustomElement. 
  at <DynamicTabs modelValue="tab1" tabs= [] ref="VTU_COMPONENT" > 
  at <VTUROOT>
[Vue warn]: Failed to resolve component: el-tab-pane
If this is a native custom element, make sure to exclude it from component resolution via compilerOptions.isCustomElement. 
  at <DynamicTabs modelValue="tab1" tabs= [] ref="VTU_COMPONENT" > 
  at <VTUROOT>
[Vue warn]: Failed to resolve component: el-tabs
If this is a native custom element, make sure to exclude it from component resolution via compilerOptions.isCustomElement. 
  at <DynamicTabs modelValue="tab1" tabs= [] ref="VTU_COMPONENT" > 
  at <VTUROOT>

[90mstderr[2m | src/__tests__/unit/components/common/SectionBlock.spec.ts[2m > [22m[2mSectionBlock[2m > [22m[2mshould have correct default props
[22m[39m[Vue warn]: Failed to resolve component: el-icon
If this is a native custom element, make sure to exclude it from component resolution via compilerOptions.isCustomElement. 
  at <SectionBlock title="Test" ref="VTU_COMPONENT" > 
  at <VTUROOT>
[Vue warn]: Failed to resolve component: el-tag
If this is a native custom element, make sure to exclude it from component resolution via compilerOptions.isCustomElement. 
  at <SectionBlock title="Test" ref="VTU_COMPONENT" > 
  at <VTUROOT>
[Vue warn]: Failed to resolve component: el-tooltip
If this is a native custom element, make sure to exclude it from component resolution via compilerOptions.isCustomElement. 
  at <SectionBlock title="Test" ref="VTU_COMPONENT" > 
  at <VTUROOT>
[Vue warn]: Failed to resolve component: el-collapse-transition
If this is a native custom element, make sure to exclude it from component resolution via compilerOptions.isCustomElement. 
  at <SectionBlock title="Test" ref="VTU_COMPONENT" > 
  at <VTUROOT>

[90mstderr[2m | src/__tests__/unit/components/common/ColumnManager.spec.ts[2m > [22m[2mColumnManager[2m > [22m[2mshould render correctly
[22m[39m[Vue warn]: Failed to resolve component: el-button
If this is a native custom element, make sure to exclude it from component resolution via compilerOptions.isCustomElement. 
  at <ColumnManager columns= [
  {
    prop: [32m'name'[39m,
    label: [32m'Name'[39m,
    width: [33m150[39m,
    defaultWidth: [33m120[39m,
    visible: [33mtrue[39m
  },
  {
    prop: [32m'code'[39m,
    label: [32m'Code'[39m,
    width: [33m120[39m,
    defaultWidth: [33m120[39m,
    visible: [33mtrue[39m
  },
  {
    prop: [32m'status'[39m,
    label: [32m'Status'[39m,
    width: [33m100[39m,
    defaultWidth: [33m100[39m,
    visible: [33mtrue[39m
  },
  {
    prop: [32m'category'[39m,
    label: [32m'Category'[39m,
    width: [33m120[39m,
    defaultWidth: [33m120[39m,
    visible: [33mfalse[39m
  }
] ref="VTU_COMPONENT" > 
  at <VTUROOT>
[Vue warn]: Failed to resolve component: el-tooltip
If this is a native custom element, make sure to exclude it from component resolution via compilerOptions.isCustomElement. 
  at <ColumnManager columns= [
  {
    prop: [32m'name'[39m,
    label: [32m'Name'[39m,
    width: [33m150[39m,
    defaultWidth: [33m120[39m,
    visible: [33mtrue[39m
  },
  {
    prop: [32m'code'[39m,
    label: [32m'Code'[39m,
    width: [33m120[39m,
    defaultWidth: [33m120[39m,
    visible: [33mtrue[39m
  },
  {
    prop: [32m'status'[39m,
    label: [32m'Status'[39m,
    width: [33m100[39m,
    defaultWidth: [33m100[39m,
    visible: [33mtrue[39m
  },
  {
    prop: [32m'category'[39m,
    label: [32m'Category'[39m,
    width: [33m120[39m,
    defaultWidth: [33m120[39m,
    visible: [33mfalse[39m
  }
] ref="VTU_COMPONENT" > 
  at <VTUROOT>
[Vue warn]: Failed to resolve component: el-divider
If this is a native custom element, make sure to exclude it from component resolution via compilerOptions.isCustomElement. 
  at <ColumnManager columns= [
  {
    prop: [32m'name'[39m,
    label: [32m'Name'[39m,
    width: [33m150[39m,
    defaultWidth: [33m120[39m,
    visible: [33mtrue[39m
  },
  {
    prop: [32m'code'[39m,
    label: [32m'Code'[39m,
    width: [33m120[39m,
    defaultWidth: [33m120[39m,
    visible: [33mtrue[39m
  },
  {
    prop: [32m'status'[39m,
    label: [32m'Status'[39m,
    width: [33m100[39m,
    defaultWidth: [33m100[39m,
    visible: [33mtrue[39m
  },
  {
    prop: [32m'category'[39m,
    label: [32m'Category'[39m,
    width: [33m120[39m,
    defaultWidth: [33m120[39m,
    visible: [33mfalse[39m
  }
] ref="VTU_COMPONENT" > 
  at <VTUROOT>
[Vue warn]: Failed to resolve component: el-icon
If this is a native custom element, make sure to exclude it from component resolution via compilerOptions.isCustomElement. 
  at <ColumnManager columns= [
  {
    prop: [32m'name'[39m,
    label: [32m'Name'[39m,
    width: [33m150[39m,
    defaultWidth: [33m120[39m,
    visible: [33mtrue[39m
  },
  {
    prop: [32m'code'[39m,
    label: [32m'Code'[39m,
    width: [33m120[39m,
    defaultWidth: [33m120[39m,
    visible: [33mtrue[39m
  },
  {
    prop: [32m'status'[39m,
    label: [32m'Status'[39m,
    width: [33m100[39m,
    defaultWidth: [33m100[39m,
    visible: [33mtrue[39m
  },
  {
    prop: [32m'category'[39m,
    label: [32m'Category'[39m,
    width: [33m120[39m,
    defaultWidth: [33m120[39m,
    visible: [33mfalse[39m
  }
] ref="VTU_COMPONENT" > 
  at <VTUROOT>
[Vue warn]: Failed to resolve component: el-checkbox
If this is a native custom element, make sure to exclude it from component resolution via compilerOptions.isCustomElement. 
  at <ColumnManager columns= [
  {
    prop: [32m'name'[39m,
    label: [32m'Name'[39m,
    width: [33m150[39m,
    defaultWidth: [33m120[39m,
    visible: [33mtrue[39m
  },
  {
    prop: [32m'code'[39m,
    label: [32m'Code'[39m,
    width: [33m120[39m,
    defaultWidth: [33m120[39m,
    visible: [33mtrue[39m
  },
  {
    prop: [32m'status'[39m,
    label: [32m'Status'[39m,
    width: [33m100[39m,
    defaultWidth: [33m100[39m,
    visible: [33mtrue[39m
  },
  {
    prop: [32m'category'[39m,
    label: [32m'Category'[39m,
    width: [33m120[39m,
    defaultWidth: [33m120[39m,
    visible: [33mfalse[39m
  }
] ref="VTU_COMPONENT" > 
  at <VTUROOT>
[Vue warn]: Failed to resolve component: el-option
If this is a native custom element, make sure to exclude it from component resolution via compilerOptions.isCustomElement. 
  at <ColumnManager columns= [
  {
    prop: [32m'name'[39m,
    label: [32m'Name'[39m,
    width: [33m150[39m,
    defaultWidth: [33m120[39m,
    visible: [33mtrue[39m
  },
  {
    prop: [32m'code'[39m,
    label: [32m'Code'[39m,
    width: [33m120[39m,
    defaultWidth: [33m120[39m,
    visible: [33mtrue[39m
  },
  {
    prop: [32m'status'[39m,
    label: [32m'Status'[39m,
    width: [33m100[39m,
    defaultWidth: [33m100[39m,
    visible: [33mtrue[39m
  },
  {
    prop: [32m'category'[39m,
    label: [32m'Category'[39m,
    width: [33m120[39m,
    defaultWidth: [33m120[39m,
    visible: [33mfalse[39m
  }
] ref="VTU_COMPONENT" > 
  at <VTUROOT>
[Vue warn]: Failed to resolve component: el-select
If this is a native custom element, make sure to exclude it from component resolution via compilerOptions.isCustomElement. 
  at <ColumnManager columns= [
  {
    prop: [32m'name'[39m,
    label: [32m'Name'[39m,
    width: [33m150[39m,
    defaultWidth: [33m120[39m,
    visible: [33mtrue[39m
  },
  {
    prop: [32m'code'[39m,
    label: [32m'Code'[39m,
    width: [33m120[39m,
    defaultWidth: [33m120[39m,
    visible: [33mtrue[39m
  },
  {
    prop: [32m'status'[39m,
    label: [32m'Status'[39m,
    width: [33m100[39m,
    defaultWidth: [33m100[39m,
    visible: [33mtrue[39m
  },
  {
    prop: [32m'category'[39m,
    label: [32m'Category'[39m,
    width: [33m120[39m,
    defaultWidth: [33m120[39m,
    visible: [33mfalse[39m
  }
] ref="VTU_COMPONENT" > 
  at <VTUROOT>
[Vue warn]: Failed to resolve component: el-input-number
If this is a native custom element, make sure to exclude it from component resolution via compilerOptions.isCustomElement. 
  at <ColumnManager columns= [
  {
    prop: [32m'name'[39m,
    label: [32m'Name'[39m,
    width: [33m150[39m,
    defaultWidth: [33m120[39m,
    visible: [33mtrue[39m
  },
  {
    prop: [32m'code'[39m,
    label: [32m'Code'[39m,
    width: [33m120[39m,
    defaultWidth: [33m120[39m,
    visible: [33mtrue[39m
  },
  {
    prop: [32m'status'[39m,
    label: [32m'Status'[39m,
    width: [33m100[39m,
    defaultWidth: [33m100[39m,
    visible: [33mtrue[39m
  },
  {
    prop: [32m'category'[39m,
    label: [32m'Category'[39m,
    width: [33m120[39m,
    defaultWidth: [33m120[39m,
    visible: [33mfalse[39m
  }
] ref="VTU_COMPONENT" > 
  at <VTUROOT>
[Vue warn]: Failed to resolve component: el-popover
If this is a native custom element, make sure to exclude it from component resolution via compilerOptions.isCustomElement. 
  at <ColumnManager columns= [
  {
    prop: [32m'name'[39m,
    label: [32m'Name'[39m,
    width: [33m150[39m,
    defaultWidth: [33m120[39m,
    visible: [33mtrue[39m
  },
  {
    prop: [32m'code'[39m,
    label: [32m'Code'[39m,
    width: [33m120[39m,
    defaultWidth: [33m120[39m,
    visible: [33mtrue[39m
  },
  {
    prop: [32m'status'[39m,
    label: [32m'Status'[39m,
    width: [33m100[39m,
    defaultWidth: [33m100[39m,
    visible: [33mtrue[39m
  },
  {
    prop: [32m'category'[39m,
    label: [32m'Category'[39m,
    width: [33m120[39m,
    defaultWidth: [33m120[39m,
    visible: [33mfalse[39m
  }
] ref="VTU_COMPONENT" > 
  at <VTUROOT>

[90mstderr[2m | src/__tests__/unit/components/common/DynamicTabs.spec.ts[2m > [22m[2mDynamicTabs[2m > [22m[2mshould accept custom position
[22m[39m[Vue warn]: Failed to resolve component: el-icon
If this is a native custom element, make sure to exclude it from component resolution via compilerOptions.isCustomElement. 
  at <DynamicTabs modelValue="tab1" tabs= [
  { id: [32m'tab1'[39m, name: [32m'Tab 1'[39m, title: [32m'First Tab'[39m },
  { id: [32m'tab2'[39m, name: [32m'Tab 2'[39m, title: [32m'Second Tab'[39m },
  { id: [32m'tab3'[39m, name: [32m'Tab 3'[39m, title: [32m'Third Tab'[39m, closable: [33mtrue[39m }
] position="top"  ... > 
  at <VTUROOT>
[Vue warn]: Failed to resolve component: el-badge
If this is a native custom element, make sure to exclude it from component resolution via compilerOptions.isCustomElement. 
  at <DynamicTabs modelValue="tab1" tabs= [
  { id: [32m'tab1'[39m, name: [32m'Tab 1'[39m, title: [32m'First Tab'[39m },
  { id: [32m'tab2'[39m, name: [32m'Tab 2'[39m, title: [32m'Second Tab'[39m },
  { id: [32m'tab3'[39m, name: [32m'Tab 3'[39m, title: [32m'Third Tab'[39m, closable: [33mtrue[39m }
] position="top"  ... > 
  at <VTUROOT>
[Vue warn]: Failed to resolve component: el-tab-pane
If this is a native custom element, make sure to exclude it from component resolution via compilerOptions.isCustomElement. 
  at <DynamicTabs modelValue="tab1" tabs= [
  { id: [32m'tab1'[39m, name: [32m'Tab 1'[39m, title: [32m'First Tab'[39m },
  { id: [32m'tab2'[39m, name: [32m'Tab 2'[39m, title: [32m'Second Tab'[39m },
  { id: [32m'tab3'[39m, name: [32m'Tab 3'[39m, title: [32m'Third Tab'[39m, closable: [33mtrue[39m }
] position="top"  ... > 
  at <VTUROOT>
[Vue warn]: Failed to resolve component: el-tabs
If this is a native custom element, make sure to exclude it from component resolution via compilerOptions.isCustomElement. 
  at <DynamicTabs modelValue="tab1" tabs= [
  { id: [32m'tab1'[39m, name: [32m'Tab 1'[39m, title: [32m'First Tab'[39m },
  { id: [32m'tab2'[39m, name: [32m'Tab 2'[39m, title: [32m'Second Tab'[39m },
  { id: [32m'tab3'[39m, name: [32m'Tab 3'[39m, title: [32m'Third Tab'[39m, closable: [33mtrue[39m }
] position="top"  ... > 
  at <VTUROOT>
[Vue warn]: Failed to resolve component: el-icon
If this is a native custom element, make sure to exclude it from component resolution via compilerOptions.isCustomElement. 
  at <DynamicTabs modelValue="tab1" tabs= [
  { id: [32m'tab1'[39m, name: [32m'Tab 1'[39m, title: [32m'First Tab'[39m },
  { id: [32m'tab2'[39m, name: [32m'Tab 2'[39m, title: [32m'Second Tab'[39m },
  { id: [32m'tab3'[39m, name: [32m'Tab 3'[39m, title: [32m'Third Tab'[39m, closable: [33mtrue[39m }
] position="left"  ... > 
  at <VTUROOT>
[Vue warn]: Failed to resolve component: el-badge
If this is a native custom element, make sure to exclude it from component resolution via compilerOptions.isCustomElement. 
  at <DynamicTabs modelValue="tab1" tabs= [
  { id: [32m'tab1'[39m, name: [32m'Tab 1'[39m, title: [32m'First Tab'[39m },
  { id: [32m'tab2'[39m, name: [32m'Tab 2'[39m, title: [32m'Second Tab'[39m },
  { id: [32m'tab3'[39m, name: [32m'Tab 3'[39m, title: [32m'Third Tab'[39m, closable: [33mtrue[39m }
] position="left"  ... > 
  at <VTUROOT>
[Vue warn]: Failed to resolve component: el-tab-pane
If this is a native custom element, make sure to exclude it from component resolution via compilerOptions.isCustomElement. 
  at <DynamicTabs modelValue="tab1" tabs= [
  { id: [32m'tab1'[39m, name: [32m'Tab 1'[39m, title: [32m'First Tab'[39m },
  { id: [32m'tab2'[39m, name: [32m'Tab 2'[39m, title: [32m'Second Tab'[39m },
  { id: [32m'tab3'[39m, name: [32m'Tab 3'[39m, title: [32m'Third Tab'[39m, closable: [33mtrue[39m }
] position="left"  ... > 
  at <VTUROOT>
[Vue warn]: Failed to resolve component: el-tabs
If this is a native custom element, make sure to exclude it from component resolution via compilerOptions.isCustomElement. 
  at <DynamicTabs modelValue="tab1" tabs= [
  { id: [32m'tab1'[39m, name: [32m'Tab 1'[39m, title: [32m'First Tab'[39m },
  { id: [32m'tab2'[39m, name: [32m'Tab 2'[39m, title: [32m'Second Tab'[39m },
  { id: [32m'tab3'[39m, name: [32m'Tab 3'[39m, title: [32m'Third Tab'[39m, closable: [33mtrue[39m }
] position="left"  ... > 
  at <VTUROOT>
[Vue warn]: Failed to resolve component: el-icon
If this is a native custom element, make sure to exclude it from component resolution via compilerOptions.isCustomElement. 
  at <DynamicTabs modelValue="tab1" tabs= [
  { id: [32m'tab1'[39m, name: [32m'Tab 1'[39m, title: [32m'First Tab'[39m },
  { id: [32m'tab2'[39m, name: [32m'Tab 2'[39m, title: [32m'Second Tab'[39m },
  { id: [32m'tab3'[39m, name: [32m'Tab 3'[39m, title: [32m'Third Tab'[39m, closable: [33mtrue[39m }
] position="right"  ... > 
  at <VTUROOT>
[Vue warn]: Failed to resolve component: el-badge
If this is a native custom element, make sure to exclude it from component resolution via compilerOptions.isCustomElement. 
  at <DynamicTabs modelValue="tab1" tabs= [
  { id: [32m'tab1'[39m, name: [32m'Tab 1'[39m, title: [32m'First Tab'[39m },
  { id: [32m'tab2'[39m, name: [32m'Tab 2'[39m, title: [32m'Second Tab'[39m },
  { id: [32m'tab3'[39m, name: [32m'Tab 3'[39m, title: [32m'Third Tab'[39m, closable: [33mtrue[39m }
] position="right"  ... > 
  at <VTUROOT>
[Vue warn]: Failed to resolve component: el-tab-pane
If this is a native custom element, make sure to exclude it from component resolution via compilerOptions.isCustomElement. 
  at <DynamicTabs modelValue="tab1" tabs= [
  { id: [32m'tab1'[39m, name: [32m'Tab 1'[39m, title: [32m'First Tab'[39m },
  { id: [32m'tab2'[39m, name: [32m'Tab 2'[39m, title: [32m'Second Tab'[39m },
  { id: [32m'tab3'[39m, name: [32m'Tab 3'[39m, title: [32m'Third Tab'[39m, closable: [33mtrue[39m }
] position="right"  ... > 
  at <VTUROOT>
[Vue warn]: Failed to resolve component: el-tabs
If this is a native custom element, make sure to exclude it from component resolution via compilerOptions.isCustomElement. 
  at <DynamicTabs modelValue="tab1" tabs= [
  { id: [32m'tab1'[39m, name: [32m'Tab 1'[39m, title: [32m'First Tab'[39m },
  { id: [32m'tab2'[39m, name: [32m'Tab 2'[39m, title: [32m'Second Tab'[39m },
  { id: [32m'tab3'[39m, name: [32m'Tab 3'[39m, title: [32m'Third Tab'[39m, closable: [33mtrue[39m }
] position="right"  ... > 
  at <VTUROOT>
[Vue warn]: Failed to resolve component: el-icon
If this is a native custom element, make sure to exclude it from component resolution via compilerOptions.isCustomElement. 
  at <DynamicTabs modelValue="tab1" tabs= [
  { id: [32m'tab1'[39m, name: [32m'Tab 1'[39m, title: [32m'First Tab'[39m },
  { id: [32m'tab2'[39m, name: [32m'Tab 2'[39m, title: [32m'Second Tab'[39m },
  { id: [32m'tab3'[39m, name: [32m'Tab 3'[39m, title: [32m'Third Tab'[39m, closable: [33mtrue[39m }
] position="bottom"  ... > 
  at <VTUROOT>
[Vue warn]: Failed to resolve component: el-badge
If this is a native custom element, make sure to exclude it from component resolution via compilerOptions.isCustomElement. 
  at <DynamicTabs modelValue="tab1" tabs= [
  { id: [32m'tab1'[39m, name: [32m'Tab 1'[39m, title: [32m'First Tab'[39m },
  { id: [32m'tab2'[39m, name: [32m'Tab 2'[39m, title: [32m'Second Tab'[39m },
  { id: [32m'tab3'[39m, name: [32m'Tab 3'[39m, title: [32m'Third Tab'[39m, closable: [33mtrue[39m }
] position="bottom"  ... > 
  at <VTUROOT>
[Vue warn]: Failed to resolve component: el-tab-pane
If this is a native custom element, make sure to exclude it from component resolution via compilerOptions.isCustomElement. 
  at <DynamicTabs modelValue="tab1" tabs= [
  { id: [32m'tab1'[39m, name: [32m'Tab 1'[39m, title: [32m'First Tab'[39m },
  { id: [32m'tab2'[39m, name: [32m'Tab 2'[39m, title: [32m'Second Tab'[39m },
  { id: [32m'tab3'[39m, name: [32m'Tab 3'[39m, title: [32m'Third Tab'[39m, closable: [33mtrue[39m }
] position="bottom"  ... > 
  at <VTUROOT>
[Vue warn]: Failed to resolve component: el-tabs
If this is a native custom element, make sure to exclude it from component resolution via compilerOptions.isCustomElement. 
  at <DynamicTabs modelValue="tab1" tabs= [
  { id: [32m'tab1'[39m, name: [32m'Tab 1'[39m, title: [32m'First Tab'[39m },
  { id: [32m'tab2'[39m, name: [32m'Tab 2'[39m, title: [32m'Second Tab'[39m },
  { id: [32m'tab3'[39m, name: [32m'Tab 3'[39m, title: [32m'Third Tab'[39m, closable: [33mtrue[39m }
] position="bottom"  ... > 
  at <VTUROOT>

[90mstderr[2m | src/__tests__/unit/components/common/SectionBlock.spec.ts[2m > [22m[2mSectionBlock[2m > [22m[2mshould render collapse icon when collapsible
[22m[39m[Vue warn]: Failed to resolve component: el-icon
If this is a native custom element, make sure to exclude it from component resolution via compilerOptions.isCustomElement. 
  at <SectionBlock title="Collapsible Section" collapsible=true ref="VTU_COMPONENT" > 
  at <VTUROOT>
[Vue warn]: Failed to resolve component: el-tag
If this is a native custom element, make sure to exclude it from component resolution via compilerOptions.isCustomElement. 
  at <SectionBlock title="Collapsible Section" collapsible=true ref="VTU_COMPONENT" > 
  at <VTUROOT>
[Vue warn]: Failed to resolve component: el-tooltip
If this is a native custom element, make sure to exclude it from component resolution via compilerOptions.isCustomElement. 
  at <SectionBlock title="Collapsible Section" collapsible=true ref="VTU_COMPONENT" > 
  at <VTUROOT>
[Vue warn]: Failed to resolve component: el-collapse-transition
If this is a native custom element, make sure to exclude it from component resolution via compilerOptions.isCustomElement. 
  at <SectionBlock title="Collapsible Section" collapsible=true ref="VTU_COMPONENT" > 
  at <VTUROOT>

[90mstderr[2m | src/__tests__/unit/components/common/SectionBlock.spec.ts[2m > [22m[2mSectionBlock[2m > [22m[2mshould not render collapse icon when not collapsible
[22m[39m[Vue warn]: Failed to resolve component: el-icon
If this is a native custom element, make sure to exclude it from component resolution via compilerOptions.isCustomElement. 
  at <SectionBlock title="Non-collapsible Section" collapsible=false ref="VTU_COMPONENT" > 
  at <VTUROOT>
[Vue warn]: Failed to resolve component: el-tag
If this is a native custom element, make sure to exclude it from component resolution via compilerOptions.isCustomElement. 
  at <SectionBlock title="Non-collapsible Section" collapsible=false ref="VTU_COMPONENT" > 
  at <VTUROOT>
[Vue warn]: Failed to resolve component: el-tooltip
If this is a native custom element, make sure to exclude it from component resolution via compilerOptions.isCustomElement. 
  at <SectionBlock title="Non-collapsible Section" collapsible=false ref="VTU_COMPONENT" > 
  at <VTUROOT>
[Vue warn]: Failed to resolve component: el-collapse-transition
If this is a native custom element, make sure to exclude it from component resolution via compilerOptions.isCustomElement. 
  at <SectionBlock title="Non-collapsible Section" collapsible=false ref="VTU_COMPONENT" > 
  at <VTUROOT>

[90mstderr[2m | src/__tests__/unit/components/common/SectionBlock.spec.ts[2m > [22m[2mSectionBlock[2m > [22m[2mshould toggle collapsed state
[22m[39m[Vue warn]: Failed to resolve component: el-icon
If this is a native custom element, make sure to exclude it from component resolution via compilerOptions.isCustomElement. 
  at <SectionBlock title="Toggle Section" ref="VTU_COMPONENT" > 
  at <VTUROOT>
[Vue warn]: Failed to resolve component: el-tag
If this is a native custom element, make sure to exclude it from component resolution via compilerOptions.isCustomElement. 
  at <SectionBlock title="Toggle Section" ref="VTU_COMPONENT" > 
  at <VTUROOT>
[Vue warn]: Failed to resolve component: el-tooltip
If this is a native custom element, make sure to exclude it from component resolution via compilerOptions.isCustomElement. 
  at <SectionBlock title="Toggle Section" ref="VTU_COMPONENT" > 
  at <VTUROOT>
[Vue warn]: Failed to resolve component: el-collapse-transition
If this is a native custom element, make sure to exclude it from component resolution via compilerOptions.isCustomElement. 
  at <SectionBlock title="Toggle Section" ref="VTU_COMPONENT" > 
  at <VTUROOT>

[90mstderr[2m | src/__tests__/unit/components/common/DynamicTabs.spec.ts[2m > [22m[2mDynamicTabs[2m > [22m[2mshould accept custom type style
[22m[39m[Vue warn]: Failed to resolve component: el-icon
If this is a native custom element, make sure to exclude it from component resolution via compilerOptions.isCustomElement. 
  at <DynamicTabs modelValue="tab1" tabs= [
  { id: [32m'tab1'[39m, name: [32m'Tab 1'[39m, title: [32m'First Tab'[39m },
  { id: [32m'tab2'[39m, name: [32m'Tab 2'[39m, title: [32m'Second Tab'[39m },
  { id: [32m'tab3'[39m, name: [32m'Tab 3'[39m, title: [32m'Third Tab'[39m, closable: [33mtrue[39m }
] typeStyle=""  ... > 
  at <VTUROOT>
[Vue warn]: Failed to resolve component: el-badge
If this is a native custom element, make sure to exclude it from component resolution via compilerOptions.isCustomElement. 
  at <DynamicTabs modelValue="tab1" tabs= [
  { id: [32m'tab1'[39m, name: [32m'Tab 1'[39m, title: [32m'First Tab'[39m },
  { id: [32m'tab2'[39m, name: [32m'Tab 2'[39m, title: [32m'Second Tab'[39m },
  { id: [32m'tab3'[39m, name: [32m'Tab 3'[39m, title: [32m'Third Tab'[39m, closable: [33mtrue[39m }
] typeStyle=""  ... > 
  at <VTUROOT>
[Vue warn]: Failed to resolve component: el-tab-pane
If this is a native custom element, make sure to exclude it from component resolution via compilerOptions.isCustomElement. 
  at <DynamicTabs modelValue="tab1" tabs= [
  { id: [32m'tab1'[39m, name: [32m'Tab 1'[39m, title: [32m'First Tab'[39m },
  { id: [32m'tab2'[39m, name: [32m'Tab 2'[39m, title: [32m'Second Tab'[39m },
  { id: [32m'tab3'[39m, name: [32m'Tab 3'[39m, title: [32m'Third Tab'[39m, closable: [33mtrue[39m }
] typeStyle=""  ... > 
  at <VTUROOT>
[Vue warn]: Failed to resolve component: el-tabs
If this is a native custom element, make sure to exclude it from component resolution via compilerOptions.isCustomElement. 
  at <DynamicTabs modelValue="tab1" tabs= [
  { id: [32m'tab1'[39m, name: [32m'Tab 1'[39m, title: [32m'First Tab'[39m },
  { id: [32m'tab2'[39m, name: [32m'Tab 2'[39m, title: [32m'Second Tab'[39m },
  { id: [32m'tab3'[39m, name: [32m'Tab 3'[39m, title: [32m'Third Tab'[39m, closable: [33mtrue[39m }
] typeStyle=""  ... > 
  at <VTUROOT>
[Vue warn]: Failed to resolve component: el-icon
If this is a native custom element, make sure to exclude it from component resolution via compilerOptions.isCustomElement. 
  at <DynamicTabs modelValue="tab1" tabs= [
  { id: [32m'tab1'[39m, name: [32m'Tab 1'[39m, title: [32m'First Tab'[39m },
  { id: [32m'tab2'[39m, name: [32m'Tab 2'[39m, title: [32m'Second Tab'[39m },
  { id: [32m'tab3'[39m, name: [32m'Tab 3'[39m, title: [32m'Third Tab'[39m, closable: [33mtrue[39m }
] typeStyle="card"  ... > 
  at <VTUROOT>
[Vue warn]: Failed to resolve component: el-badge
If this is a native custom element, make sure to exclude it from component resolution via compilerOptions.isCustomElement. 
  at <DynamicTabs modelValue="tab1" tabs= [
  { id: [32m'tab1'[39m, name: [32m'Tab 1'[39m, title: [32m'First Tab'[39m },
  { id: [32m'tab2'[39m, name: [32m'Tab 2'[39m, title: [32m'Second Tab'[39m },
  { id: [32m'tab3'[39m, name: [32m'Tab 3'[39m, title: [32m'Third Tab'[39m, closable: [33mtrue[39m }
] typeStyle="card"  ... > 
  at <VTUROOT>
[Vue warn]: Failed to resolve component: el-tab-pane
If this is a native custom element, make sure to exclude it from component resolution via compilerOptions.isCustomElement. 
  at <DynamicTabs modelValue="tab1" tabs= [
  { id: [32m'tab1'[39m, name: [32m'Tab 1'[39m, title: [32m'First Tab'[39m },
  { id: [32m'tab2'[39m, name: [32m'Tab 2'[39m, title: [32m'Second Tab'[39m },
  { id: [32m'tab3'[39m, name: [32m'Tab 3'[39m, title: [32m'Third Tab'[39m, closable: [33mtrue[39m }
] typeStyle="card"  ... > 
  at <VTUROOT>
[Vue warn]: Failed to resolve component: el-tabs
If this is a native custom element, make sure to exclude it from component resolution via compilerOptions.isCustomElement. 
  at <DynamicTabs modelValue="tab1" tabs= [
  { id: [32m'tab1'[39m, name: [32m'Tab 1'[39m, title: [32m'First Tab'[39m },
  { id: [32m'tab2'[39m, name: [32m'Tab 2'[39m, title: [32m'Second Tab'[39m },
  { id: [32m'tab3'[39m, name: [32m'Tab 3'[39m, title: [32m'Third Tab'[39m, closable: [33mtrue[39m }
] typeStyle="card"  ... > 
  at <VTUROOT>
[Vue warn]: Failed to resolve component: el-icon
If this is a native custom element, make sure to exclude it from component resolution via compilerOptions.isCustomElement. 
  at <DynamicTabs modelValue="tab1" tabs= [
  { id: [32m'tab1'[39m, name: [32m'Tab 1'[39m, title: [32m'First Tab'[39m },
  { id: [32m'tab2'[39m, name: [32m'Tab 2'[39m, title: [32m'Second Tab'[39m },
  { id: [32m'tab3'[39m, name: [32m'Tab 3'[39m, title: [32m'Third Tab'[39m, closable: [33mtrue[39m }
] typeStyle="border-card"  ... > 
  at <VTUROOT>
[Vue warn]: Failed to resolve component: el-badge
If this is a native custom element, make sure to exclude it from component resolution via compilerOptions.isCustomElement. 
  at <DynamicTabs modelValue="tab1" tabs= [
  { id: [32m'tab1'[39m, name: [32m'Tab 1'[39m, title: [32m'First Tab'[39m },
  { id: [32m'tab2'[39m, name: [32m'Tab 2'[39m, title: [32m'Second Tab'[39m },
  { id: [32m'tab3'[39m, name: [32m'Tab 3'[39m, title: [32m'Third Tab'[39m, closable: [33mtrue[39m }
] typeStyle="border-card"  ... > 
  at <VTUROOT>
[Vue warn]: Failed to resolve component: el-tab-pane
If this is a native custom element, make sure to exclude it from component resolution via compilerOptions.isCustomElement. 
  at <DynamicTabs modelValue="tab1" tabs= [
  { id: [32m'tab1'[39m, name: [32m'Tab 1'[39m, title: [32m'First Tab'[39m },
  { id: [32m'tab2'[39m, name: [32m'Tab 2'[39m, title: [32m'Second Tab'[39m },
  { id: [32m'tab3'[39m, name: [32m'Tab 3'[39m, title: [32m'Third Tab'[39m, closable: [33mtrue[39m }
] typeStyle="border-card"  ... > 
  at <VTUROOT>
[Vue warn]: Failed to resolve component: el-tabs
If this is a native custom element, make sure to exclude it from component resolution via compilerOptions.isCustomElement. 
  at <DynamicTabs modelValue="tab1" tabs= [
  { id: [32m'tab1'[39m, name: [32m'Tab 1'[39m, title: [32m'First Tab'[39m },
  { id: [32m'tab2'[39m, name: [32m'Tab 2'[39m, title: [32m'Second Tab'[39m },
  { id: [32m'tab3'[39m, name: [32m'Tab 3'[39m, title: [32m'Third Tab'[39m, closable: [33mtrue[39m }
] typeStyle="border-card"  ... > 
  at <VTUROOT>

[90mstderr[2m | src/__tests__/unit/components/common/DynamicTabs.spec.ts[2m > [22m[2mDynamicTabs[2m > [22m[2mshould support tab icons
[22m[39m[Vue warn]: Failed to resolve component: el-icon
If this is a native custom element, make sure to exclude it from component resolution via compilerOptions.isCustomElement. 
  at <DynamicTabs modelValue="tab1" tabs= [ { id: [32m'tab1'[39m, name: [32m'Tab 1'[39m, title: [32m'Tab with Icon'[39m, icon: [32m'Star'[39m } ] ref="VTU_COMPONENT" > 
  at <VTUROOT>
[Vue warn]: Failed to resolve component: el-badge
If this is a native custom element, make sure to exclude it from component resolution via compilerOptions.isCustomElement. 
  at <DynamicTabs modelValue="tab1" tabs= [ { id: [32m'tab1'[39m, name: [32m'Tab 1'[39m, title: [32m'Tab with Icon'[39m, icon: [32m'Star'[39m } ] ref="VTU_COMPONENT" > 
  at <VTUROOT>
[Vue warn]: Failed to resolve component: el-tab-pane
If this is a native custom element, make sure to exclude it from component resolution via compilerOptions.isCustomElement. 
  at <DynamicTabs modelValue="tab1" tabs= [ { id: [32m'tab1'[39m, name: [32m'Tab 1'[39m, title: [32m'Tab with Icon'[39m, icon: [32m'Star'[39m } ] ref="VTU_COMPONENT" > 
  at <VTUROOT>
[Vue warn]: Failed to resolve component: el-tabs
If this is a native custom element, make sure to exclude it from component resolution via compilerOptions.isCustomElement. 
  at <DynamicTabs modelValue="tab1" tabs= [ { id: [32m'tab1'[39m, name: [32m'Tab 1'[39m, title: [32m'Tab with Icon'[39m, icon: [32m'Star'[39m } ] ref="VTU_COMPONENT" > 
  at <VTUROOT>

[90mstderr[2m | src/__tests__/unit/components/common/SectionBlock.spec.ts[2m > [22m[2mSectionBlock[2m > [22m[2mshould toggle collapsed state
[22m[39m[Vue warn]: Failed to resolve component: el-icon
If this is a native custom element, make sure to exclude it from component resolution via compilerOptions.isCustomElement. 
  at <SectionBlock title="Toggle Section" ref="VTU_COMPONENT" > 
  at <VTUROOT>
[Vue warn]: Failed to resolve component: el-tag
If this is a native custom element, make sure to exclude it from component resolution via compilerOptions.isCustomElement. 
  at <SectionBlock title="Toggle Section" ref="VTU_COMPONENT" > 
  at <VTUROOT>
[Vue warn]: Failed to resolve component: el-tooltip
If this is a native custom element, make sure to exclude it from component resolution via compilerOptions.isCustomElement. 
  at <SectionBlock title="Toggle Section" ref="VTU_COMPONENT" > 
  at <VTUROOT>
[Vue warn]: Failed to resolve component: el-collapse-transition
If this is a native custom element, make sure to exclude it from component resolution via compilerOptions.isCustomElement. 
  at <SectionBlock title="Toggle Section" ref="VTU_COMPONENT" > 
  at <VTUROOT>

[90mstderr[2m | src/__tests__/unit/components/common/DynamicTabs.spec.ts[2m > [22m[2mDynamicTabs[2m > [22m[2mshould support tab badges
[22m[39m[Vue warn]: Failed to resolve component: el-icon
If this is a native custom element, make sure to exclude it from component resolution via compilerOptions.isCustomElement. 
  at <DynamicTabs modelValue="tab1" tabs= [
  { id: [32m'tab1'[39m, name: [32m'Tab 1'[39m, title: [32m'Tab with Badge'[39m, badge: [33m5[39m },
  { id: [32m'tab2'[39m, name: [32m'Tab 2'[39m, title: [32m'Tab with Zero Badge'[39m, badge: [33m0[39m }
] ref="VTU_COMPONENT" > 
  at <VTUROOT>
[Vue warn]: Failed to resolve component: el-badge
If this is a native custom element, make sure to exclude it from component resolution via compilerOptions.isCustomElement. 
  at <DynamicTabs modelValue="tab1" tabs= [
  { id: [32m'tab1'[39m, name: [32m'Tab 1'[39m, title: [32m'Tab with Badge'[39m, badge: [33m5[39m },
  { id: [32m'tab2'[39m, name: [32m'Tab 2'[39m, title: [32m'Tab with Zero Badge'[39m, badge: [33m0[39m }
] ref="VTU_COMPONENT" > 
  at <VTUROOT>
[Vue warn]: Failed to resolve component: el-tab-pane
If this is a native custom element, make sure to exclude it from component resolution via compilerOptions.isCustomElement. 
  at <DynamicTabs modelValue="tab1" tabs= [
  { id: [32m'tab1'[39m, name: [32m'Tab 1'[39m, title: [32m'Tab with Badge'[39m, badge: [33m5[39m },
  { id: [32m'tab2'[39m, name: [32m'Tab 2'[39m, title: [32m'Tab with Zero Badge'[39m, badge: [33m0[39m }
] ref="VTU_COMPONENT" > 
  at <VTUROOT>
[Vue warn]: Failed to resolve component: el-tabs
If this is a native custom element, make sure to exclude it from component resolution via compilerOptions.isCustomElement. 
  at <DynamicTabs modelValue="tab1" tabs= [
  { id: [32m'tab1'[39m, name: [32m'Tab 1'[39m, title: [32m'Tab with Badge'[39m, badge: [33m5[39m },
  { id: [32m'tab2'[39m, name: [32m'Tab 2'[39m, title: [32m'Tab with Zero Badge'[39m, badge: [33m0[39m }
] ref="VTU_COMPONENT" > 
  at <VTUROOT>

[90mstderr[2m | src/__tests__/unit/components/common/ColumnManager.spec.ts[2m > [22m[2mColumnManager[2m > [22m[2mshould initialize internal columns from props
[22m[39m[Vue warn]: Failed to resolve component: el-button
If this is a native custom element, make sure to exclude it from component resolution via compilerOptions.isCustomElement. 
  at <ColumnManager columns= [
  {
    prop: [32m'name'[39m,
    label: [32m'Name'[39m,
    width: [33m150[39m,
    defaultWidth: [33m120[39m,
    visible: [33mtrue[39m
  },
  {
    prop: [32m'code'[39m,
    label: [32m'Code'[39m,
    width: [33m120[39m,
    defaultWidth: [33m120[39m,
    visible: [33mtrue[39m
  },
  {
    prop: [32m'status'[39m,
    label: [32m'Status'[39m,
    width: [33m100[39m,
    defaultWidth: [33m100[39m,
    visible: [33mtrue[39m
  },
  {
    prop: [32m'category'[39m,
    label: [32m'Category'[39m,
    width: [33m120[39m,
    defaultWidth: [33m120[39m,
    visible: [33mfalse[39m
  }
] ref="VTU_COMPONENT" > 
  at <VTUROOT>
[Vue warn]: Failed to resolve component: el-tooltip
If this is a native custom element, make sure to exclude it from component resolution via compilerOptions.isCustomElement. 
  at <ColumnManager columns= [
  {
    prop: [32m'name'[39m,
    label: [32m'Name'[39m,
    width: [33m150[39m,
    defaultWidth: [33m120[39m,
    visible: [33mtrue[39m
  },
  {
    prop: [32m'code'[39m,
    label: [32m'Code'[39m,
    width: [33m120[39m,
    defaultWidth: [33m120[39m,
    visible: [33mtrue[39m
  },
  {
    prop: [32m'status'[39m,
    label: [32m'Status'[39m,
    width: [33m100[39m,
    defaultWidth: [33m100[39m,
    visible: [33mtrue[39m
  },
  {
    prop: [32m'category'[39m,
    label: [32m'Category'[39m,
    width: [33m120[39m,
    defaultWidth: [33m120[39m,
    visible: [33mfalse[39m
  }
] ref="VTU_COMPONENT" > 
  at <VTUROOT>
[Vue warn]: Failed to resolve component: el-divider
If this is a native custom element, make sure to exclude it from component resolution via compilerOptions.isCustomElement. 
  at <ColumnManager columns= [
  {
    prop: [32m'name'[39m,
    label: [32m'Name'[39m,
    width: [33m150[39m,
    defaultWidth: [33m120[39m,
    visible: [33mtrue[39m
  },
  {
    prop: [32m'code'[39m,
    label: [32m'Code'[39m,
    width: [33m120[39m,
    defaultWidth: [33m120[39m,
    visible: [33mtrue[39m
  },
  {
    prop: [32m'status'[39m,
    label: [32m'Status'[39m,
    width: [33m100[39m,
    defaultWidth: [33m100[39m,
    visible: [33mtrue[39m
  },
  {
    prop: [32m'category'[39m,
    label: [32m'Category'[39m,
    width: [33m120[39m,
    defaultWidth: [33m120[39m,
    visible: [33mfalse[39m
  }
] ref="VTU_COMPONENT" > 
  at <VTUROOT>
[Vue warn]: Failed to resolve component: el-icon
If this is a native custom element, make sure to exclude it from component resolution via compilerOptions.isCustomElement. 
  at <ColumnManager columns= [
  {
    prop: [32m'name'[39m,
    label: [32m'Name'[39m,
    width: [33m150[39m,
    defaultWidth: [33m120[39m,
    visible: [33mtrue[39m
  },
  {
    prop: [32m'code'[39m,
    label: [32m'Code'[39m,
    width: [33m120[39m,
    defaultWidth: [33m120[39m,
    visible: [33mtrue[39m
  },
  {
    prop: [32m'status'[39m,
    label: [32m'Status'[39m,
    width: [33m100[39m,
    defaultWidth: [33m100[39m,
    visible: [33mtrue[39m
  },
  {
    prop: [32m'category'[39m,
    label: [32m'Category'[39m,
    width: [33m120[39m,
    defaultWidth: [33m120[39m,
    visible: [33mfalse[39m
  }
] ref="VTU_COMPONENT" > 
  at <VTUROOT>
[Vue warn]: Failed to resolve component: el-checkbox
If this is a native custom element, make sure to exclude it from component resolution via compilerOptions.isCustomElement. 
  at <ColumnManager columns= [
  {
    prop: [32m'name'[39m,
    label: [32m'Name'[39m,
    width: [33m150[39m,
    defaultWidth: [33m120[39m,
    visible: [33mtrue[39m
  },
  {
    prop: [32m'code'[39m,
    label: [32m'Code'[39m,
    width: [33m120[39m,
    defaultWidth: [33m120[39m,
    visible: [33mtrue[39m
  },
  {
    prop: [32m'status'[39m,
    label: [32m'Status'[39m,
    width: [33m100[39m,
    defaultWidth: [33m100[39m,
    visible: [33mtrue[39m
  },
  {
    prop: [32m'category'[39m,
    label: [32m'Category'[39m,
    width: [33m120[39m,
    defaultWidth: [33m120[39m,
    visible: [33mfalse[39m
  }
] ref="VTU_COMPONENT" > 
  at <VTUROOT>
[Vue warn]: Failed to resolve component: el-option
If this is a native custom element, make sure to exclude it from component resolution via compilerOptions.isCustomElement. 
  at <ColumnManager columns= [
  {
    prop: [32m'name'[39m,
    label: [32m'Name'[39m,
    width: [33m150[39m,
    defaultWidth: [33m120[39m,
    visible: [33mtrue[39m
  },
  {
    prop: [32m'code'[39m,
    label: [32m'Code'[39m,
    width: [33m120[39m,
    defaultWidth: [33m120[39m,
    visible: [33mtrue[39m
  },
  {
    prop: [32m'status'[39m,
    label: [32m'Status'[39m,
    width: [33m100[39m,
    defaultWidth: [33m100[39m,
    visible: [33mtrue[39m
  },
  {
    prop: [32m'category'[39m,
    label: [32m'Category'[39m,
    width: [33m120[39m,
    defaultWidth: [33m120[39m,
    visible: [33mfalse[39m
  }
] ref="VTU_COMPONENT" > 
  at <VTUROOT>
[Vue warn]: Failed to resolve component: el-select
If this is a native custom element, make sure to exclude it from component resolution via compilerOptions.isCustomElement. 
  at <ColumnManager columns= [
  {
    prop: [32m'name'[39m,
    label: [32m'Name'[39m,
    width: [33m150[39m,
    defaultWidth: [33m120[39m,
    visible: [33mtrue[39m
  },
  {
    prop: [32m'code'[39m,
    label: [32m'Code'[39m,
    width: [33m120[39m,
    defaultWidth: [33m120[39m,
    visible: [33mtrue[39m
  },
  {
    prop: [32m'status'[39m,
    label: [32m'Status'[39m,
    width: [33m100[39m,
    defaultWidth: [33m100[39m,
    visible: [33mtrue[39m
  },
  {
    prop: [32m'category'[39m,
    label: [32m'Category'[39m,
    width: [33m120[39m,
    defaultWidth: [33m120[39m,
    visible: [33mfalse[39m
  }
] ref="VTU_COMPONENT" > 
  at <VTUROOT>
[Vue warn]: Failed to resolve component: el-input-number
If this is a native custom element, make sure to exclude it from component resolution via compilerOptions.isCustomElement. 
  at <ColumnManager columns= [
  {
    prop: [32m'name'[39m,
    label: [32m'Name'[39m,
    width: [33m150[39m,
    defaultWidth: [33m120[39m,
    visible: [33mtrue[39m
  },
  {
    prop: [32m'code'[39m,
    label: [32m'Code'[39m,
    width: [33m120[39m,
    defaultWidth: [33m120[39m,
    visible: [33mtrue[39m
  },
  {
    prop: [32m'status'[39m,
    label: [32m'Status'[39m,
    width: [33m100[39m,
    defaultWidth: [33m100[39m,
    visible: [33mtrue[39m
  },
  {
    prop: [32m'category'[39m,
    label: [32m'Category'[39m,
    width: [33m120[39m,
    defaultWidth: [33m120[39m,
    visible: [33mfalse[39m
  }
] ref="VTU_COMPONENT" > 
  at <VTUROOT>
[Vue warn]: Failed to resolve component: el-popover
If this is a native custom element, make sure to exclude it from component resolution via compilerOptions.isCustomElement. 
  at <ColumnManager columns= [
  {
    prop: [32m'name'[39m,
    label: [32m'Name'[39m,
    width: [33m150[39m,
    defaultWidth: [33m120[39m,
    visible: [33mtrue[39m
  },
  {
    prop: [32m'code'[39m,
    label: [32m'Code'[39m,
    width: [33m120[39m,
    defaultWidth: [33m120[39m,
    visible: [33mtrue[39m
  },
  {
    prop: [32m'status'[39m,
    label: [32m'Status'[39m,
    width: [33m100[39m,
    defaultWidth: [33m100[39m,
    visible: [33mtrue[39m
  },
  {
    prop: [32m'category'[39m,
    label: [32m'Category'[39m,
    width: [33m120[39m,
    defaultWidth: [33m120[39m,
    visible: [33mfalse[39m
  }
] ref="VTU_COMPONENT" > 
  at <VTUROOT>

[90mstderr[2m | src/__tests__/unit/components/common/SectionBlock.spec.ts[2m > [22m[2mSectionBlock[2m > [22m[2mshould not toggle when not collapsible
[22m[39m[Vue warn]: Failed to resolve component: el-icon
If this is a native custom element, make sure to exclude it from component resolution via compilerOptions.isCustomElement. 
  at <SectionBlock title="Non-collapsible" collapsible=false ref="VTU_COMPONENT" > 
  at <VTUROOT>
[Vue warn]: Failed to resolve component: el-tag
If this is a native custom element, make sure to exclude it from component resolution via compilerOptions.isCustomElement. 
  at <SectionBlock title="Non-collapsible" collapsible=false ref="VTU_COMPONENT" > 
  at <VTUROOT>
[Vue warn]: Failed to resolve component: el-tooltip
If this is a native custom element, make sure to exclude it from component resolution via compilerOptions.isCustomElement. 
  at <SectionBlock title="Non-collapsible" collapsible=false ref="VTU_COMPONENT" > 
  at <VTUROOT>
[Vue warn]: Failed to resolve component: el-collapse-transition
If this is a native custom element, make sure to exclude it from component resolution via compilerOptions.isCustomElement. 
  at <SectionBlock title="Non-collapsible" collapsible=false ref="VTU_COMPONENT" > 
  at <VTUROOT>

[90mstderr[2m | src/__tests__/unit/components/common/DynamicTabs.spec.ts[2m > [22m[2mDynamicTabs[2m > [22m[2mshould support disabled tabs
[22m[39m[Vue warn]: Failed to resolve component: el-icon
If this is a native custom element, make sure to exclude it from component resolution via compilerOptions.isCustomElement. 
  at <DynamicTabs modelValue="tab1" tabs= [
  { id: [32m'tab1'[39m, name: [32m'Tab 1'[39m, title: [32m'Normal Tab'[39m },
  { id: [32m'tab2'[39m, name: [32m'Tab 2'[39m, title: [32m'Disabled Tab'[39m, disabled: [33mtrue[39m }
] ref="VTU_COMPONENT" > 
  at <VTUROOT>
[Vue warn]: Failed to resolve component: el-badge
If this is a native custom element, make sure to exclude it from component resolution via compilerOptions.isCustomElement. 
  at <DynamicTabs modelValue="tab1" tabs= [
  { id: [32m'tab1'[39m, name: [32m'Tab 1'[39m, title: [32m'Normal Tab'[39m },
  { id: [32m'tab2'[39m, name: [32m'Tab 2'[39m, title: [32m'Disabled Tab'[39m, disabled: [33mtrue[39m }
] ref="VTU_COMPONENT" > 
  at <VTUROOT>
[Vue warn]: Failed to resolve component: el-tab-pane
If this is a native custom element, make sure to exclude it from component resolution via compilerOptions.isCustomElement. 
  at <DynamicTabs modelValue="tab1" tabs= [
  { id: [32m'tab1'[39m, name: [32m'Tab 1'[39m, title: [32m'Normal Tab'[39m },
  { id: [32m'tab2'[39m, name: [32m'Tab 2'[39m, title: [32m'Disabled Tab'[39m, disabled: [33mtrue[39m }
] ref="VTU_COMPONENT" > 
  at <VTUROOT>
[Vue warn]: Failed to resolve component: el-tabs
If this is a native custom element, make sure to exclude it from component resolution via compilerOptions.isCustomElement. 
  at <DynamicTabs modelValue="tab1" tabs= [
  { id: [32m'tab1'[39m, name: [32m'Tab 1'[39m, title: [32m'Normal Tab'[39m },
  { id: [32m'tab2'[39m, name: [32m'Tab 2'[39m, title: [32m'Disabled Tab'[39m, disabled: [33mtrue[39m }
] ref="VTU_COMPONENT" > 
  at <VTUROOT>

[90mstderr[2m | src/__tests__/unit/components/common/SectionBlock.spec.ts[2m > [22m[2mSectionBlock[2m > [22m[2mshould emit update:modelValue when v-model used
[22m[39m[Vue warn]: Failed to resolve component: el-icon
If this is a native custom element, make sure to exclude it from component resolution via compilerOptions.isCustomElement. 
  at <SectionBlock title="Test" modelValue=false ref="VTU_COMPONENT" > 
  at <VTUROOT>
[Vue warn]: Failed to resolve component: el-tag
If this is a native custom element, make sure to exclude it from component resolution via compilerOptions.isCustomElement. 
  at <SectionBlock title="Test" modelValue=false ref="VTU_COMPONENT" > 
  at <VTUROOT>
[Vue warn]: Failed to resolve component: el-tooltip
If this is a native custom element, make sure to exclude it from component resolution via compilerOptions.isCustomElement. 
  at <SectionBlock title="Test" modelValue=false ref="VTU_COMPONENT" > 
  at <VTUROOT>
[Vue warn]: Failed to resolve component: el-collapse-transition
If this is a native custom element, make sure to exclude it from component resolution via compilerOptions.isCustomElement. 
  at <SectionBlock title="Test" modelValue=false ref="VTU_COMPONENT" > 
  at <VTUROOT>

[90mstderr[2m | src/__tests__/unit/components/common/DynamicTabs.spec.ts[2m > [22m[2mDynamicTabs[2m > [22m[2mshould support lazy loading tabs
[22m[39m[Vue warn]: Failed to resolve component: el-icon
If this is a native custom element, make sure to exclude it from component resolution via compilerOptions.isCustomElement. 
  at <DynamicTabs modelValue="tab1" tabs= [
  { id: [32m'tab1'[39m, name: [32m'Tab 1'[39m, title: [32m'Eager Tab'[39m, lazy: [33mtrue[39m },
  { id: [32m'tab2'[39m, name: [32m'Tab 2'[39m, title: [32m'Default Lazy Tab'[39m }
] ref="VTU_COMPONENT" > 
  at <VTUROOT>
[Vue warn]: Failed to resolve component: el-badge
If this is a native custom element, make sure to exclude it from component resolution via compilerOptions.isCustomElement. 
  at <DynamicTabs modelValue="tab1" tabs= [
  { id: [32m'tab1'[39m, name: [32m'Tab 1'[39m, title: [32m'Eager Tab'[39m, lazy: [33mtrue[39m },
  { id: [32m'tab2'[39m, name: [32m'Tab 2'[39m, title: [32m'Default Lazy Tab'[39m }
] ref="VTU_COMPONENT" > 
  at <VTUROOT>
[Vue warn]: Failed to resolve component: el-tab-pane
If this is a native custom element, make sure to exclude it from component resolution via compilerOptions.isCustomElement. 
  at <DynamicTabs modelValue="tab1" tabs= [
  { id: [32m'tab1'[39m, name: [32m'Tab 1'[39m, title: [32m'Eager Tab'[39m, lazy: [33mtrue[39m },
  { id: [32m'tab2'[39m, name: [32m'Tab 2'[39m, title: [32m'Default Lazy Tab'[39m }
] ref="VTU_COMPONENT" > 
  at <VTUROOT>
[Vue warn]: Failed to resolve component: el-tabs
If this is a native custom element, make sure to exclude it from component resolution via compilerOptions.isCustomElement. 
  at <DynamicTabs modelValue="tab1" tabs= [
  { id: [32m'tab1'[39m, name: [32m'Tab 1'[39m, title: [32m'Eager Tab'[39m, lazy: [33mtrue[39m },
  { id: [32m'tab2'[39m, name: [32m'Tab 2'[39m, title: [32m'Default Lazy Tab'[39m }
] ref="VTU_COMPONENT" > 
  at <VTUROOT>

[90mstderr[2m | src/__tests__/unit/components/common/SectionBlock.spec.ts[2m > [22m[2mSectionBlock[2m > [22m[2mshould emit update:modelValue when v-model used
[22m[39m[Vue warn]: Failed to resolve component: el-icon
If this is a native custom element, make sure to exclude it from component resolution via compilerOptions.isCustomElement. 
  at <SectionBlock title="Test" modelValue=false ref="VTU_COMPONENT" > 
  at <VTUROOT>
[Vue warn]: Failed to resolve component: el-tag
If this is a native custom element, make sure to exclude it from component resolution via compilerOptions.isCustomElement. 
  at <SectionBlock title="Test" modelValue=false ref="VTU_COMPONENT" > 
  at <VTUROOT>
[Vue warn]: Failed to resolve component: el-tooltip
If this is a native custom element, make sure to exclude it from component resolution via compilerOptions.isCustomElement. 
  at <SectionBlock title="Test" modelValue=false ref="VTU_COMPONENT" > 
  at <VTUROOT>
[Vue warn]: Failed to resolve component: el-collapse-transition
If this is a native custom element, make sure to exclude it from component resolution via compilerOptions.isCustomElement. 
  at <SectionBlock title="Test" modelValue=false ref="VTU_COMPONENT" > 
  at <VTUROOT>

[90mstderr[2m | src/__tests__/unit/components/common/ColumnManager.spec.ts[2m > [22m[2mColumnManager[2m > [22m[2mshould calculate allVisible correctly
[22m[39m[Vue warn]: Failed to resolve component: el-button
If this is a native custom element, make sure to exclude it from component resolution via compilerOptions.isCustomElement. 
  at <ColumnManager columns= [
  {
    prop: [32m'name'[39m,
    label: [32m'Name'[39m,
    width: [33m150[39m,
    defaultWidth: [33m120[39m,
    visible: [33mtrue[39m
  },
  {
    prop: [32m'code'[39m,
    label: [32m'Code'[39m,
    width: [33m120[39m,
    defaultWidth: [33m120[39m,
    visible: [33mtrue[39m
  },
  {
    prop: [32m'status'[39m,
    label: [32m'Status'[39m,
    width: [33m100[39m,
    defaultWidth: [33m100[39m,
    visible: [33mtrue[39m
  },
  {
    prop: [32m'category'[39m,
    label: [32m'Category'[39m,
    width: [33m120[39m,
    defaultWidth: [33m120[39m,
    visible: [33mfalse[39m
  }
] ref="VTU_COMPONENT" > 
  at <VTUROOT>
[Vue warn]: Failed to resolve component: el-tooltip
If this is a native custom element, make sure to exclude it from component resolution via compilerOptions.isCustomElement. 
  at <ColumnManager columns= [
  {
    prop: [32m'name'[39m,
    label: [32m'Name'[39m,
    width: [33m150[39m,
    defaultWidth: [33m120[39m,
    visible: [33mtrue[39m
  },
  {
    prop: [32m'code'[39m,
    label: [32m'Code'[39m,
    width: [33m120[39m,
    defaultWidth: [33m120[39m,
    visible: [33mtrue[39m
  },
  {
    prop: [32m'status'[39m,
    label: [32m'Status'[39m,
    width: [33m100[39m,
    defaultWidth: [33m100[39m,
    visible: [33mtrue[39m
  },
  {
    prop: [32m'category'[39m,
    label: [32m'Category'[39m,
    width: [33m120[39m,
    defaultWidth: [33m120[39m,
    visible: [33mfalse[39m
  }
] ref="VTU_COMPONENT" > 
  at <VTUROOT>
[Vue warn]: Failed to resolve component: el-divider
If this is a native custom element, make sure to exclude it from component resolution via compilerOptions.isCustomElement. 
  at <ColumnManager columns= [
  {
    prop: [32m'name'[39m,
    label: [32m'Name'[39m,
    width: [33m150[39m,
    defaultWidth: [33m120[39m,
    visible: [33mtrue[39m
  },
  {
    prop: [32m'code'[39m,
    label: [32m'Code'[39m,
    width: [33m120[39m,
    defaultWidth: [33m120[39m,
    visible: [33mtrue[39m
  },
  {
    prop: [32m'status'[39m,
    label: [32m'Status'[39m,
    width: [33m100[39m,
    defaultWidth: [33m100[39m,
    visible: [33mtrue[39m
  },
  {
    prop: [32m'category'[39m,
    label: [32m'Category'[39m,
    width: [33m120[39m,
    defaultWidth: [33m120[39m,
    visible: [33mfalse[39m
  }
] ref="VTU_COMPONENT" > 
  at <VTUROOT>
[Vue warn]: Failed to resolve component: el-icon
If this is a native custom element, make sure to exclude it from component resolution via compilerOptions.isCustomElement. 
  at <ColumnManager columns= [
  {
    prop: [32m'name'[39m,
    label: [32m'Name'[39m,
    width: [33m150[39m,
    defaultWidth: [33m120[39m,
    visible: [33mtrue[39m
  },
  {
    prop: [32m'code'[39m,
    label: [32m'Code'[39m,
    width: [33m120[39m,
    defaultWidth: [33m120[39m,
    visible: [33mtrue[39m
  },
  {
    prop: [32m'status'[39m,
    label: [32m'Status'[39m,
    width: [33m100[39m,
    defaultWidth: [33m100[39m,
    visible: [33mtrue[39m
  },
  {
    prop: [32m'category'[39m,
    label: [32m'Category'[39m,
    width: [33m120[39m,
    defaultWidth: [33m120[39m,
    visible: [33mfalse[39m
  }
] ref="VTU_COMPONENT" > 
  at <VTUROOT>
[Vue warn]: Failed to resolve component: el-checkbox
If this is a native custom element, make sure to exclude it from component resolution via compilerOptions.isCustomElement. 
  at <ColumnManager columns= [
  {
    prop: [32m'name'[39m,
    label: [32m'Name'[39m,
    width: [33m150[39m,
    defaultWidth: [33m120[39m,
    visible: [33mtrue[39m
  },
  {
    prop: [32m'code'[39m,
    label: [32m'Code'[39m,
    width: [33m120[39m,
    defaultWidth: [33m120[39m,
    visible: [33mtrue[39m
  },
  {
    prop: [32m'status'[39m,
    label: [32m'Status'[39m,
    width: [33m100[39m,
    defaultWidth: [33m100[39m,
    visible: [33mtrue[39m
  },
  {
    prop: [32m'category'[39m,
    label: [32m'Category'[39m,
    width: [33m120[39m,
    defaultWidth: [33m120[39m,
    visible: [33mfalse[39m
  }
] ref="VTU_COMPONENT" > 
  at <VTUROOT>
[Vue warn]: Failed to resolve component: el-option
If this is a native custom element, make sure to exclude it from component resolution via compilerOptions.isCustomElement. 
  at <ColumnManager columns= [
  {
    prop: [32m'name'[39m,
    label: [32m'Name'[39m,
    width: [33m150[39m,
    defaultWidth: [33m120[39m,
    visible: [33mtrue[39m
  },
  {
    prop: [32m'code'[39m,
    label: [32m'Code'[39m,
    width: [33m120[39m,
    defaultWidth: [33m120[39m,
    visible: [33mtrue[39m
  },
  {
    prop: [32m'status'[39m,
    label: [32m'Status'[39m,
    width: [33m100[39m,
    defaultWidth: [33m100[39m,
    visible: [33mtrue[39m
  },
  {
    prop: [32m'category'[39m,
    label: [32m'Category'[39m,
    width: [33m120[39m,
    defaultWidth: [33m120[39m,
    visible: [33mfalse[39m
  }
] ref="VTU_COMPONENT" > 
  at <VTUROOT>
[Vue warn]: Failed to resolve component: el-select
If this is a native custom element, make sure to exclude it from component resolution via compilerOptions.isCustomElement. 
  at <ColumnManager columns= [
  {
    prop: [32m'name'[39m,
    label: [32m'Name'[39m,
    width: [33m150[39m,
    defaultWidth: [33m120[39m,
    visible: [33mtrue[39m
  },
  {
    prop: [32m'code'[39m,
    label: [32m'Code'[39m,
    width: [33m120[39m,
    defaultWidth: [33m120[39m,
    visible: [33mtrue[39m
  },
  {
    prop: [32m'status'[39m,
    label: [32m'Status'[39m,
    width: [33m100[39m,
    defaultWidth: [33m100[39m,
    visible: [33mtrue[39m
  },
  {
    prop: [32m'category'[39m,
    label: [32m'Category'[39m,
    width: [33m120[39m,
    defaultWidth: [33m120[39m,
    visible: [33mfalse[39m
  }
] ref="VTU_COMPONENT" > 
  at <VTUROOT>
[Vue warn]: Failed to resolve component: el-input-number
If this is a native custom element, make sure to exclude it from component resolution via compilerOptions.isCustomElement. 
  at <ColumnManager columns= [
  {
    prop: [32m'name'[39m,
    label: [32m'Name'[39m,
    width: [33m150[39m,
    defaultWidth: [33m120[39m,
    visible: [33mtrue[39m
  },
  {
    prop: [32m'code'[39m,
    label: [32m'Code'[39m,
    width: [33m120[39m,
    defaultWidth: [33m120[39m,
    visible: [33mtrue[39m
  },
  {
    prop: [32m'status'[39m,
    label: [32m'Status'[39m,
    width: [33m100[39m,
    defaultWidth: [33m100[39m,
    visible: [33mtrue[39m
  },
  {
    prop: [32m'category'[39m,
    label: [32m'Category'[39m,
    width: [33m120[39m,
    defaultWidth: [33m120[39m,
    visible: [33mfalse[39m
  }
] ref="VTU_COMPONENT" > 
  at <VTUROOT>
[Vue warn]: Failed to resolve component: el-popover
If this is a native custom element, make sure to exclude it from component resolution via compilerOptions.isCustomElement. 
  at <ColumnManager columns= [
  {
    prop: [32m'name'[39m,
    label: [32m'Name'[39m,
    width: [33m150[39m,
    defaultWidth: [33m120[39m,
    visible: [33mtrue[39m
  },
  {
    prop: [32m'code'[39m,
    label: [32m'Code'[39m,
    width: [33m120[39m,
    defaultWidth: [33m120[39m,
    visible: [33mtrue[39m
  },
  {
    prop: [32m'status'[39m,
    label: [32m'Status'[39m,
    width: [33m100[39m,
    defaultWidth: [33m100[39m,
    visible: [33mtrue[39m
  },
  {
    prop: [32m'category'[39m,
    label: [32m'Category'[39m,
    width: [33m120[39m,
    defaultWidth: [33m120[39m,
    visible: [33mfalse[39m
  }
] ref="VTU_COMPONENT" > 
  at <VTUROOT>

[90mstderr[2m | src/__tests__/unit/components/common/DynamicTabs.spec.ts[2m > [22m[2mDynamicTabs[2m > [22m[2mshould emit update:modelValue when activeTab changes
[22m[39m[Vue warn]: Failed to resolve component: el-icon
If this is a native custom element, make sure to exclude it from component resolution via compilerOptions.isCustomElement. 
  at <DynamicTabs modelValue="tab1" tabs= [
  { id: [32m'tab1'[39m, name: [32m'Tab 1'[39m, title: [32m'First Tab'[39m },
  { id: [32m'tab2'[39m, name: [32m'Tab 2'[39m, title: [32m'Second Tab'[39m },
  { id: [32m'tab3'[39m, name: [32m'Tab 3'[39m, title: [32m'Third Tab'[39m, closable: [33mtrue[39m }
] ref="VTU_COMPONENT" > 
  at <VTUROOT>
[Vue warn]: Failed to resolve component: el-badge
If this is a native custom element, make sure to exclude it from component resolution via compilerOptions.isCustomElement. 
  at <DynamicTabs modelValue="tab1" tabs= [
  { id: [32m'tab1'[39m, name: [32m'Tab 1'[39m, title: [32m'First Tab'[39m },
  { id: [32m'tab2'[39m, name: [32m'Tab 2'[39m, title: [32m'Second Tab'[39m },
  { id: [32m'tab3'[39m, name: [32m'Tab 3'[39m, title: [32m'Third Tab'[39m, closable: [33mtrue[39m }
] ref="VTU_COMPONENT" > 
  at <VTUROOT>
[Vue warn]: Failed to resolve component: el-tab-pane
If this is a native custom element, make sure to exclude it from component resolution via compilerOptions.isCustomElement. 
  at <DynamicTabs modelValue="tab1" tabs= [
  { id: [32m'tab1'[39m, name: [32m'Tab 1'[39m, title: [32m'First Tab'[39m },
  { id: [32m'tab2'[39m, name: [32m'Tab 2'[39m, title: [32m'Second Tab'[39m },
  { id: [32m'tab3'[39m, name: [32m'Tab 3'[39m, title: [32m'Third Tab'[39m, closable: [33mtrue[39m }
] ref="VTU_COMPONENT" > 
  at <VTUROOT>
[Vue warn]: Failed to resolve component: el-tabs
If this is a native custom element, make sure to exclude it from component resolution via compilerOptions.isCustomElement. 
  at <DynamicTabs modelValue="tab1" tabs= [
  { id: [32m'tab1'[39m, name: [32m'Tab 1'[39m, title: [32m'First Tab'[39m },
  { id: [32m'tab2'[39m, name: [32m'Tab 2'[39m, title: [32m'Second Tab'[39m },
  { id: [32m'tab3'[39m, name: [32m'Tab 3'[39m, title: [32m'Third Tab'[39m, closable: [33mtrue[39m }
] ref="VTU_COMPONENT" > 
  at <VTUROOT>

[90mstderr[2m | src/__tests__/unit/components/common/SectionBlock.spec.ts[2m > [22m[2mSectionBlock[2m > [22m[2mshould sync isCollapsed with modelValue prop changes
[22m[39m[Vue warn]: Failed to resolve component: el-icon
If this is a native custom element, make sure to exclude it from component resolution via compilerOptions.isCustomElement. 
  at <SectionBlock title="Test" modelValue=false ref="VTU_COMPONENT" > 
  at <VTUROOT>
[Vue warn]: Failed to resolve component: el-tag
If this is a native custom element, make sure to exclude it from component resolution via compilerOptions.isCustomElement. 
  at <SectionBlock title="Test" modelValue=false ref="VTU_COMPONENT" > 
  at <VTUROOT>
[Vue warn]: Failed to resolve component: el-tooltip
If this is a native custom element, make sure to exclude it from component resolution via compilerOptions.isCustomElement. 
  at <SectionBlock title="Test" modelValue=false ref="VTU_COMPONENT" > 
  at <VTUROOT>
[Vue warn]: Failed to resolve component: el-collapse-transition
If this is a native custom element, make sure to exclude it from component resolution via compilerOptions.isCustomElement. 
  at <SectionBlock title="Test" modelValue=false ref="VTU_COMPONENT" > 
  at <VTUROOT>

[90mstderr[2m | src/__tests__/unit/components/common/DynamicTabs.spec.ts[2m > [22m[2mDynamicTabs[2m > [22m[2mshould emit remove event when tab is removed
[22m[39m[Vue warn]: Failed to resolve component: el-icon
If this is a native custom element, make sure to exclude it from component resolution via compilerOptions.isCustomElement. 
  at <DynamicTabs modelValue="tab1" tabs= [
  { id: [32m'tab1'[39m, name: [32m'Tab 1'[39m, title: [32m'First Tab'[39m },
  { id: [32m'tab2'[39m, name: [32m'Tab 2'[39m, title: [32m'Second Tab'[39m },
  { id: [32m'tab3'[39m, name: [32m'Tab 3'[39m, title: [32m'Third Tab'[39m, closable: [33mtrue[39m }
] ref="VTU_COMPONENT" > 
  at <VTUROOT>
[Vue warn]: Failed to resolve component: el-badge
If this is a native custom element, make sure to exclude it from component resolution via compilerOptions.isCustomElement. 
  at <DynamicTabs modelValue="tab1" tabs= [
  { id: [32m'tab1'[39m, name: [32m'Tab 1'[39m, title: [32m'First Tab'[39m },
  { id: [32m'tab2'[39m, name: [32m'Tab 2'[39m, title: [32m'Second Tab'[39m },
  { id: [32m'tab3'[39m, name: [32m'Tab 3'[39m, title: [32m'Third Tab'[39m, closable: [33mtrue[39m }
] ref="VTU_COMPONENT" > 
  at <VTUROOT>
[Vue warn]: Failed to resolve component: el-tab-pane
If this is a native custom element, make sure to exclude it from component resolution via compilerOptions.isCustomElement. 
  at <DynamicTabs modelValue="tab1" tabs= [
  { id: [32m'tab1'[39m, name: [32m'Tab 1'[39m, title: [32m'First Tab'[39m },
  { id: [32m'tab2'[39m, name: [32m'Tab 2'[39m, title: [32m'Second Tab'[39m },
  { id: [32m'tab3'[39m, name: [32m'Tab 3'[39m, title: [32m'Third Tab'[39m, closable: [33mtrue[39m }
] ref="VTU_COMPONENT" > 
  at <VTUROOT>
[Vue warn]: Failed to resolve component: el-tabs
If this is a native custom element, make sure to exclude it from component resolution via compilerOptions.isCustomElement. 
  at <DynamicTabs modelValue="tab1" tabs= [
  { id: [32m'tab1'[39m, name: [32m'Tab 1'[39m, title: [32m'First Tab'[39m },
  { id: [32m'tab2'[39m, name: [32m'Tab 2'[39m, title: [32m'Second Tab'[39m },
  { id: [32m'tab3'[39m, name: [32m'Tab 3'[39m, title: [32m'Third Tab'[39m, closable: [33mtrue[39m }
] ref="VTU_COMPONENT" > 
  at <VTUROOT>

[90mstderr[2m | src/__tests__/unit/components/common/SectionBlock.spec.ts[2m > [22m[2mSectionBlock[2m > [22m[2mshould sync isCollapsed with modelValue prop changes
[22m[39m[Vue warn]: Failed to resolve component: el-icon
If this is a native custom element, make sure to exclude it from component resolution via compilerOptions.isCustomElement. 
  at <SectionBlock title="Test" modelValue=true ref="VTU_COMPONENT" > 
  at <VTUROOT>
[Vue warn]: Failed to resolve component: el-tag
If this is a native custom element, make sure to exclude it from component resolution via compilerOptions.isCustomElement. 
  at <SectionBlock title="Test" modelValue=true ref="VTU_COMPONENT" > 
  at <VTUROOT>
[Vue warn]: Failed to resolve component: el-tooltip
If this is a native custom element, make sure to exclude it from component resolution via compilerOptions.isCustomElement. 
  at <SectionBlock title="Test" modelValue=true ref="VTU_COMPONENT" > 
  at <VTUROOT>
[Vue warn]: Failed to resolve component: el-collapse-transition
If this is a native custom element, make sure to exclude it from component resolution via compilerOptions.isCustomElement. 
  at <SectionBlock title="Test" modelValue=true ref="VTU_COMPONENT" > 
  at <VTUROOT>

[90mstderr[2m | src/__tests__/unit/components/common/ColumnManager.spec.ts[2m > [22m[2mColumnManager[2m > [22m[2mshould calculate someVisible correctly
[22m[39m[Vue warn]: Failed to resolve component: el-button
If this is a native custom element, make sure to exclude it from component resolution via compilerOptions.isCustomElement. 
  at <ColumnManager columns= [
  {
    prop: [32m'name'[39m,
    label: [32m'Name'[39m,
    width: [33m150[39m,
    defaultWidth: [33m120[39m,
    visible: [33mtrue[39m
  },
  {
    prop: [32m'code'[39m,
    label: [32m'Code'[39m,
    width: [33m120[39m,
    defaultWidth: [33m120[39m,
    visible: [33mtrue[39m
  },
  {
    prop: [32m'status'[39m,
    label: [32m'Status'[39m,
    width: [33m100[39m,
    defaultWidth: [33m100[39m,
    visible: [33mtrue[39m
  },
  {
    prop: [32m'category'[39m,
    label: [32m'Category'[39m,
    width: [33m120[39m,
    defaultWidth: [33m120[39m,
    visible: [33mfalse[39m
  }
] ref="VTU_COMPONENT" > 
  at <VTUROOT>
[Vue warn]: Failed to resolve component: el-tooltip
If this is a native custom element, make sure to exclude it from component resolution via compilerOptions.isCustomElement. 
  at <ColumnManager columns= [
  {
    prop: [32m'name'[39m,
    label: [32m'Name'[39m,
    width: [33m150[39m,
    defaultWidth: [33m120[39m,
    visible: [33mtrue[39m
  },
  {
    prop: [32m'code'[39m,
    label: [32m'Code'[39m,
    width: [33m120[39m,
    defaultWidth: [33m120[39m,
    visible: [33mtrue[39m
  },
  {
    prop: [32m'status'[39m,
    label: [32m'Status'[39m,
    width: [33m100[39m,
    defaultWidth: [33m100[39m,
    visible: [33mtrue[39m
  },
  {
    prop: [32m'category'[39m,
    label: [32m'Category'[39m,
    width: [33m120[39m,
    defaultWidth: [33m120[39m,
    visible: [33mfalse[39m
  }
] ref="VTU_COMPONENT" > 
  at <VTUROOT>
[Vue warn]: Failed to resolve component: el-divider
If this is a native custom element, make sure to exclude it from component resolution via compilerOptions.isCustomElement. 
  at <ColumnManager columns= [
  {
    prop: [32m'name'[39m,
    label: [32m'Name'[39m,
    width: [33m150[39m,
    defaultWidth: [33m120[39m,
    visible: [33mtrue[39m
  },
  {
    prop: [32m'code'[39m,
    label: [32m'Code'[39m,
    width: [33m120[39m,
    defaultWidth: [33m120[39m,
    visible: [33mtrue[39m
  },
  {
    prop: [32m'status'[39m,
    label: [32m'Status'[39m,
    width: [33m100[39m,
    defaultWidth: [33m100[39m,
    visible: [33mtrue[39m
  },
  {
    prop: [32m'category'[39m,
    label: [32m'Category'[39m,
    width: [33m120[39m,
    defaultWidth: [33m120[39m,
    visible: [33mfalse[39m
  }
] ref="VTU_COMPONENT" > 
  at <VTUROOT>
[Vue warn]: Failed to resolve component: el-icon
If this is a native custom element, make sure to exclude it from component resolution via compilerOptions.isCustomElement. 
  at <ColumnManager columns= [
  {
    prop: [32m'name'[39m,
    label: [32m'Name'[39m,
    width: [33m150[39m,
    defaultWidth: [33m120[39m,
    visible: [33mtrue[39m
  },
  {
    prop: [32m'code'[39m,
    label: [32m'Code'[39m,
    width: [33m120[39m,
    defaultWidth: [33m120[39m,
    visible: [33mtrue[39m
  },
  {
    prop: [32m'status'[39m,
    label: [32m'Status'[39m,
    width: [33m100[39m,
    defaultWidth: [33m100[39m,
    visible: [33mtrue[39m
  },
  {
    prop: [32m'category'[39m,
    label: [32m'Category'[39m,
    width: [33m120[39m,
    defaultWidth: [33m120[39m,
    visible: [33mfalse[39m
  }
] ref="VTU_COMPONENT" > 
  at <VTUROOT>
[Vue warn]: Failed to resolve component: el-checkbox
If this is a native custom element, make sure to exclude it from component resolution via compilerOptions.isCustomElement. 
  at <ColumnManager columns= [
  {
    prop: [32m'name'[39m,
    label: [32m'Name'[39m,
    width: [33m150[39m,
    defaultWidth: [33m120[39m,
    visible: [33mtrue[39m
  },
  {
    prop: [32m'code'[39m,
    label: [32m'Code'[39m,
    width: [33m120[39m,
    defaultWidth: [33m120[39m,
    visible: [33mtrue[39m
  },
  {
    prop: [32m'status'[39m,
    label: [32m'Status'[39m,
    width: [33m100[39m,
    defaultWidth: [33m100[39m,
    visible: [33mtrue[39m
  },
  {
    prop: [32m'category'[39m,
    label: [32m'Category'[39m,
    width: [33m120[39m,
    defaultWidth: [33m120[39m,
    visible: [33mfalse[39m
  }
] ref="VTU_COMPONENT" > 
  at <VTUROOT>
[Vue warn]: Failed to resolve component: el-option
If this is a native custom element, make sure to exclude it from component resolution via compilerOptions.isCustomElement. 
  at <ColumnManager columns= [
  {
    prop: [32m'name'[39m,
    label: [32m'Name'[39m,
    width: [33m150[39m,
    defaultWidth: [33m120[39m,
    visible: [33mtrue[39m
  },
  {
    prop: [32m'code'[39m,
    label: [32m'Code'[39m,
    width: [33m120[39m,
    defaultWidth: [33m120[39m,
    visible: [33mtrue[39m
  },
  {
    prop: [32m'status'[39m,
    label: [32m'Status'[39m,
    width: [33m100[39m,
    defaultWidth: [33m100[39m,
    visible: [33mtrue[39m
  },
  {
    prop: [32m'category'[39m,
    label: [32m'Category'[39m,
    width: [33m120[39m,
    defaultWidth: [33m120[39m,
    visible: [33mfalse[39m
  }
] ref="VTU_COMPONENT" > 
  at <VTUROOT>
[Vue warn]: Failed to resolve component: el-select
If this is a native custom element, make sure to exclude it from component resolution via compilerOptions.isCustomElement. 
  at <ColumnManager columns= [
  {
    prop: [32m'name'[39m,
    label: [32m'Name'[39m,
    width: [33m150[39m,
    defaultWidth: [33m120[39m,
    visible: [33mtrue[39m
  },
  {
    prop: [32m'code'[39m,
    label: [32m'Code'[39m,
    width: [33m120[39m,
    defaultWidth: [33m120[39m,
    visible: [33mtrue[39m
  },
  {
    prop: [32m'status'[39m,
    label: [32m'Status'[39m,
    width: [33m100[39m,
    defaultWidth: [33m100[39m,
    visible: [33mtrue[39m
  },
  {
    prop: [32m'category'[39m,
    label: [32m'Category'[39m,
    width: [33m120[39m,
    defaultWidth: [33m120[39m,
    visible: [33mfalse[39m
  }
] ref="VTU_COMPONENT" > 
  at <VTUROOT>
[Vue warn]: Failed to resolve component: el-input-number
If this is a native custom element, make sure to exclude it from component resolution via compilerOptions.isCustomElement. 
  at <ColumnManager columns= [
  {
    prop: [32m'name'[39m,
    label: [32m'Name'[39m,
    width: [33m150[39m,
    defaultWidth: [33m120[39m,
    visible: [33mtrue[39m
  },
  {
    prop: [32m'code'[39m,
    label: [32m'Code'[39m,
    width: [33m120[39m,
    defaultWidth: [33m120[39m,
    visible: [33mtrue[39m
  },
  {
    prop: [32m'status'[39m,
    label: [32m'Status'[39m,
    width: [33m100[39m,
    defaultWidth: [33m100[39m,
    visible: [33mtrue[39m
  },
  {
    prop: [32m'category'[39m,
    label: [32m'Category'[39m,
    width: [33m120[39m,
    defaultWidth: [33m120[39m,
    visible: [33mfalse[39m
  }
] ref="VTU_COMPONENT" > 
  at <VTUROOT>
[Vue warn]: Failed to resolve component: el-popover
If this is a native custom element, make sure to exclude it from component resolution via compilerOptions.isCustomElement. 
  at <ColumnManager columns= [
  {
    prop: [32m'name'[39m,
    label: [32m'Name'[39m,
    width: [33m150[39m,
    defaultWidth: [33m120[39m,
    visible: [33mtrue[39m
  },
  {
    prop: [32m'code'[39m,
    label: [32m'Code'[39m,
    width: [33m120[39m,
    defaultWidth: [33m120[39m,
    visible: [33mtrue[39m
  },
  {
    prop: [32m'status'[39m,
    label: [32m'Status'[39m,
    width: [33m100[39m,
    defaultWidth: [33m100[39m,
    visible: [33mtrue[39m
  },
  {
    prop: [32m'category'[39m,
    label: [32m'Category'[39m,
    width: [33m120[39m,
    defaultWidth: [33m120[39m,
    visible: [33mfalse[39m
  }
] ref="VTU_COMPONENT" > 
  at <VTUROOT>

[90mstderr[2m | src/__tests__/unit/components/common/DynamicTabs.spec.ts[2m > [22m[2mDynamicTabs[2m > [22m[2mshould emit add event when tab is added
[22m[39m[Vue warn]: Failed to resolve component: el-icon
If this is a native custom element, make sure to exclude it from component resolution via compilerOptions.isCustomElement. 
  at <DynamicTabs modelValue="tab1" tabs= [
  { id: [32m'tab1'[39m, name: [32m'Tab 1'[39m, title: [32m'First Tab'[39m },
  { id: [32m'tab2'[39m, name: [32m'Tab 2'[39m, title: [32m'Second Tab'[39m },
  { id: [32m'tab3'[39m, name: [32m'Tab 3'[39m, title: [32m'Third Tab'[39m, closable: [33mtrue[39m }
] addable=true  ... > 
  at <VTUROOT>
[Vue warn]: Failed to resolve component: el-badge
If this is a native custom element, make sure to exclude it from component resolution via compilerOptions.isCustomElement. 
  at <DynamicTabs modelValue="tab1" tabs= [
  { id: [32m'tab1'[39m, name: [32m'Tab 1'[39m, title: [32m'First Tab'[39m },
  { id: [32m'tab2'[39m, name: [32m'Tab 2'[39m, title: [32m'Second Tab'[39m },
  { id: [32m'tab3'[39m, name: [32m'Tab 3'[39m, title: [32m'Third Tab'[39m, closable: [33mtrue[39m }
] addable=true  ... > 
  at <VTUROOT>
[Vue warn]: Failed to resolve component: el-tab-pane
If this is a native custom element, make sure to exclude it from component resolution via compilerOptions.isCustomElement. 
  at <DynamicTabs modelValue="tab1" tabs= [
  { id: [32m'tab1'[39m, name: [32m'Tab 1'[39m, title: [32m'First Tab'[39m },
  { id: [32m'tab2'[39m, name: [32m'Tab 2'[39m, title: [32m'Second Tab'[39m },
  { id: [32m'tab3'[39m, name: [32m'Tab 3'[39m, title: [32m'Third Tab'[39m, closable: [33mtrue[39m }
] addable=true  ... > 
  at <VTUROOT>
[Vue warn]: Failed to resolve component: el-tabs
If this is a native custom element, make sure to exclude it from component resolution via compilerOptions.isCustomElement. 
  at <DynamicTabs modelValue="tab1" tabs= [
  { id: [32m'tab1'[39m, name: [32m'Tab 1'[39m, title: [32m'First Tab'[39m },
  { id: [32m'tab2'[39m, name: [32m'Tab 2'[39m, title: [32m'Second Tab'[39m },
  { id: [32m'tab3'[39m, name: [32m'Tab 3'[39m, title: [32m'Third Tab'[39m, closable: [33mtrue[39m }
] addable=true  ... > 
  at <VTUROOT>

[90mstderr[2m | src/__tests__/unit/components/common/SectionBlock.spec.ts[2m > [22m[2mSectionBlock[2m > [22m[2mshould sync isCollapsed with collapsed prop changes
[22m[39m[Vue warn]: Failed to resolve component: el-icon
If this is a native custom element, make sure to exclude it from component resolution via compilerOptions.isCustomElement. 
  at <SectionBlock title="Test" collapsed=false ref="VTU_COMPONENT" > 
  at <VTUROOT>
[Vue warn]: Failed to resolve component: el-tag
If this is a native custom element, make sure to exclude it from component resolution via compilerOptions.isCustomElement. 
  at <SectionBlock title="Test" collapsed=false ref="VTU_COMPONENT" > 
  at <VTUROOT>
[Vue warn]: Failed to resolve component: el-tooltip
If this is a native custom element, make sure to exclude it from component resolution via compilerOptions.isCustomElement. 
  at <SectionBlock title="Test" collapsed=false ref="VTU_COMPONENT" > 
  at <VTUROOT>
[Vue warn]: Failed to resolve component: el-collapse-transition
If this is a native custom element, make sure to exclude it from component resolution via compilerOptions.isCustomElement. 
  at <SectionBlock title="Test" collapsed=false ref="VTU_COMPONENT" > 
  at <VTUROOT>

[90mstderr[2m | src/__tests__/unit/components/common/DynamicTabs.spec.ts[2m > [22m[2mDynamicTabs[2m > [22m[2mshould emit change event when tab changes
[22m[39m[Vue warn]: Failed to resolve component: el-icon
If this is a native custom element, make sure to exclude it from component resolution via compilerOptions.isCustomElement. 
  at <DynamicTabs modelValue="tab1" tabs= [
  { id: [32m'tab1'[39m, name: [32m'Tab 1'[39m, title: [32m'First Tab'[39m },
  { id: [32m'tab2'[39m, name: [32m'Tab 2'[39m, title: [32m'Second Tab'[39m },
  { id: [32m'tab3'[39m, name: [32m'Tab 3'[39m, title: [32m'Third Tab'[39m, closable: [33mtrue[39m }
] ref="VTU_COMPONENT" > 
  at <VTUROOT>
[Vue warn]: Failed to resolve component: el-badge
If this is a native custom element, make sure to exclude it from component resolution via compilerOptions.isCustomElement. 
  at <DynamicTabs modelValue="tab1" tabs= [
  { id: [32m'tab1'[39m, name: [32m'Tab 1'[39m, title: [32m'First Tab'[39m },
  { id: [32m'tab2'[39m, name: [32m'Tab 2'[39m, title: [32m'Second Tab'[39m },
  { id: [32m'tab3'[39m, name: [32m'Tab 3'[39m, title: [32m'Third Tab'[39m, closable: [33mtrue[39m }
] ref="VTU_COMPONENT" > 
  at <VTUROOT>
[Vue warn]: Failed to resolve component: el-tab-pane
If this is a native custom element, make sure to exclude it from component resolution via compilerOptions.isCustomElement. 
  at <DynamicTabs modelValue="tab1" tabs= [
  { id: [32m'tab1'[39m, name: [32m'Tab 1'[39m, title: [32m'First Tab'[39m },
  { id: [32m'tab2'[39m, name: [32m'Tab 2'[39m, title: [32m'Second Tab'[39m },
  { id: [32m'tab3'[39m, name: [32m'Tab 3'[39m, title: [32m'Third Tab'[39m, closable: [33mtrue[39m }
] ref="VTU_COMPONENT" > 
  at <VTUROOT>
[Vue warn]: Failed to resolve component: el-tabs
If this is a native custom element, make sure to exclude it from component resolution via compilerOptions.isCustomElement. 
  at <DynamicTabs modelValue="tab1" tabs= [
  { id: [32m'tab1'[39m, name: [32m'Tab 1'[39m, title: [32m'First Tab'[39m },
  { id: [32m'tab2'[39m, name: [32m'Tab 2'[39m, title: [32m'Second Tab'[39m },
  { id: [32m'tab3'[39m, name: [32m'Tab 3'[39m, title: [32m'Third Tab'[39m, closable: [33mtrue[39m }
] ref="VTU_COMPONENT" > 
  at <VTUROOT>

[90mstderr[2m | src/__tests__/unit/components/common/SectionBlock.spec.ts[2m > [22m[2mSectionBlock[2m > [22m[2mshould sync isCollapsed with collapsed prop changes
[22m[39m[Vue warn]: Failed to resolve component: el-icon
If this is a native custom element, make sure to exclude it from component resolution via compilerOptions.isCustomElement. 
  at <SectionBlock title="Test" collapsed=true ref="VTU_COMPONENT" > 
  at <VTUROOT>
[Vue warn]: Failed to resolve component: el-tag
If this is a native custom element, make sure to exclude it from component resolution via compilerOptions.isCustomElement. 
  at <SectionBlock title="Test" collapsed=true ref="VTU_COMPONENT" > 
  at <VTUROOT>
[Vue warn]: Failed to resolve component: el-tooltip
If this is a native custom element, make sure to exclude it from component resolution via compilerOptions.isCustomElement. 
  at <SectionBlock title="Test" collapsed=true ref="VTU_COMPONENT" > 
  at <VTUROOT>
[Vue warn]: Failed to resolve component: el-collapse-transition
If this is a native custom element, make sure to exclude it from component resolution via compilerOptions.isCustomElement. 
  at <SectionBlock title="Test" collapsed=true ref="VTU_COMPONENT" > 
  at <VTUROOT>

[90mstderr[2m | src/__tests__/unit/components/common/DynamicTabs.spec.ts[2m > [22m[2mDynamicTabs[2m > [22m[2mshould handle tab content as string
[22m[39m[Vue warn]: Failed to resolve component: el-icon
If this is a native custom element, make sure to exclude it from component resolution via compilerOptions.isCustomElement. 
  at <DynamicTabs modelValue="tab1" tabs= [
  {
    id: [32m'tab1'[39m,
    name: [32m'Tab 1'[39m,
    title: [32m'Tab with HTML'[39m,
    content: [32m'<p>Content</p>'[39m
  }
] ref="VTU_COMPONENT" > 
  at <VTUROOT>
[Vue warn]: Failed to resolve component: el-badge
If this is a native custom element, make sure to exclude it from component resolution via compilerOptions.isCustomElement. 
  at <DynamicTabs modelValue="tab1" tabs= [
  {
    id: [32m'tab1'[39m,
    name: [32m'Tab 1'[39m,
    title: [32m'Tab with HTML'[39m,
    content: [32m'<p>Content</p>'[39m
  }
] ref="VTU_COMPONENT" > 
  at <VTUROOT>
[Vue warn]: Failed to resolve component: el-tab-pane
If this is a native custom element, make sure to exclude it from component resolution via compilerOptions.isCustomElement. 
  at <DynamicTabs modelValue="tab1" tabs= [
  {
    id: [32m'tab1'[39m,
    name: [32m'Tab 1'[39m,
    title: [32m'Tab with HTML'[39m,
    content: [32m'<p>Content</p>'[39m
  }
] ref="VTU_COMPONENT" > 
  at <VTUROOT>
[Vue warn]: Failed to resolve component: el-tabs
If this is a native custom element, make sure to exclude it from component resolution via compilerOptions.isCustomElement. 
  at <DynamicTabs modelValue="tab1" tabs= [
  {
    id: [32m'tab1'[39m,
    name: [32m'Tab 1'[39m,
    title: [32m'Tab with HTML'[39m,
    content: [32m'<p>Content</p>'[39m
  }
] ref="VTU_COMPONENT" > 
  at <VTUROOT>

[90mstderr[2m | src/__tests__/unit/components/common/SectionBlock.spec.ts[2m > [22m[2mSectionBlock[2m > [22m[2mshould render tag when provided
[22m[39m[Vue warn]: Failed to resolve component: el-icon
If this is a native custom element, make sure to exclude it from component resolution via compilerOptions.isCustomElement. 
  at <SectionBlock title="Section with Tag" tag="New" ref="VTU_COMPONENT" > 
  at <VTUROOT>
[Vue warn]: Failed to resolve component: el-tag
If this is a native custom element, make sure to exclude it from component resolution via compilerOptions.isCustomElement. 
  at <SectionBlock title="Section with Tag" tag="New" ref="VTU_COMPONENT" > 
  at <VTUROOT>
[Vue warn]: Failed to resolve component: el-tooltip
If this is a native custom element, make sure to exclude it from component resolution via compilerOptions.isCustomElement. 
  at <SectionBlock title="Section with Tag" tag="New" ref="VTU_COMPONENT" > 
  at <VTUROOT>
[Vue warn]: Failed to resolve component: el-collapse-transition
If this is a native custom element, make sure to exclude it from component resolution via compilerOptions.isCustomElement. 
  at <SectionBlock title="Section with Tag" tag="New" ref="VTU_COMPONENT" > 
  at <VTUROOT>

[90mstderr[2m | src/__tests__/unit/components/common/ColumnManager.spec.ts[2m > [22m[2mColumnManager[2m > [22m[2mshould handle column visibility toggle
[22m[39m[Vue warn]: Failed to resolve component: el-button
If this is a native custom element, make sure to exclude it from component resolution via compilerOptions.isCustomElement. 
  at <ColumnManager columns= [
  {
    prop: [32m'name'[39m,
    label: [32m'Name'[39m,
    width: [33m150[39m,
    defaultWidth: [33m120[39m,
    visible: [33mtrue[39m
  },
  {
    prop: [32m'code'[39m,
    label: [32m'Code'[39m,
    width: [33m120[39m,
    defaultWidth: [33m120[39m,
    visible: [33mtrue[39m
  },
  {
    prop: [32m'status'[39m,
    label: [32m'Status'[39m,
    width: [33m100[39m,
    defaultWidth: [33m100[39m,
    visible: [33mtrue[39m
  },
  {
    prop: [32m'category'[39m,
    label: [32m'Category'[39m,
    width: [33m120[39m,
    defaultWidth: [33m120[39m,
    visible: [33mfalse[39m
  }
] ref="VTU_COMPONENT" > 
  at <VTUROOT>
[Vue warn]: Failed to resolve component: el-tooltip
If this is a native custom element, make sure to exclude it from component resolution via compilerOptions.isCustomElement. 
  at <ColumnManager columns= [
  {
    prop: [32m'name'[39m,
    label: [32m'Name'[39m,
    width: [33m150[39m,
    defaultWidth: [33m120[39m,
    visible: [33mtrue[39m
  },
  {
    prop: [32m'code'[39m,
    label: [32m'Code'[39m,
    width: [33m120[39m,
    defaultWidth: [33m120[39m,
    visible: [33mtrue[39m
  },
  {
    prop: [32m'status'[39m,
    label: [32m'Status'[39m,
    width: [33m100[39m,
    defaultWidth: [33m100[39m,
    visible: [33mtrue[39m
  },
  {
    prop: [32m'category'[39m,
    label: [32m'Category'[39m,
    width: [33m120[39m,
    defaultWidth: [33m120[39m,
    visible: [33mfalse[39m
  }
] ref="VTU_COMPONENT" > 
  at <VTUROOT>
[Vue warn]: Failed to resolve component: el-divider
If this is a native custom element, make sure to exclude it from component resolution via compilerOptions.isCustomElement. 
  at <ColumnManager columns= [
  {
    prop: [32m'name'[39m,
    label: [32m'Name'[39m,
    width: [33m150[39m,
    defaultWidth: [33m120[39m,
    visible: [33mtrue[39m
  },
  {
    prop: [32m'code'[39m,
    label: [32m'Code'[39m,
    width: [33m120[39m,
    defaultWidth: [33m120[39m,
    visible: [33mtrue[39m
  },
  {
    prop: [32m'status'[39m,
    label: [32m'Status'[39m,
    width: [33m100[39m,
    defaultWidth: [33m100[39m,
    visible: [33mtrue[39m
  },
  {
    prop: [32m'category'[39m,
    label: [32m'Category'[39m,
    width: [33m120[39m,
    defaultWidth: [33m120[39m,
    visible: [33mfalse[39m
  }
] ref="VTU_COMPONENT" > 
  at <VTUROOT>
[Vue warn]: Failed to resolve component: el-icon
If this is a native custom element, make sure to exclude it from component resolution via compilerOptions.isCustomElement. 
  at <ColumnManager columns= [
  {
    prop: [32m'name'[39m,
    label: [32m'Name'[39m,
    width: [33m150[39m,
    defaultWidth: [33m120[39m,
    visible: [33mtrue[39m
  },
  {
    prop: [32m'code'[39m,
    label: [32m'Code'[39m,
    width: [33m120[39m,
    defaultWidth: [33m120[39m,
    visible: [33mtrue[39m
  },
  {
    prop: [32m'status'[39m,
    label: [32m'Status'[39m,
    width: [33m100[39m,
    defaultWidth: [33m100[39m,
    visible: [33mtrue[39m
  },
  {
    prop: [32m'category'[39m,
    label: [32m'Category'[39m,
    width: [33m120[39m,
    defaultWidth: [33m120[39m,
    visible: [33mfalse[39m
  }
] ref="VTU_COMPONENT" > 
  at <VTUROOT>
[Vue warn]: Failed to resolve component: el-checkbox
If this is a native custom element, make sure to exclude it from component resolution via compilerOptions.isCustomElement. 
  at <ColumnManager columns= [
  {
    prop: [32m'name'[39m,
    label: [32m'Name'[39m,
    width: [33m150[39m,
    defaultWidth: [33m120[39m,
    visible: [33mtrue[39m
  },
  {
    prop: [32m'code'[39m,
    label: [32m'Code'[39m,
    width: [33m120[39m,
    defaultWidth: [33m120[39m,
    visible: [33mtrue[39m
  },
  {
    prop: [32m'status'[39m,
    label: [32m'Status'[39m,
    width: [33m100[39m,
    defaultWidth: [33m100[39m,
    visible: [33mtrue[39m
  },
  {
    prop: [32m'category'[39m,
    label: [32m'Category'[39m,
    width: [33m120[39m,
    defaultWidth: [33m120[39m,
    visible: [33mfalse[39m
  }
] ref="VTU_COMPONENT" > 
  at <VTUROOT>
[Vue warn]: Failed to resolve component: el-option
If this is a native custom element, make sure to exclude it from component resolution via compilerOptions.isCustomElement. 
  at <ColumnManager columns= [
  {
    prop: [32m'name'[39m,
    label: [32m'Name'[39m,
    width: [33m150[39m,
    defaultWidth: [33m120[39m,
    visible: [33mtrue[39m
  },
  {
    prop: [32m'code'[39m,
    label: [32m'Code'[39m,
    width: [33m120[39m,
    defaultWidth: [33m120[39m,
    visible: [33mtrue[39m
  },
  {
    prop: [32m'status'[39m,
    label: [32m'Status'[39m,
    width: [33m100[39m,
    defaultWidth: [33m100[39m,
    visible: [33mtrue[39m
  },
  {
    prop: [32m'category'[39m,
    label: [32m'Category'[39m,
    width: [33m120[39m,
    defaultWidth: [33m120[39m,
    visible: [33mfalse[39m
  }
] ref="VTU_COMPONENT" > 
  at <VTUROOT>
[Vue warn]: Failed to resolve component: el-select
If this is a native custom element, make sure to exclude it from component resolution via compilerOptions.isCustomElement. 
  at <ColumnManager columns= [
  {
    prop: [32m'name'[39m,
    label: [32m'Name'[39m,
    width: [33m150[39m,
    defaultWidth: [33m120[39m,
    visible: [33mtrue[39m
  },
  {
    prop: [32m'code'[39m,
    label: [32m'Code'[39m,
    width: [33m120[39m,
    defaultWidth: [33m120[39m,
    visible: [33mtrue[39m
  },
  {
    prop: [32m'status'[39m,
    label: [32m'Status'[39m,
    width: [33m100[39m,
    defaultWidth: [33m100[39m,
    visible: [33mtrue[39m
  },
  {
    prop: [32m'category'[39m,
    label: [32m'Category'[39m,
    width: [33m120[39m,
    defaultWidth: [33m120[39m,
    visible: [33mfalse[39m
  }
] ref="VTU_COMPONENT" > 
  at <VTUROOT>
[Vue warn]: Failed to resolve component: el-input-number
If this is a native custom element, make sure to exclude it from component resolution via compilerOptions.isCustomElement. 
  at <ColumnManager columns= [
  {
    prop: [32m'name'[39m,
    label: [32m'Name'[39m,
    width: [33m150[39m,
    defaultWidth: [33m120[39m,
    visible: [33mtrue[39m
  },
  {
    prop: [32m'code'[39m,
    label: [32m'Code'[39m,
    width: [33m120[39m,
    defaultWidth: [33m120[39m,
    visible: [33mtrue[39m
  },
  {
    prop: [32m'status'[39m,
    label: [32m'Status'[39m,
    width: [33m100[39m,
    defaultWidth: [33m100[39m,
    visible: [33mtrue[39m
  },
  {
    prop: [32m'category'[39m,
    label: [32m'Category'[39m,
    width: [33m120[39m,
    defaultWidth: [33m120[39m,
    visible: [33mfalse[39m
  }
] ref="VTU_COMPONENT" > 
  at <VTUROOT>
[Vue warn]: Failed to resolve component: el-popover
If this is a native custom element, make sure to exclude it from component resolution via compilerOptions.isCustomElement. 
  at <ColumnManager columns= [
  {
    prop: [32m'name'[39m,
    label: [32m'Name'[39m,
    width: [33m150[39m,
    defaultWidth: [33m120[39m,
    visible: [33mtrue[39m
  },
  {
    prop: [32m'code'[39m,
    label: [32m'Code'[39m,
    width: [33m120[39m,
    defaultWidth: [33m120[39m,
    visible: [33mtrue[39m
  },
  {
    prop: [32m'status'[39m,
    label: [32m'Status'[39m,
    width: [33m100[39m,
    defaultWidth: [33m100[39m,
    visible: [33mtrue[39m
  },
  {
    prop: [32m'category'[39m,
    label: [32m'Category'[39m,
    width: [33m120[39m,
    defaultWidth: [33m120[39m,
    visible: [33mfalse[39m
  }
] ref="VTU_COMPONENT" > 
  at <VTUROOT>

[90mstderr[2m | src/__tests__/unit/components/common/SectionBlock.spec.ts[2m > [22m[2mSectionBlock[2m > [22m[2mshould show tooltip when provided
[22m[39m[Vue warn]: Failed to resolve component: el-icon
If this is a native custom element, make sure to exclude it from component resolution via compilerOptions.isCustomElement. 
  at <SectionBlock title="Section with Tooltip" tooltip="Help text" ref="VTU_COMPONENT" > 
  at <VTUROOT>
[Vue warn]: Failed to resolve component: el-tag
If this is a native custom element, make sure to exclude it from component resolution via compilerOptions.isCustomElement. 
  at <SectionBlock title="Section with Tooltip" tooltip="Help text" ref="VTU_COMPONENT" > 
  at <VTUROOT>
[Vue warn]: Failed to resolve component: el-tooltip
If this is a native custom element, make sure to exclude it from component resolution via compilerOptions.isCustomElement. 
  at <SectionBlock title="Section with Tooltip" tooltip="Help text" ref="VTU_COMPONENT" > 
  at <VTUROOT>
[Vue warn]: Failed to resolve component: el-collapse-transition
If this is a native custom element, make sure to exclude it from component resolution via compilerOptions.isCustomElement. 
  at <SectionBlock title="Section with Tooltip" tooltip="Help text" ref="VTU_COMPONENT" > 
  at <VTUROOT>

[90mstderr[2m | src/__tests__/unit/components/common/ColumnManager.spec.ts[2m > [22m[2mColumnManager[2m > [22m[2mshould handle column visibility toggle
[22m[39m[Vue warn]: Failed to resolve component: el-button
If this is a native custom element, make sure to exclude it from component resolution via compilerOptions.isCustomElement. 
  at <ColumnManager columns= [
  {
    prop: [32m'name'[39m,
    label: [32m'Name'[39m,
    width: [33m150[39m,
    defaultWidth: [33m120[39m,
    visible: [33mtrue[39m
  },
  {
    prop: [32m'code'[39m,
    label: [32m'Code'[39m,
    width: [33m120[39m,
    defaultWidth: [33m120[39m,
    visible: [33mtrue[39m
  },
  {
    prop: [32m'status'[39m,
    label: [32m'Status'[39m,
    width: [33m100[39m,
    defaultWidth: [33m100[39m,
    visible: [33mtrue[39m
  },
  {
    prop: [32m'category'[39m,
    label: [32m'Category'[39m,
    width: [33m120[39m,
    defaultWidth: [33m120[39m,
    visible: [33mfalse[39m
  }
] ref="VTU_COMPONENT" > 
  at <VTUROOT>
[Vue warn]: Failed to resolve component: el-tooltip
If this is a native custom element, make sure to exclude it from component resolution via compilerOptions.isCustomElement. 
  at <ColumnManager columns= [
  {
    prop: [32m'name'[39m,
    label: [32m'Name'[39m,
    width: [33m150[39m,
    defaultWidth: [33m120[39m,
    visible: [33mtrue[39m
  },
  {
    prop: [32m'code'[39m,
    label: [32m'Code'[39m,
    width: [33m120[39m,
    defaultWidth: [33m120[39m,
    visible: [33mtrue[39m
  },
  {
    prop: [32m'status'[39m,
    label: [32m'Status'[39m,
    width: [33m100[39m,
    defaultWidth: [33m100[39m,
    visible: [33mtrue[39m
  },
  {
    prop: [32m'category'[39m,
    label: [32m'Category'[39m,
    width: [33m120[39m,
    defaultWidth: [33m120[39m,
    visible: [33mfalse[39m
  }
] ref="VTU_COMPONENT" > 
  at <VTUROOT>
[Vue warn]: Failed to resolve component: el-divider
If this is a native custom element, make sure to exclude it from component resolution via compilerOptions.isCustomElement. 
  at <ColumnManager columns= [
  {
    prop: [32m'name'[39m,
    label: [32m'Name'[39m,
    width: [33m150[39m,
    defaultWidth: [33m120[39m,
    visible: [33mtrue[39m
  },
  {
    prop: [32m'code'[39m,
    label: [32m'Code'[39m,
    width: [33m120[39m,
    defaultWidth: [33m120[39m,
    visible: [33mtrue[39m
  },
  {
    prop: [32m'status'[39m,
    label: [32m'Status'[39m,
    width: [33m100[39m,
    defaultWidth: [33m100[39m,
    visible: [33mtrue[39m
  },
  {
    prop: [32m'category'[39m,
    label: [32m'Category'[39m,
    width: [33m120[39m,
    defaultWidth: [33m120[39m,
    visible: [33mfalse[39m
  }
] ref="VTU_COMPONENT" > 
  at <VTUROOT>
[Vue warn]: Failed to resolve component: el-icon
If this is a native custom element, make sure to exclude it from component resolution via compilerOptions.isCustomElement. 
  at <ColumnManager columns= [
  {
    prop: [32m'name'[39m,
    label: [32m'Name'[39m,
    width: [33m150[39m,
    defaultWidth: [33m120[39m,
    visible: [33mtrue[39m
  },
  {
    prop: [32m'code'[39m,
    label: [32m'Code'[39m,
    width: [33m120[39m,
    defaultWidth: [33m120[39m,
    visible: [33mtrue[39m
  },
  {
    prop: [32m'status'[39m,
    label: [32m'Status'[39m,
    width: [33m100[39m,
    defaultWidth: [33m100[39m,
    visible: [33mtrue[39m
  },
  {
    prop: [32m'category'[39m,
    label: [32m'Category'[39m,
    width: [33m120[39m,
    defaultWidth: [33m120[39m,
    visible: [33mfalse[39m
  }
] ref="VTU_COMPONENT" > 
  at <VTUROOT>
[Vue warn]: Failed to resolve component: el-checkbox
If this is a native custom element, make sure to exclude it from component resolution via compilerOptions.isCustomElement. 
  at <ColumnManager columns= [
  {
    prop: [32m'name'[39m,
    label: [32m'Name'[39m,
    width: [33m150[39m,
    defaultWidth: [33m120[39m,
    visible: [33mtrue[39m
  },
  {
    prop: [32m'code'[39m,
    label: [32m'Code'[39m,
    width: [33m120[39m,
    defaultWidth: [33m120[39m,
    visible: [33mtrue[39m
  },
  {
    prop: [32m'status'[39m,
    label: [32m'Status'[39m,
    width: [33m100[39m,
    defaultWidth: [33m100[39m,
    visible: [33mtrue[39m
  },
  {
    prop: [32m'category'[39m,
    label: [32m'Category'[39m,
    width: [33m120[39m,
    defaultWidth: [33m120[39m,
    visible: [33mfalse[39m
  }
] ref="VTU_COMPONENT" > 
  at <VTUROOT>
[Vue warn]: Failed to resolve component: el-option
If this is a native custom element, make sure to exclude it from component resolution via compilerOptions.isCustomElement. 
  at <ColumnManager columns= [
  {
    prop: [32m'name'[39m,
    label: [32m'Name'[39m,
    width: [33m150[39m,
    defaultWidth: [33m120[39m,
    visible: [33mtrue[39m
  },
  {
    prop: [32m'code'[39m,
    label: [32m'Code'[39m,
    width: [33m120[39m,
    defaultWidth: [33m120[39m,
    visible: [33mtrue[39m
  },
  {
    prop: [32m'status'[39m,
    label: [32m'Status'[39m,
    width: [33m100[39m,
    defaultWidth: [33m100[39m,
    visible: [33mtrue[39m
  },
  {
    prop: [32m'category'[39m,
    label: [32m'Category'[39m,
    width: [33m120[39m,
    defaultWidth: [33m120[39m,
    visible: [33mfalse[39m
  }
] ref="VTU_COMPONENT" > 
  at <VTUROOT>
[Vue warn]: Failed to resolve component: el-select
If this is a native custom element, make sure to exclude it from component resolution via compilerOptions.isCustomElement. 
  at <ColumnManager columns= [
  {
    prop: [32m'name'[39m,
    label: [32m'Name'[39m,
    width: [33m150[39m,
    defaultWidth: [33m120[39m,
    visible: [33mtrue[39m
  },
  {
    prop: [32m'code'[39m,
    label: [32m'Code'[39m,
    width: [33m120[39m,
    defaultWidth: [33m120[39m,
    visible: [33mtrue[39m
  },
  {
    prop: [32m'status'[39m,
    label: [32m'Status'[39m,
    width: [33m100[39m,
    defaultWidth: [33m100[39m,
    visible: [33mtrue[39m
  },
  {
    prop: [32m'category'[39m,
    label: [32m'Category'[39m,
    width: [33m120[39m,
    defaultWidth: [33m120[39m,
    visible: [33mfalse[39m
  }
] ref="VTU_COMPONENT" > 
  at <VTUROOT>
[Vue warn]: Failed to resolve component: el-input-number
If this is a native custom element, make sure to exclude it from component resolution via compilerOptions.isCustomElement. 
  at <ColumnManager columns= [
  {
    prop: [32m'name'[39m,
    label: [32m'Name'[39m,
    width: [33m150[39m,
    defaultWidth: [33m120[39m,
    visible: [33mtrue[39m
  },
  {
    prop: [32m'code'[39m,
    label: [32m'Code'[39m,
    width: [33m120[39m,
    defaultWidth: [33m120[39m,
    visible: [33mtrue[39m
  },
  {
    prop: [32m'status'[39m,
    label: [32m'Status'[39m,
    width: [33m100[39m,
    defaultWidth: [33m100[39m,
    visible: [33mtrue[39m
  },
  {
    prop: [32m'category'[39m,
    label: [32m'Category'[39m,
    width: [33m120[39m,
    defaultWidth: [33m120[39m,
    visible: [33mfalse[39m
  }
] ref="VTU_COMPONENT" > 
  at <VTUROOT>
[Vue warn]: Failed to resolve component: el-popover
If this is a native custom element, make sure to exclude it from component resolution via compilerOptions.isCustomElement. 
  at <ColumnManager columns= [
  {
    prop: [32m'name'[39m,
    label: [32m'Name'[39m,
    width: [33m150[39m,
    defaultWidth: [33m120[39m,
    visible: [33mtrue[39m
  },
  {
    prop: [32m'code'[39m,
    label: [32m'Code'[39m,
    width: [33m120[39m,
    defaultWidth: [33m120[39m,
    visible: [33mtrue[39m
  },
  {
    prop: [32m'status'[39m,
    label: [32m'Status'[39m,
    width: [33m100[39m,
    defaultWidth: [33m100[39m,
    visible: [33mtrue[39m
  },
  {
    prop: [32m'category'[39m,
    label: [32m'Category'[39m,
    width: [33m120[39m,
    defaultWidth: [33m120[39m,
    visible: [33mfalse[39m
  }
] ref="VTU_COMPONENT" > 
  at <VTUROOT>

 [32m✓[39m src/__tests__/unit/components/common/ColumnManager.spec.ts[2m > [22mColumnManager[2m > [22mshould render correctly[32m 51[2mms[22m[39m
 [32m✓[39m src/__tests__/unit/components/common/ColumnManager.spec.ts[2m > [22mColumnManager[2m > [22mshould initialize internal columns from props[32m 13[2mms[22m[39m
 [32m✓[39m src/__tests__/unit/components/common/ColumnManager.spec.ts[2m > [22mColumnManager[2m > [22mshould calculate allVisible correctly[32m 8[2mms[22m[39m
 [32m✓[39m src/__tests__/unit/components/common/ColumnManager.spec.ts[2m > [22mColumnManager[2m > [22mshould calculate someVisible correctly[32m 12[2mms[22m[39m
[90mstderr[2m | src/__tests__/unit/components/common/DynamicTabs.spec.ts[2m > [22m[2mDynamicTabs[2m > [22m[2mshould handle tab content as component
[22m[39m[Vue warn]: Failed to resolve component: el-icon
If this is a native custom element, make sure to exclude it from component resolution via compilerOptions.isCustomElement. 
  at <DynamicTabs modelValue="tab1" tabs= [
  {
    id: [32m'tab1'[39m,
    name: [32m'Tab 1'[39m,
    title: [32m'Tab with Component'[39m,
    component: { template: [32m'<div>Mock Component</div>'[39m },
    props: { test: [32m'value'[39m }
  }
] ref="VTU_COMPONENT" > 
  at <VTUROOT>
[Vue warn]: Failed to resolve component: el-badge
If this is a native custom element, make sure to exclude it from component resolution via compilerOptions.isCustomElement. 
  at <DynamicTabs modelValue="tab1" tabs= [
  {
    id: [32m'tab1'[39m,
    name: [32m'Tab 1'[39m,
    title: [32m'Tab with Component'[39m,
    component: { template: [32m'<div>Mock Component</div>'[39m },
    props: { test: [32m'value'[39m }
  }
] ref="VTU_COMPONENT" > 
  at <VTUROOT>
[Vue warn]: Failed to resolve component: el-tab-pane
If this is a native custom element, make sure to exclude it from component resolution via compilerOptions.isCustomElement. 
  at <DynamicTabs modelValue="tab1" tabs= [
  {
    id: [32m'tab1'[39m,
    name: [32m'Tab 1'[39m,
    title: [32m'Tab with Component'[39m,
    component: { template: [32m'<div>Mock Component</div>'[39m },
    props: { test: [32m'value'[39m }
  }
] ref="VTU_COMPONENT" > 
  at <VTUROOT>
[Vue warn]: Failed to resolve component: el-tabs
If this is a native custom element, make sure to exclude it from component resolution via compilerOptions.isCustomElement. 
  at <DynamicTabs modelValue="tab1" tabs= [
  {
    id: [32m'tab1'[39m,
    name: [32m'Tab 1'[39m,
    title: [32m'Tab with Component'[39m,
    component: { template: [32m'<div>Mock Component</div>'[39m },
    props: { test: [32m'value'[39m }
  }
] ref="VTU_COMPONENT" > 
  at <VTUROOT>
[Vue warn]: Vue received a Component that was made a reactive object. This can lead to unnecessary performance overhead and should be avoided by marking the component with `markRaw` or using `shallowRef` instead of `ref`. 
Component that was made reactive:  { template: [32m'<div>Mock Component</div>'[39m } 
  at <DynamicTabs modelValue="tab1" tabs= [
  {
    id: [32m'tab1'[39m,
    name: [32m'Tab 1'[39m,
    title: [32m'Tab with Component'[39m,
    component: { template: [32m'<div>Mock Component</div>'[39m },
    props: { test: [32m'value'[39m }
  }
] ref="VTU_COMPONENT" > 
  at <VTUROOT>

 [32m✓[39m src/__tests__/unit/components/common/DynamicTabs.spec.ts[2m > [22mDynamicTabs[2m > [22mshould render tabs correctly[32m 26[2mms[22m[39m
 [32m✓[39m src/__tests__/unit/components/common/DynamicTabs.spec.ts[2m > [22mDynamicTabs[2m > [22mshould filter visible tabs[32m 6[2mms[22m[39m
 [32m✓[39m src/__tests__/unit/components/common/DynamicTabs.spec.ts[2m > [22mDynamicTabs[2m > [22mshould compute hasClosableTabs correctly[32m 5[2mms[22m[39m
 [32m✓[39m src/__tests__/unit/components/common/DynamicTabs.spec.ts[2m > [22mDynamicTabs[2m > [22mshould have correct default props[32m 3[2mms[22m[39m
 [32m✓[39m src/__tests__/unit/components/common/DynamicTabs.spec.ts[2m > [22mDynamicTabs[2m > [22mshould accept custom position[32m 10[2mms[22m[39m
 [32m✓[39m src/__tests__/unit/components/common/DynamicTabs.spec.ts[2m > [22mDynamicTabs[2m > [22mshould accept custom type style[32m 8[2mms[22m[39m
 [32m✓[39m src/__tests__/unit/components/common/DynamicTabs.spec.ts[2m > [22mDynamicTabs[2m > [22mshould support tab icons[32m 2[2mms[22m[39m
 [32m✓[39m src/__tests__/unit/components/common/DynamicTabs.spec.ts[2m > [22mDynamicTabs[2m > [22mshould support tab badges[32m 3[2mms[22m[39m
 [32m✓[39m src/__tests__/unit/components/common/DynamicTabs.spec.ts[2m > [22mDynamicTabs[2m > [22mshould support disabled tabs[32m 3[2mms[22m[39m
 [32m✓[39m src/__tests__/unit/components/common/DynamicTabs.spec.ts[2m > [22mDynamicTabs[2m > [22mshould support lazy loading tabs[32m 3[2mms[22m[39m
 [32m✓[39m src/__tests__/unit/components/common/DynamicTabs.spec.ts[2m > [22mDynamicTabs[2m > [22mshould emit update:modelValue when activeTab changes[32m 4[2mms[22m[39m
 [32m✓[39m src/__tests__/unit/components/common/DynamicTabs.spec.ts[2m > [22mDynamicTabs[2m > [22mshould emit remove event when tab is removed[32m 6[2mms[22m[39m
 [32m✓[39m src/__tests__/unit/components/common/DynamicTabs.spec.ts[2m > [22mDynamicTabs[2m > [22mshould emit add event when tab is added[32m 5[2mms[22m[39m
 [32m✓[39m src/__tests__/unit/components/common/DynamicTabs.spec.ts[2m > [22mDynamicTabs[2m > [22mshould emit change event when tab changes[32m 3[2mms[22m[39m
 [32m✓[39m src/__tests__/unit/components/common/DynamicTabs.spec.ts[2m > [22mDynamicTabs[2m > [22mshould handle tab content as string[32m 5[2mms[22m[39m
[90mstderr[2m | src/__tests__/unit/components/common/DynamicTabs.spec.ts[2m > [22m[2mDynamicTabs[2m > [22m[2mshould handle tab with both id and name
[22m[39m[Vue warn]: Failed to resolve component: el-icon
If this is a native custom element, make sure to exclude it from component resolution via compilerOptions.isCustomElement. 
  at <DynamicTabs modelValue="unique-id-1" tabs= [ { id: [32m'unique-id-1'[39m, name: [32m'tab1'[39m, title: [32m'Tab with ID'[39m } ] ref="VTU_COMPONENT" > 
  at <VTUROOT>
[Vue warn]: Failed to resolve component: el-badge
If this is a native custom element, make sure to exclude it from component resolution via compilerOptions.isCustomElement. 
  at <DynamicTabs modelValue="unique-id-1" tabs= [ { id: [32m'unique-id-1'[39m, name: [32m'tab1'[39m, title: [32m'Tab with ID'[39m } ] ref="VTU_COMPONENT" > 
  at <VTUROOT>
[Vue warn]: Failed to resolve component: el-tab-pane
If this is a native custom element, make sure to exclude it from component resolution via compilerOptions.isCustomElement. 
  at <DynamicTabs modelValue="unique-id-1" tabs= [ { id: [32m'unique-id-1'[39m, name: [32m'tab1'[39m, title: [32m'Tab with ID'[39m } ] ref="VTU_COMPONENT" > 
  at <VTUROOT>
[Vue warn]: Failed to resolve component: el-tabs
If this is a native custom element, make sure to exclude it from component resolution via compilerOptions.isCustomElement. 
  at <DynamicTabs modelValue="unique-id-1" tabs= [ { id: [32m'unique-id-1'[39m, name: [32m'tab1'[39m, title: [32m'Tab with ID'[39m } ] ref="VTU_COMPONENT" > 
  at <VTUROOT>

[90mstderr[2m | src/__tests__/unit/components/common/ColumnManager.spec.ts[2m > [22m[2mColumnManager[2m > [22m[2mshould prevent hiding required columns
[22m[39m[Vue warn]: Failed to resolve component: el-button
If this is a native custom element, make sure to exclude it from component resolution via compilerOptions.isCustomElement. 
  at <ColumnManager columns= [
  {
    prop: [32m'id'[39m,
    label: [32m'ID'[39m,
    width: [33m80[39m,
    visible: [33mtrue[39m,
    required_in_list: [33mtrue[39m
  }
] ref="VTU_COMPONENT" > 
  at <VTUROOT>
[Vue warn]: Failed to resolve component: el-tooltip
If this is a native custom element, make sure to exclude it from component resolution via compilerOptions.isCustomElement. 
  at <ColumnManager columns= [
  {
    prop: [32m'id'[39m,
    label: [32m'ID'[39m,
    width: [33m80[39m,
    visible: [33mtrue[39m,
    required_in_list: [33mtrue[39m
  }
] ref="VTU_COMPONENT" > 
  at <VTUROOT>
[Vue warn]: Failed to resolve component: el-divider
If this is a native custom element, make sure to exclude it from component resolution via compilerOptions.isCustomElement. 
  at <ColumnManager columns= [
  {
    prop: [32m'id'[39m,
    label: [32m'ID'[39m,
    width: [33m80[39m,
    visible: [33mtrue[39m,
    required_in_list: [33mtrue[39m
  }
] ref="VTU_COMPONENT" > 
  at <VTUROOT>
[Vue warn]: Failed to resolve component: el-icon
If this is a native custom element, make sure to exclude it from component resolution via compilerOptions.isCustomElement. 
  at <ColumnManager columns= [
  {
    prop: [32m'id'[39m,
    label: [32m'ID'[39m,
    width: [33m80[39m,
    visible: [33mtrue[39m,
    required_in_list: [33mtrue[39m
  }
] ref="VTU_COMPONENT" > 
  at <VTUROOT>
[Vue warn]: Failed to resolve component: el-checkbox
If this is a native custom element, make sure to exclude it from component resolution via compilerOptions.isCustomElement. 
  at <ColumnManager columns= [
  {
    prop: [32m'id'[39m,
    label: [32m'ID'[39m,
    width: [33m80[39m,
    visible: [33mtrue[39m,
    required_in_list: [33mtrue[39m
  }
] ref="VTU_COMPONENT" > 
  at <VTUROOT>
[Vue warn]: Failed to resolve component: el-option
If this is a native custom element, make sure to exclude it from component resolution via compilerOptions.isCustomElement. 
  at <ColumnManager columns= [
  {
    prop: [32m'id'[39m,
    label: [32m'ID'[39m,
    width: [33m80[39m,
    visible: [33mtrue[39m,
    required_in_list: [33mtrue[39m
  }
] ref="VTU_COMPONENT" > 
  at <VTUROOT>
[Vue warn]: Failed to resolve component: el-select
If this is a native custom element, make sure to exclude it from component resolution via compilerOptions.isCustomElement. 
  at <ColumnManager columns= [
  {
    prop: [32m'id'[39m,
    label: [32m'ID'[39m,
    width: [33m80[39m,
    visible: [33mtrue[39m,
    required_in_list: [33mtrue[39m
  }
] ref="VTU_COMPONENT" > 
  at <VTUROOT>
[Vue warn]: Failed to resolve component: el-input-number
If this is a native custom element, make sure to exclude it from component resolution via compilerOptions.isCustomElement. 
  at <ColumnManager columns= [
  {
    prop: [32m'id'[39m,
    label: [32m'ID'[39m,
    width: [33m80[39m,
    visible: [33mtrue[39m,
    required_in_list: [33mtrue[39m
  }
] ref="VTU_COMPONENT" > 
  at <VTUROOT>
[Vue warn]: Failed to resolve component: el-popover
If this is a native custom element, make sure to exclude it from component resolution via compilerOptions.isCustomElement. 
  at <ColumnManager columns= [
  {
    prop: [32m'id'[39m,
    label: [32m'ID'[39m,
    width: [33m80[39m,
    visible: [33mtrue[39m,
    required_in_list: [33mtrue[39m
  }
] ref="VTU_COMPONENT" > 
  at <VTUROOT>

[90mstderr[2m | src/__tests__/unit/components/common/DynamicTabs.spec.ts[2m > [22m[2mDynamicTabs[2m > [22m[2mshould handle tab without id (fallback to name)
[22m[39m[Vue warn]: Failed to resolve component: el-icon
If this is a native custom element, make sure to exclude it from component resolution via compilerOptions.isCustomElement. 
  at <DynamicTabs modelValue="tab1" tabs= [ { name: [32m'tab1'[39m, title: [32m'Tab without ID'[39m } ] ref="VTU_COMPONENT" > 
  at <VTUROOT>
[Vue warn]: Failed to resolve component: el-badge
If this is a native custom element, make sure to exclude it from component resolution via compilerOptions.isCustomElement. 
  at <DynamicTabs modelValue="tab1" tabs= [ { name: [32m'tab1'[39m, title: [32m'Tab without ID'[39m } ] ref="VTU_COMPONENT" > 
  at <VTUROOT>
[Vue warn]: Failed to resolve component: el-tab-pane
If this is a native custom element, make sure to exclude it from component resolution via compilerOptions.isCustomElement. 
  at <DynamicTabs modelValue="tab1" tabs= [ { name: [32m'tab1'[39m, title: [32m'Tab without ID'[39m } ] ref="VTU_COMPONENT" > 
  at <VTUROOT>
[Vue warn]: Failed to resolve component: el-tabs
If this is a native custom element, make sure to exclude it from component resolution via compilerOptions.isCustomElement. 
  at <DynamicTabs modelValue="tab1" tabs= [ { name: [32m'tab1'[39m, title: [32m'Tab without ID'[39m } ] ref="VTU_COMPONENT" > 
  at <VTUROOT>

[90mstderr[2m | src/__tests__/unit/components/common/SectionBlock.spec.ts[2m > [22m[2mSectionBlock[2m > [22m[2mshould apply variant class
[22m[39m[Vue warn]: Failed to resolve component: el-icon
If this is a native custom element, make sure to exclude it from component resolution via compilerOptions.isCustomElement. 
  at <SectionBlock title="Test" variant="default" ref="VTU_COMPONENT" > 
  at <VTUROOT>
[Vue warn]: Failed to resolve component: el-tag
If this is a native custom element, make sure to exclude it from component resolution via compilerOptions.isCustomElement. 
  at <SectionBlock title="Test" variant="default" ref="VTU_COMPONENT" > 
  at <VTUROOT>
[Vue warn]: Failed to resolve component: el-tooltip
If this is a native custom element, make sure to exclude it from component resolution via compilerOptions.isCustomElement. 
  at <SectionBlock title="Test" variant="default" ref="VTU_COMPONENT" > 
  at <VTUROOT>
[Vue warn]: Failed to resolve component: el-collapse-transition
If this is a native custom element, make sure to exclude it from component resolution via compilerOptions.isCustomElement. 
  at <SectionBlock title="Test" variant="default" ref="VTU_COMPONENT" > 
  at <VTUROOT>
[Vue warn]: Failed to resolve component: el-icon
If this is a native custom element, make sure to exclude it from component resolution via compilerOptions.isCustomElement. 
  at <SectionBlock title="Test" variant="primary" ref="VTU_COMPONENT" > 
  at <VTUROOT>
[Vue warn]: Failed to resolve component: el-tag
If this is a native custom element, make sure to exclude it from component resolution via compilerOptions.isCustomElement. 
  at <SectionBlock title="Test" variant="primary" ref="VTU_COMPONENT" > 
  at <VTUROOT>
[Vue warn]: Failed to resolve component: el-tooltip
If this is a native custom element, make sure to exclude it from component resolution via compilerOptions.isCustomElement. 
  at <SectionBlock title="Test" variant="primary" ref="VTU_COMPONENT" > 
  at <VTUROOT>
[Vue warn]: Failed to resolve component: el-collapse-transition
If this is a native custom element, make sure to exclude it from component resolution via compilerOptions.isCustomElement. 
  at <SectionBlock title="Test" variant="primary" ref="VTU_COMPONENT" > 
  at <VTUROOT>
[Vue warn]: Failed to resolve component: el-icon
If this is a native custom element, make sure to exclude it from component resolution via compilerOptions.isCustomElement. 
  at <SectionBlock title="Test" variant="success" ref="VTU_COMPONENT" > 
  at <VTUROOT>
[Vue warn]: Failed to resolve component: el-tag
If this is a native custom element, make sure to exclude it from component resolution via compilerOptions.isCustomElement. 
  at <SectionBlock title="Test" variant="success" ref="VTU_COMPONENT" > 
  at <VTUROOT>
[Vue warn]: Failed to resolve component: el-tooltip
If this is a native custom element, make sure to exclude it from component resolution via compilerOptions.isCustomElement. 
  at <SectionBlock title="Test" variant="success" ref="VTU_COMPONENT" > 
  at <VTUROOT>
[Vue warn]: Failed to resolve component: el-collapse-transition
If this is a native custom element, make sure to exclude it from component resolution via compilerOptions.isCustomElement. 
  at <SectionBlock title="Test" variant="success" ref="VTU_COMPONENT" > 
  at <VTUROOT>
[Vue warn]: Failed to resolve component: el-icon
If this is a native custom element, make sure to exclude it from component resolution via compilerOptions.isCustomElement. 
  at <SectionBlock title="Test" variant="warning" ref="VTU_COMPONENT" > 
  at <VTUROOT>
[Vue warn]: Failed to resolve component: el-tag
If this is a native custom element, make sure to exclude it from component resolution via compilerOptions.isCustomElement. 
  at <SectionBlock title="Test" variant="warning" ref="VTU_COMPONENT" > 
  at <VTUROOT>
[Vue warn]: Failed to resolve component: el-tooltip
If this is a native custom element, make sure to exclude it from component resolution via compilerOptions.isCustomElement. 
  at <SectionBlock title="Test" variant="warning" ref="VTU_COMPONENT" > 
  at <VTUROOT>
[Vue warn]: Failed to resolve component: el-collapse-transition
If this is a native custom element, make sure to exclude it from component resolution via compilerOptions.isCustomElement. 
  at <SectionBlock title="Test" variant="warning" ref="VTU_COMPONENT" > 
  at <VTUROOT>
[Vue warn]: Failed to resolve component: el-icon
If this is a native custom element, make sure to exclude it from component resolution via compilerOptions.isCustomElement. 
  at <SectionBlock title="Test" variant="danger" ref="VTU_COMPONENT" > 
  at <VTUROOT>
[Vue warn]: Failed to resolve component: el-tag
If this is a native custom element, make sure to exclude it from component resolution via compilerOptions.isCustomElement. 
  at <SectionBlock title="Test" variant="danger" ref="VTU_COMPONENT" > 
  at <VTUROOT>
[Vue warn]: Failed to resolve component: el-tooltip
If this is a native custom element, make sure to exclude it from component resolution via compilerOptions.isCustomElement. 
  at <SectionBlock title="Test" variant="danger" ref="VTU_COMPONENT" > 
  at <VTUROOT>
[Vue warn]: Failed to resolve component: el-collapse-transition
If this is a native custom element, make sure to exclude it from component resolution via compilerOptions.isCustomElement. 
  at <SectionBlock title="Test" variant="danger" ref="VTU_COMPONENT" > 
  at <VTUROOT>
[Vue warn]: Failed to resolve component: el-icon
If this is a native custom element, make sure to exclude it from component resolution via compilerOptions.isCustomElement. 
  at <SectionBlock title="Test" variant="info" ref="VTU_COMPONENT" > 
  at <VTUROOT>
[Vue warn]: Failed to resolve component: el-tag
If this is a native custom element, make sure to exclude it from component resolution via compilerOptions.isCustomElement. 
  at <SectionBlock title="Test" variant="info" ref="VTU_COMPONENT" > 
  at <VTUROOT>
[Vue warn]: Failed to resolve component: el-tooltip
If this is a native custom element, make sure to exclude it from component resolution via compilerOptions.isCustomElement. 
  at <SectionBlock title="Test" variant="info" ref="VTU_COMPONENT" > 
  at <VTUROOT>
[Vue warn]: Failed to resolve component: el-collapse-transition
If this is a native custom element, make sure to exclude it from component resolution via compilerOptions.isCustomElement. 
  at <SectionBlock title="Test" variant="info" ref="VTU_COMPONENT" > 
  at <VTUROOT>

 [32m✓[39m src/__tests__/unit/components/common/DynamicTabs.spec.ts[2m > [22mDynamicTabs[2m > [22mshould handle tab content as component[32m 11[2mms[22m[39m
 [32m✓[39m src/__tests__/unit/components/common/DynamicTabs.spec.ts[2m > [22mDynamicTabs[2m > [22mshould handle tab with both id and name[32m 6[2mms[22m[39m
 [32m✓[39m src/__tests__/unit/components/common/DynamicTabs.spec.ts[2m > [22mDynamicTabs[2m > [22mshould handle tab without id (fallback to name)[32m 2[2mms[22m[39m
 [32m✓[39m src/__tests__/unit/components/common/SectionBlock.spec.ts[2m > [22mSectionBlock[2m > [22mshould render section with title[32m 41[2mms[22m[39m
 [32m✓[39m src/__tests__/unit/components/common/SectionBlock.spec.ts[2m > [22mSectionBlock[2m > [22mshould have correct default props[32m 6[2mms[22m[39m
 [32m✓[39m src/__tests__/unit/components/common/SectionBlock.spec.ts[2m > [22mSectionBlock[2m > [22mshould render collapse icon when collapsible[32m 5[2mms[22m[39m
 [32m✓[39m src/__tests__/unit/components/common/SectionBlock.spec.ts[2m > [22mSectionBlock[2m > [22mshould not render collapse icon when not collapsible[32m 3[2mms[22m[39m
 [32m✓[39m src/__tests__/unit/components/common/SectionBlock.spec.ts[2m > [22mSectionBlock[2m > [22mshould toggle collapsed state[32m 9[2mms[22m[39m
 [32m✓[39m src/__tests__/unit/components/common/SectionBlock.spec.ts[2m > [22mSectionBlock[2m > [22mshould not toggle when not collapsible[32m 3[2mms[22m[39m
 [32m✓[39m src/__tests__/unit/components/common/SectionBlock.spec.ts[2m > [22mSectionBlock[2m > [22mshould emit update:modelValue when v-model used[32m 6[2mms[22m[39m
 [32m✓[39m src/__tests__/unit/components/common/SectionBlock.spec.ts[2m > [22mSectionBlock[2m > [22mshould sync isCollapsed with modelValue prop changes[32m 9[2mms[22m[39m
 [32m✓[39m src/__tests__/unit/components/common/SectionBlock.spec.ts[2m > [22mSectionBlock[2m > [22mshould sync isCollapsed with collapsed prop changes[32m 8[2mms[22m[39m
 [32m✓[39m src/__tests__/unit/components/common/SectionBlock.spec.ts[2m > [22mSectionBlock[2m > [22mshould render tag when provided[32m 5[2mms[22m[39m
 [32m✓[39m src/__tests__/unit/components/common/SectionBlock.spec.ts[2m > [22mSectionBlock[2m > [22mshould show tooltip when provided[32m 4[2mms[22m[39m
[90mstderr[2m | src/__tests__/unit/components/common/ColumnManager.spec.ts[2m > [22m[2mColumnManager[2m > [22m[2mshould handle column width change
[22m[39m[Vue warn]: Failed to resolve component: el-button
If this is a native custom element, make sure to exclude it from component resolution via compilerOptions.isCustomElement. 
  at <ColumnManager columns= [
  {
    prop: [32m'name'[39m,
    label: [32m'Name'[39m,
    width: [33m150[39m,
    defaultWidth: [33m120[39m,
    visible: [33mtrue[39m
  },
  {
    prop: [32m'code'[39m,
    label: [32m'Code'[39m,
    width: [33m120[39m,
    defaultWidth: [33m120[39m,
    visible: [33mtrue[39m
  },
  {
    prop: [32m'status'[39m,
    label: [32m'Status'[39m,
    width: [33m100[39m,
    defaultWidth: [33m100[39m,
    visible: [33mtrue[39m
  },
  {
    prop: [32m'category'[39m,
    label: [32m'Category'[39m,
    width: [33m120[39m,
    defaultWidth: [33m120[39m,
    visible: [33mfalse[39m
  }
] ref="VTU_COMPONENT" > 
  at <VTUROOT>
[Vue warn]: Failed to resolve component: el-tooltip
If this is a native custom element, make sure to exclude it from component resolution via compilerOptions.isCustomElement. 
  at <ColumnManager columns= [
  {
    prop: [32m'name'[39m,
    label: [32m'Name'[39m,
    width: [33m150[39m,
    defaultWidth: [33m120[39m,
    visible: [33mtrue[39m
  },
  {
    prop: [32m'code'[39m,
    label: [32m'Code'[39m,
    width: [33m120[39m,
    defaultWidth: [33m120[39m,
    visible: [33mtrue[39m
  },
  {
    prop: [32m'status'[39m,
    label: [32m'Status'[39m,
    width: [33m100[39m,
    defaultWidth: [33m100[39m,
    visible: [33mtrue[39m
  },
  {
    prop: [32m'category'[39m,
    label: [32m'Category'[39m,
    width: [33m120[39m,
    defaultWidth: [33m120[39m,
    visible: [33mfalse[39m
  }
] ref="VTU_COMPONENT" > 
  at <VTUROOT>
[Vue warn]: Failed to resolve component: el-divider
If this is a native custom element, make sure to exclude it from component resolution via compilerOptions.isCustomElement. 
  at <ColumnManager columns= [
  {
    prop: [32m'name'[39m,
    label: [32m'Name'[39m,
    width: [33m150[39m,
    defaultWidth: [33m120[39m,
    visible: [33mtrue[39m
  },
  {
    prop: [32m'code'[39m,
    label: [32m'Code'[39m,
    width: [33m120[39m,
    defaultWidth: [33m120[39m,
    visible: [33mtrue[39m
  },
  {
    prop: [32m'status'[39m,
    label: [32m'Status'[39m,
    width: [33m100[39m,
    defaultWidth: [33m100[39m,
    visible: [33mtrue[39m
  },
  {
    prop: [32m'category'[39m,
    label: [32m'Category'[39m,
    width: [33m120[39m,
    defaultWidth: [33m120[39m,
    visible: [33mfalse[39m
  }
] ref="VTU_COMPONENT" > 
  at <VTUROOT>
[Vue warn]: Failed to resolve component: el-icon
If this is a native custom element, make sure to exclude it from component resolution via compilerOptions.isCustomElement. 
  at <ColumnManager columns= [
  {
    prop: [32m'name'[39m,
    label: [32m'Name'[39m,
    width: [33m150[39m,
    defaultWidth: [33m120[39m,
    visible: [33mtrue[39m
  },
  {
    prop: [32m'code'[39m,
    label: [32m'Code'[39m,
    width: [33m120[39m,
    defaultWidth: [33m120[39m,
    visible: [33mtrue[39m
  },
  {
    prop: [32m'status'[39m,
    label: [32m'Status'[39m,
    width: [33m100[39m,
    defaultWidth: [33m100[39m,
    visible: [33mtrue[39m
  },
  {
    prop: [32m'category'[39m,
    label: [32m'Category'[39m,
    width: [33m120[39m,
    defaultWidth: [33m120[39m,
    visible: [33mfalse[39m
  }
] ref="VTU_COMPONENT" > 
  at <VTUROOT>
[Vue warn]: Failed to resolve component: el-checkbox
If this is a native custom element, make sure to exclude it from component resolution via compilerOptions.isCustomElement. 
  at <ColumnManager columns= [
  {
    prop: [32m'name'[39m,
    label: [32m'Name'[39m,
    width: [33m150[39m,
    defaultWidth: [33m120[39m,
    visible: [33mtrue[39m
  },
  {
    prop: [32m'code'[39m,
    label: [32m'Code'[39m,
    width: [33m120[39m,
    defaultWidth: [33m120[39m,
    visible: [33mtrue[39m
  },
  {
    prop: [32m'status'[39m,
    label: [32m'Status'[39m,
    width: [33m100[39m,
    defaultWidth: [33m100[39m,
    visible: [33mtrue[39m
  },
  {
    prop: [32m'category'[39m,
    label: [32m'Category'[39m,
    width: [33m120[39m,
    defaultWidth: [33m120[39m,
    visible: [33mfalse[39m
  }
] ref="VTU_COMPONENT" > 
  at <VTUROOT>
[Vue warn]: Failed to resolve component: el-option
If this is a native custom element, make sure to exclude it from component resolution via compilerOptions.isCustomElement. 
  at <ColumnManager columns= [
  {
    prop: [32m'name'[39m,
    label: [32m'Name'[39m,
    width: [33m150[39m,
    defaultWidth: [33m120[39m,
    visible: [33mtrue[39m
  },
  {
    prop: [32m'code'[39m,
    label: [32m'Code'[39m,
    width: [33m120[39m,
    defaultWidth: [33m120[39m,
    visible: [33mtrue[39m
  },
  {
    prop: [32m'status'[39m,
    label: [32m'Status'[39m,
    width: [33m100[39m,
    defaultWidth: [33m100[39m,
    visible: [33mtrue[39m
  },
  {
    prop: [32m'category'[39m,
    label: [32m'Category'[39m,
    width: [33m120[39m,
    defaultWidth: [33m120[39m,
    visible: [33mfalse[39m
  }
] ref="VTU_COMPONENT" > 
  at <VTUROOT>
[Vue warn]: Failed to resolve component: el-select
If this is a native custom element, make sure to exclude it from component resolution via compilerOptions.isCustomElement. 
  at <ColumnManager columns= [
  {
    prop: [32m'name'[39m,
    label: [32m'Name'[39m,
    width: [33m150[39m,
    defaultWidth: [33m120[39m,
    visible: [33mtrue[39m
  },
  {
    prop: [32m'code'[39m,
    label: [32m'Code'[39m,
    width: [33m120[39m,
    defaultWidth: [33m120[39m,
    visible: [33mtrue[39m
  },
  {
    prop: [32m'status'[39m,
    label: [32m'Status'[39m,
    width: [33m100[39m,
    defaultWidth: [33m100[39m,
    visible: [33mtrue[39m
  },
  {
    prop: [32m'category'[39m,
    label: [32m'Category'[39m,
    width: [33m120[39m,
    defaultWidth: [33m120[39m,
    visible: [33mfalse[39m
  }
] ref="VTU_COMPONENT" > 
  at <VTUROOT>
[Vue warn]: Failed to resolve component: el-input-number
If this is a native custom element, make sure to exclude it from component resolution via compilerOptions.isCustomElement. 
  at <ColumnManager columns= [
  {
    prop: [32m'name'[39m,
    label: [32m'Name'[39m,
    width: [33m150[39m,
    defaultWidth: [33m120[39m,
    visible: [33mtrue[39m
  },
  {
    prop: [32m'code'[39m,
    label: [32m'Code'[39m,
    width: [33m120[39m,
    defaultWidth: [33m120[39m,
    visible: [33mtrue[39m
  },
  {
    prop: [32m'status'[39m,
    label: [32m'Status'[39m,
    width: [33m100[39m,
    defaultWidth: [33m100[39m,
    visible: [33mtrue[39m
  },
  {
    prop: [32m'category'[39m,
    label: [32m'Category'[39m,
    width: [33m120[39m,
    defaultWidth: [33m120[39m,
    visible: [33mfalse[39m
  }
] ref="VTU_COMPONENT" > 
  at <VTUROOT>
[Vue warn]: Failed to resolve component: el-popover
If this is a native custom element, make sure to exclude it from component resolution via compilerOptions.isCustomElement. 
  at <ColumnManager columns= [
  {
    prop: [32m'name'[39m,
    label: [32m'Name'[39m,
    width: [33m150[39m,
    defaultWidth: [33m120[39m,
    visible: [33mtrue[39m
  },
  {
    prop: [32m'code'[39m,
    label: [32m'Code'[39m,
    width: [33m120[39m,
    defaultWidth: [33m120[39m,
    visible: [33mtrue[39m
  },
  {
    prop: [32m'status'[39m,
    label: [32m'Status'[39m,
    width: [33m100[39m,
    defaultWidth: [33m100[39m,
    visible: [33mtrue[39m
  },
  {
    prop: [32m'category'[39m,
    label: [32m'Category'[39m,
    width: [33m120[39m,
    defaultWidth: [33m120[39m,
    visible: [33mfalse[39m
  }
] ref="VTU_COMPONENT" > 
  at <VTUROOT>

[90mstderr[2m | src/__tests__/unit/components/common/ColumnManager.spec.ts[2m > [22m[2mColumnManager[2m > [22m[2mshould handle column width change
[22m[39m[Vue warn]: Failed to resolve component: el-button
If this is a native custom element, make sure to exclude it from component resolution via compilerOptions.isCustomElement. 
  at <ColumnManager columns= [
  {
    prop: [32m'name'[39m,
    label: [32m'Name'[39m,
    width: [33m150[39m,
    defaultWidth: [33m120[39m,
    visible: [33mtrue[39m
  },
  {
    prop: [32m'code'[39m,
    label: [32m'Code'[39m,
    width: [33m120[39m,
    defaultWidth: [33m120[39m,
    visible: [33mtrue[39m
  },
  {
    prop: [32m'status'[39m,
    label: [32m'Status'[39m,
    width: [33m100[39m,
    defaultWidth: [33m100[39m,
    visible: [33mtrue[39m
  },
  {
    prop: [32m'category'[39m,
    label: [32m'Category'[39m,
    width: [33m120[39m,
    defaultWidth: [33m120[39m,
    visible: [33mfalse[39m
  }
] ref="VTU_COMPONENT" > 
  at <VTUROOT>
[Vue warn]: Failed to resolve component: el-tooltip
If this is a native custom element, make sure to exclude it from component resolution via compilerOptions.isCustomElement. 
  at <ColumnManager columns= [
  {
    prop: [32m'name'[39m,
    label: [32m'Name'[39m,
    width: [33m150[39m,
    defaultWidth: [33m120[39m,
    visible: [33mtrue[39m
  },
  {
    prop: [32m'code'[39m,
    label: [32m'Code'[39m,
    width: [33m120[39m,
    defaultWidth: [33m120[39m,
    visible: [33mtrue[39m
  },
  {
    prop: [32m'status'[39m,
    label: [32m'Status'[39m,
    width: [33m100[39m,
    defaultWidth: [33m100[39m,
    visible: [33mtrue[39m
  },
  {
    prop: [32m'category'[39m,
    label: [32m'Category'[39m,
    width: [33m120[39m,
    defaultWidth: [33m120[39m,
    visible: [33mfalse[39m
  }
] ref="VTU_COMPONENT" > 
  at <VTUROOT>
[Vue warn]: Failed to resolve component: el-divider
If this is a native custom element, make sure to exclude it from component resolution via compilerOptions.isCustomElement. 
  at <ColumnManager columns= [
  {
    prop: [32m'name'[39m,
    label: [32m'Name'[39m,
    width: [33m150[39m,
    defaultWidth: [33m120[39m,
    visible: [33mtrue[39m
  },
  {
    prop: [32m'code'[39m,
    label: [32m'Code'[39m,
    width: [33m120[39m,
    defaultWidth: [33m120[39m,
    visible: [33mtrue[39m
  },
  {
    prop: [32m'status'[39m,
    label: [32m'Status'[39m,
    width: [33m100[39m,
    defaultWidth: [33m100[39m,
    visible: [33mtrue[39m
  },
  {
    prop: [32m'category'[39m,
    label: [32m'Category'[39m,
    width: [33m120[39m,
    defaultWidth: [33m120[39m,
    visible: [33mfalse[39m
  }
] ref="VTU_COMPONENT" > 
  at <VTUROOT>
[Vue warn]: Failed to resolve component: el-icon
If this is a native custom element, make sure to exclude it from component resolution via compilerOptions.isCustomElement. 
  at <ColumnManager columns= [
  {
    prop: [32m'name'[39m,
    label: [32m'Name'[39m,
    width: [33m150[39m,
    defaultWidth: [33m120[39m,
    visible: [33mtrue[39m
  },
  {
    prop: [32m'code'[39m,
    label: [32m'Code'[39m,
    width: [33m120[39m,
    defaultWidth: [33m120[39m,
    visible: [33mtrue[39m
  },
  {
    prop: [32m'status'[39m,
    label: [32m'Status'[39m,
    width: [33m100[39m,
    defaultWidth: [33m100[39m,
    visible: [33mtrue[39m
  },
  {
    prop: [32m'category'[39m,
    label: [32m'Category'[39m,
    width: [33m120[39m,
    defaultWidth: [33m120[39m,
    visible: [33mfalse[39m
  }
] ref="VTU_COMPONENT" > 
  at <VTUROOT>
[Vue warn]: Failed to resolve component: el-checkbox
If this is a native custom element, make sure to exclude it from component resolution via compilerOptions.isCustomElement. 
  at <ColumnManager columns= [
  {
    prop: [32m'name'[39m,
    label: [32m'Name'[39m,
    width: [33m150[39m,
    defaultWidth: [33m120[39m,
    visible: [33mtrue[39m
  },
  {
    prop: [32m'code'[39m,
    label: [32m'Code'[39m,
    width: [33m120[39m,
    defaultWidth: [33m120[39m,
    visible: [33mtrue[39m
  },
  {
    prop: [32m'status'[39m,
    label: [32m'Status'[39m,
    width: [33m100[39m,
    defaultWidth: [33m100[39m,
    visible: [33mtrue[39m
  },
  {
    prop: [32m'category'[39m,
    label: [32m'Category'[39m,
    width: [33m120[39m,
    defaultWidth: [33m120[39m,
    visible: [33mfalse[39m
  }
] ref="VTU_COMPONENT" > 
  at <VTUROOT>
[Vue warn]: Failed to resolve component: el-option
If this is a native custom element, make sure to exclude it from component resolution via compilerOptions.isCustomElement. 
  at <ColumnManager columns= [
  {
    prop: [32m'name'[39m,
    label: [32m'Name'[39m,
    width: [33m150[39m,
    defaultWidth: [33m120[39m,
    visible: [33mtrue[39m
  },
  {
    prop: [32m'code'[39m,
    label: [32m'Code'[39m,
    width: [33m120[39m,
    defaultWidth: [33m120[39m,
    visible: [33mtrue[39m
  },
  {
    prop: [32m'status'[39m,
    label: [32m'Status'[39m,
    width: [33m100[39m,
    defaultWidth: [33m100[39m,
    visible: [33mtrue[39m
  },
  {
    prop: [32m'category'[39m,
    label: [32m'Category'[39m,
    width: [33m120[39m,
    defaultWidth: [33m120[39m,
    visible: [33mfalse[39m
  }
] ref="VTU_COMPONENT" > 
  at <VTUROOT>
[Vue warn]: Failed to resolve component: el-select
If this is a native custom element, make sure to exclude it from component resolution via compilerOptions.isCustomElement. 
  at <ColumnManager columns= [
  {
    prop: [32m'name'[39m,
    label: [32m'Name'[39m,
    width: [33m150[39m,
    defaultWidth: [33m120[39m,
    visible: [33mtrue[39m
  },
  {
    prop: [32m'code'[39m,
    label: [32m'Code'[39m,
    width: [33m120[39m,
    defaultWidth: [33m120[39m,
    visible: [33mtrue[39m
  },
  {
    prop: [32m'status'[39m,
    label: [32m'Status'[39m,
    width: [33m100[39m,
    defaultWidth: [33m100[39m,
    visible: [33mtrue[39m
  },
  {
    prop: [32m'category'[39m,
    label: [32m'Category'[39m,
    width: [33m120[39m,
    defaultWidth: [33m120[39m,
    visible: [33mfalse[39m
  }
] ref="VTU_COMPONENT" > 
  at <VTUROOT>
[Vue warn]: Failed to resolve component: el-input-number
If this is a native custom element, make sure to exclude it from component resolution via compilerOptions.isCustomElement. 
  at <ColumnManager columns= [
  {
    prop: [32m'name'[39m,
    label: [32m'Name'[39m,
    width: [33m150[39m,
    defaultWidth: [33m120[39m,
    visible: [33mtrue[39m
  },
  {
    prop: [32m'code'[39m,
    label: [32m'Code'[39m,
    width: [33m120[39m,
    defaultWidth: [33m120[39m,
    visible: [33mtrue[39m
  },
  {
    prop: [32m'status'[39m,
    label: [32m'Status'[39m,
    width: [33m100[39m,
    defaultWidth: [33m100[39m,
    visible: [33mtrue[39m
  },
  {
    prop: [32m'category'[39m,
    label: [32m'Category'[39m,
    width: [33m120[39m,
    defaultWidth: [33m120[39m,
    visible: [33mfalse[39m
  }
] ref="VTU_COMPONENT" > 
  at <VTUROOT>
[Vue warn]: Failed to resolve component: el-popover
If this is a native custom element, make sure to exclude it from component resolution via compilerOptions.isCustomElement. 
  at <ColumnManager columns= [
  {
    prop: [32m'name'[39m,
    label: [32m'Name'[39m,
    width: [33m150[39m,
    defaultWidth: [33m120[39m,
    visible: [33mtrue[39m
  },
  {
    prop: [32m'code'[39m,
    label: [32m'Code'[39m,
    width: [33m120[39m,
    defaultWidth: [33m120[39m,
    visible: [33mtrue[39m
  },
  {
    prop: [32m'status'[39m,
    label: [32m'Status'[39m,
    width: [33m100[39m,
    defaultWidth: [33m100[39m,
    visible: [33mtrue[39m
  },
  {
    prop: [32m'category'[39m,
    label: [32m'Category'[39m,
    width: [33m120[39m,
    defaultWidth: [33m120[39m,
    visible: [33mfalse[39m
  }
] ref="VTU_COMPONENT" > 
  at <VTUROOT>

[90mstderr[2m | src/__tests__/unit/components/common/SectionBlock.spec.ts[2m > [22m[2mSectionBlock[2m > [22m[2mshould apply size class
[22m[39m[Vue warn]: Failed to resolve component: el-icon
If this is a native custom element, make sure to exclude it from component resolution via compilerOptions.isCustomElement. 
  at <SectionBlock title="Test" size="small" ref="VTU_COMPONENT" > 
  at <VTUROOT>
[Vue warn]: Failed to resolve component: el-tag
If this is a native custom element, make sure to exclude it from component resolution via compilerOptions.isCustomElement. 
  at <SectionBlock title="Test" size="small" ref="VTU_COMPONENT" > 
  at <VTUROOT>
[Vue warn]: Failed to resolve component: el-tooltip
If this is a native custom element, make sure to exclude it from component resolution via compilerOptions.isCustomElement. 
  at <SectionBlock title="Test" size="small" ref="VTU_COMPONENT" > 
  at <VTUROOT>
[Vue warn]: Failed to resolve component: el-collapse-transition
If this is a native custom element, make sure to exclude it from component resolution via compilerOptions.isCustomElement. 
  at <SectionBlock title="Test" size="small" ref="VTU_COMPONENT" > 
  at <VTUROOT>
[Vue warn]: Failed to resolve component: el-icon
If this is a native custom element, make sure to exclude it from component resolution via compilerOptions.isCustomElement. 
  at <SectionBlock title="Test" size="medium" ref="VTU_COMPONENT" > 
  at <VTUROOT>
[Vue warn]: Failed to resolve component: el-tag
If this is a native custom element, make sure to exclude it from component resolution via compilerOptions.isCustomElement. 
  at <SectionBlock title="Test" size="medium" ref="VTU_COMPONENT" > 
  at <VTUROOT>
[Vue warn]: Failed to resolve component: el-tooltip
If this is a native custom element, make sure to exclude it from component resolution via compilerOptions.isCustomElement. 
  at <SectionBlock title="Test" size="medium" ref="VTU_COMPONENT" > 
  at <VTUROOT>
[Vue warn]: Failed to resolve component: el-collapse-transition
If this is a native custom element, make sure to exclude it from component resolution via compilerOptions.isCustomElement. 
  at <SectionBlock title="Test" size="medium" ref="VTU_COMPONENT" > 
  at <VTUROOT>
[Vue warn]: Failed to resolve component: el-icon
If this is a native custom element, make sure to exclude it from component resolution via compilerOptions.isCustomElement. 
  at <SectionBlock title="Test" size="large" ref="VTU_COMPONENT" > 
  at <VTUROOT>
[Vue warn]: Failed to resolve component: el-tag
If this is a native custom element, make sure to exclude it from component resolution via compilerOptions.isCustomElement. 
  at <SectionBlock title="Test" size="large" ref="VTU_COMPONENT" > 
  at <VTUROOT>
[Vue warn]: Failed to resolve component: el-tooltip
If this is a native custom element, make sure to exclude it from component resolution via compilerOptions.isCustomElement. 
  at <SectionBlock title="Test" size="large" ref="VTU_COMPONENT" > 
  at <VTUROOT>
[Vue warn]: Failed to resolve component: el-collapse-transition
If this is a native custom element, make sure to exclude it from component resolution via compilerOptions.isCustomElement. 
  at <SectionBlock title="Test" size="large" ref="VTU_COMPONENT" > 
  at <VTUROOT>

[90mstderr[2m | src/__tests__/unit/components/common/SectionBlock.spec.ts[2m > [22m[2mSectionBlock[2m > [22m[2mshould apply no-border class when noBorder is true
[22m[39m[Vue warn]: Failed to resolve component: el-icon
If this is a native custom element, make sure to exclude it from component resolution via compilerOptions.isCustomElement. 
  at <SectionBlock title="Test" noBorder=true ref="VTU_COMPONENT" > 
  at <VTUROOT>
[Vue warn]: Failed to resolve component: el-tag
If this is a native custom element, make sure to exclude it from component resolution via compilerOptions.isCustomElement. 
  at <SectionBlock title="Test" noBorder=true ref="VTU_COMPONENT" > 
  at <VTUROOT>
[Vue warn]: Failed to resolve component: el-tooltip
If this is a native custom element, make sure to exclude it from component resolution via compilerOptions.isCustomElement. 
  at <SectionBlock title="Test" noBorder=true ref="VTU_COMPONENT" > 
  at <VTUROOT>
[Vue warn]: Failed to resolve component: el-collapse-transition
If this is a native custom element, make sure to exclude it from component resolution via compilerOptions.isCustomElement. 
  at <SectionBlock title="Test" noBorder=true ref="VTU_COMPONENT" > 
  at <VTUROOT>

[90mstderr[2m | src/__tests__/unit/components/common/SectionBlock.spec.ts[2m > [22m[2mSectionBlock[2m > [22m[2mshould apply no-padding class when noPadding is true
[22m[39m[Vue warn]: Failed to resolve component: el-icon
If this is a native custom element, make sure to exclude it from component resolution via compilerOptions.isCustomElement. 
  at <SectionBlock title="Test" noPadding=true ref="VTU_COMPONENT" > 
  at <VTUROOT>
[Vue warn]: Failed to resolve component: el-tag
If this is a native custom element, make sure to exclude it from component resolution via compilerOptions.isCustomElement. 
  at <SectionBlock title="Test" noPadding=true ref="VTU_COMPONENT" > 
  at <VTUROOT>
[Vue warn]: Failed to resolve component: el-tooltip
If this is a native custom element, make sure to exclude it from component resolution via compilerOptions.isCustomElement. 
  at <SectionBlock title="Test" noPadding=true ref="VTU_COMPONENT" > 
  at <VTUROOT>
[Vue warn]: Failed to resolve component: el-collapse-transition
If this is a native custom element, make sure to exclude it from component resolution via compilerOptions.isCustomElement. 
  at <SectionBlock title="Test" noPadding=true ref="VTU_COMPONENT" > 
  at <VTUROOT>

[90mstderr[2m | src/__tests__/unit/components/common/SectionBlock.spec.ts[2m > [22m[2mSectionBlock[2m > [22m[2mshould apply header-no-padding class when headerNoPadding is true
[22m[39m[Vue warn]: Failed to resolve component: el-icon
If this is a native custom element, make sure to exclude it from component resolution via compilerOptions.isCustomElement. 
  at <SectionBlock title="Test" headerNoPadding=true ref="VTU_COMPONENT" > 
  at <VTUROOT>
[Vue warn]: Failed to resolve component: el-tag
If this is a native custom element, make sure to exclude it from component resolution via compilerOptions.isCustomElement. 
  at <SectionBlock title="Test" headerNoPadding=true ref="VTU_COMPONENT" > 
  at <VTUROOT>
[Vue warn]: Failed to resolve component: el-tooltip
If this is a native custom element, make sure to exclude it from component resolution via compilerOptions.isCustomElement. 
  at <SectionBlock title="Test" headerNoPadding=true ref="VTU_COMPONENT" > 
  at <VTUROOT>
[Vue warn]: Failed to resolve component: el-collapse-transition
If this is a native custom element, make sure to exclude it from component resolution via compilerOptions.isCustomElement. 
  at <SectionBlock title="Test" headerNoPadding=true ref="VTU_COMPONENT" > 
  at <VTUROOT>

[90mstderr[2m | src/__tests__/unit/components/common/ColumnManager.spec.ts[2m > [22m[2mColumnManager[2m > [22m[2mshould handle column fixed position change
[22m[39m[Vue warn]: Failed to resolve component: el-button
If this is a native custom element, make sure to exclude it from component resolution via compilerOptions.isCustomElement. 
  at <ColumnManager columns= [
  {
    prop: [32m'name'[39m,
    label: [32m'Name'[39m,
    width: [33m150[39m,
    defaultWidth: [33m120[39m,
    visible: [33mtrue[39m
  },
  {
    prop: [32m'code'[39m,
    label: [32m'Code'[39m,
    width: [33m120[39m,
    defaultWidth: [33m120[39m,
    visible: [33mtrue[39m
  },
  {
    prop: [32m'status'[39m,
    label: [32m'Status'[39m,
    width: [33m100[39m,
    defaultWidth: [33m100[39m,
    visible: [33mtrue[39m
  },
  {
    prop: [32m'category'[39m,
    label: [32m'Category'[39m,
    width: [33m120[39m,
    defaultWidth: [33m120[39m,
    visible: [33mfalse[39m
  }
] ref="VTU_COMPONENT" > 
  at <VTUROOT>
[Vue warn]: Failed to resolve component: el-tooltip
If this is a native custom element, make sure to exclude it from component resolution via compilerOptions.isCustomElement. 
  at <ColumnManager columns= [
  {
    prop: [32m'name'[39m,
    label: [32m'Name'[39m,
    width: [33m150[39m,
    defaultWidth: [33m120[39m,
    visible: [33mtrue[39m
  },
  {
    prop: [32m'code'[39m,
    label: [32m'Code'[39m,
    width: [33m120[39m,
    defaultWidth: [33m120[39m,
    visible: [33mtrue[39m
  },
  {
    prop: [32m'status'[39m,
    label: [32m'Status'[39m,
    width: [33m100[39m,
    defaultWidth: [33m100[39m,
    visible: [33mtrue[39m
  },
  {
    prop: [32m'category'[39m,
    label: [32m'Category'[39m,
    width: [33m120[39m,
    defaultWidth: [33m120[39m,
    visible: [33mfalse[39m
  }
] ref="VTU_COMPONENT" > 
  at <VTUROOT>
[Vue warn]: Failed to resolve component: el-divider
If this is a native custom element, make sure to exclude it from component resolution via compilerOptions.isCustomElement. 
  at <ColumnManager columns= [
  {
    prop: [32m'name'[39m,
    label: [32m'Name'[39m,
    width: [33m150[39m,
    defaultWidth: [33m120[39m,
    visible: [33mtrue[39m
  },
  {
    prop: [32m'code'[39m,
    label: [32m'Code'[39m,
    width: [33m120[39m,
    defaultWidth: [33m120[39m,
    visible: [33mtrue[39m
  },
  {
    prop: [32m'status'[39m,
    label: [32m'Status'[39m,
    width: [33m100[39m,
    defaultWidth: [33m100[39m,
    visible: [33mtrue[39m
  },
  {
    prop: [32m'category'[39m,
    label: [32m'Category'[39m,
    width: [33m120[39m,
    defaultWidth: [33m120[39m,
    visible: [33mfalse[39m
  }
] ref="VTU_COMPONENT" > 
  at <VTUROOT>
[Vue warn]: Failed to resolve component: el-icon
If this is a native custom element, make sure to exclude it from component resolution via compilerOptions.isCustomElement. 
  at <ColumnManager columns= [
  {
    prop: [32m'name'[39m,
    label: [32m'Name'[39m,
    width: [33m150[39m,
    defaultWidth: [33m120[39m,
    visible: [33mtrue[39m
  },
  {
    prop: [32m'code'[39m,
    label: [32m'Code'[39m,
    width: [33m120[39m,
    defaultWidth: [33m120[39m,
    visible: [33mtrue[39m
  },
  {
    prop: [32m'status'[39m,
    label: [32m'Status'[39m,
    width: [33m100[39m,
    defaultWidth: [33m100[39m,
    visible: [33mtrue[39m
  },
  {
    prop: [32m'category'[39m,
    label: [32m'Category'[39m,
    width: [33m120[39m,
    defaultWidth: [33m120[39m,
    visible: [33mfalse[39m
  }
] ref="VTU_COMPONENT" > 
  at <VTUROOT>
[Vue warn]: Failed to resolve component: el-checkbox
If this is a native custom element, make sure to exclude it from component resolution via compilerOptions.isCustomElement. 
  at <ColumnManager columns= [
  {
    prop: [32m'name'[39m,
    label: [32m'Name'[39m,
    width: [33m150[39m,
    defaultWidth: [33m120[39m,
    visible: [33mtrue[39m
  },
  {
    prop: [32m'code'[39m,
    label: [32m'Code'[39m,
    width: [33m120[39m,
    defaultWidth: [33m120[39m,
    visible: [33mtrue[39m
  },
  {
    prop: [32m'status'[39m,
    label: [32m'Status'[39m,
    width: [33m100[39m,
    defaultWidth: [33m100[39m,
    visible: [33mtrue[39m
  },
  {
    prop: [32m'category'[39m,
    label: [32m'Category'[39m,
    width: [33m120[39m,
    defaultWidth: [33m120[39m,
    visible: [33mfalse[39m
  }
] ref="VTU_COMPONENT" > 
  at <VTUROOT>
[Vue warn]: Failed to resolve component: el-option
If this is a native custom element, make sure to exclude it from component resolution via compilerOptions.isCustomElement. 
  at <ColumnManager columns= [
  {
    prop: [32m'name'[39m,
    label: [32m'Name'[39m,
    width: [33m150[39m,
    defaultWidth: [33m120[39m,
    visible: [33mtrue[39m
  },
  {
    prop: [32m'code'[39m,
    label: [32m'Code'[39m,
    width: [33m120[39m,
    defaultWidth: [33m120[39m,
    visible: [33mtrue[39m
  },
  {
    prop: [32m'status'[39m,
    label: [32m'Status'[39m,
    width: [33m100[39m,
    defaultWidth: [33m100[39m,
    visible: [33mtrue[39m
  },
  {
    prop: [32m'category'[39m,
    label: [32m'Category'[39m,
    width: [33m120[39m,
    defaultWidth: [33m120[39m,
    visible: [33mfalse[39m
  }
] ref="VTU_COMPONENT" > 
  at <VTUROOT>
[Vue warn]: Failed to resolve component: el-select
If this is a native custom element, make sure to exclude it from component resolution via compilerOptions.isCustomElement. 
  at <ColumnManager columns= [
  {
    prop: [32m'name'[39m,
    label: [32m'Name'[39m,
    width: [33m150[39m,
    defaultWidth: [33m120[39m,
    visible: [33mtrue[39m
  },
  {
    prop: [32m'code'[39m,
    label: [32m'Code'[39m,
    width: [33m120[39m,
    defaultWidth: [33m120[39m,
    visible: [33mtrue[39m
  },
  {
    prop: [32m'status'[39m,
    label: [32m'Status'[39m,
    width: [33m100[39m,
    defaultWidth: [33m100[39m,
    visible: [33mtrue[39m
  },
  {
    prop: [32m'category'[39m,
    label: [32m'Category'[39m,
    width: [33m120[39m,
    defaultWidth: [33m120[39m,
    visible: [33mfalse[39m
  }
] ref="VTU_COMPONENT" > 
  at <VTUROOT>
[Vue warn]: Failed to resolve component: el-input-number
If this is a native custom element, make sure to exclude it from component resolution via compilerOptions.isCustomElement. 
  at <ColumnManager columns= [
  {
    prop: [32m'name'[39m,
    label: [32m'Name'[39m,
    width: [33m150[39m,
    defaultWidth: [33m120[39m,
    visible: [33mtrue[39m
  },
  {
    prop: [32m'code'[39m,
    label: [32m'Code'[39m,
    width: [33m120[39m,
    defaultWidth: [33m120[39m,
    visible: [33mtrue[39m
  },
  {
    prop: [32m'status'[39m,
    label: [32m'Status'[39m,
    width: [33m100[39m,
    defaultWidth: [33m100[39m,
    visible: [33mtrue[39m
  },
  {
    prop: [32m'category'[39m,
    label: [32m'Category'[39m,
    width: [33m120[39m,
    defaultWidth: [33m120[39m,
    visible: [33mfalse[39m
  }
] ref="VTU_COMPONENT" > 
  at <VTUROOT>
[Vue warn]: Failed to resolve component: el-popover
If this is a native custom element, make sure to exclude it from component resolution via compilerOptions.isCustomElement. 
  at <ColumnManager columns= [
  {
    prop: [32m'name'[39m,
    label: [32m'Name'[39m,
    width: [33m150[39m,
    defaultWidth: [33m120[39m,
    visible: [33mtrue[39m
  },
  {
    prop: [32m'code'[39m,
    label: [32m'Code'[39m,
    width: [33m120[39m,
    defaultWidth: [33m120[39m,
    visible: [33mtrue[39m
  },
  {
    prop: [32m'status'[39m,
    label: [32m'Status'[39m,
    width: [33m100[39m,
    defaultWidth: [33m100[39m,
    visible: [33mtrue[39m
  },
  {
    prop: [32m'category'[39m,
    label: [32m'Category'[39m,
    width: [33m120[39m,
    defaultWidth: [33m120[39m,
    visible: [33mfalse[39m
  }
] ref="VTU_COMPONENT" > 
  at <VTUROOT>

[90mstderr[2m | src/__tests__/unit/components/common/ColumnManager.spec.ts[2m > [22m[2mColumnManager[2m > [22m[2mshould handle column fixed position change
[22m[39m[Vue warn]: Failed to resolve component: el-button
If this is a native custom element, make sure to exclude it from component resolution via compilerOptions.isCustomElement. 
  at <ColumnManager columns= [
  {
    prop: [32m'name'[39m,
    label: [32m'Name'[39m,
    width: [33m150[39m,
    defaultWidth: [33m120[39m,
    visible: [33mtrue[39m
  },
  {
    prop: [32m'code'[39m,
    label: [32m'Code'[39m,
    width: [33m120[39m,
    defaultWidth: [33m120[39m,
    visible: [33mtrue[39m
  },
  {
    prop: [32m'status'[39m,
    label: [32m'Status'[39m,
    width: [33m100[39m,
    defaultWidth: [33m100[39m,
    visible: [33mtrue[39m
  },
  {
    prop: [32m'category'[39m,
    label: [32m'Category'[39m,
    width: [33m120[39m,
    defaultWidth: [33m120[39m,
    visible: [33mfalse[39m
  }
] ref="VTU_COMPONENT" > 
  at <VTUROOT>
[Vue warn]: Failed to resolve component: el-tooltip
If this is a native custom element, make sure to exclude it from component resolution via compilerOptions.isCustomElement. 
  at <ColumnManager columns= [
  {
    prop: [32m'name'[39m,
    label: [32m'Name'[39m,
    width: [33m150[39m,
    defaultWidth: [33m120[39m,
    visible: [33mtrue[39m
  },
  {
    prop: [32m'code'[39m,
    label: [32m'Code'[39m,
    width: [33m120[39m,
    defaultWidth: [33m120[39m,
    visible: [33mtrue[39m
  },
  {
    prop: [32m'status'[39m,
    label: [32m'Status'[39m,
    width: [33m100[39m,
    defaultWidth: [33m100[39m,
    visible: [33mtrue[39m
  },
  {
    prop: [32m'category'[39m,
    label: [32m'Category'[39m,
    width: [33m120[39m,
    defaultWidth: [33m120[39m,
    visible: [33mfalse[39m
  }
] ref="VTU_COMPONENT" > 
  at <VTUROOT>
[Vue warn]: Failed to resolve component: el-divider
If this is a native custom element, make sure to exclude it from component resolution via compilerOptions.isCustomElement. 
  at <ColumnManager columns= [
  {
    prop: [32m'name'[39m,
    label: [32m'Name'[39m,
    width: [33m150[39m,
    defaultWidth: [33m120[39m,
    visible: [33mtrue[39m
  },
  {
    prop: [32m'code'[39m,
    label: [32m'Code'[39m,
    width: [33m120[39m,
    defaultWidth: [33m120[39m,
    visible: [33mtrue[39m
  },
  {
    prop: [32m'status'[39m,
    label: [32m'Status'[39m,
    width: [33m100[39m,
    defaultWidth: [33m100[39m,
    visible: [33mtrue[39m
  },
  {
    prop: [32m'category'[39m,
    label: [32m'Category'[39m,
    width: [33m120[39m,
    defaultWidth: [33m120[39m,
    visible: [33mfalse[39m
  }
] ref="VTU_COMPONENT" > 
  at <VTUROOT>
[Vue warn]: Failed to resolve component: el-icon
If this is a native custom element, make sure to exclude it from component resolution via compilerOptions.isCustomElement. 
  at <ColumnManager columns= [
  {
    prop: [32m'name'[39m,
    label: [32m'Name'[39m,
    width: [33m150[39m,
    defaultWidth: [33m120[39m,
    visible: [33mtrue[39m
  },
  {
    prop: [32m'code'[39m,
    label: [32m'Code'[39m,
    width: [33m120[39m,
    defaultWidth: [33m120[39m,
    visible: [33mtrue[39m
  },
  {
    prop: [32m'status'[39m,
    label: [32m'Status'[39m,
    width: [33m100[39m,
    defaultWidth: [33m100[39m,
    visible: [33mtrue[39m
  },
  {
    prop: [32m'category'[39m,
    label: [32m'Category'[39m,
    width: [33m120[39m,
    defaultWidth: [33m120[39m,
    visible: [33mfalse[39m
  }
] ref="VTU_COMPONENT" > 
  at <VTUROOT>
[Vue warn]: Failed to resolve component: el-checkbox
If this is a native custom element, make sure to exclude it from component resolution via compilerOptions.isCustomElement. 
  at <ColumnManager columns= [
  {
    prop: [32m'name'[39m,
    label: [32m'Name'[39m,
    width: [33m150[39m,
    defaultWidth: [33m120[39m,
    visible: [33mtrue[39m
  },
  {
    prop: [32m'code'[39m,
    label: [32m'Code'[39m,
    width: [33m120[39m,
    defaultWidth: [33m120[39m,
    visible: [33mtrue[39m
  },
  {
    prop: [32m'status'[39m,
    label: [32m'Status'[39m,
    width: [33m100[39m,
    defaultWidth: [33m100[39m,
    visible: [33mtrue[39m
  },
  {
    prop: [32m'category'[39m,
    label: [32m'Category'[39m,
    width: [33m120[39m,
    defaultWidth: [33m120[39m,
    visible: [33mfalse[39m
  }
] ref="VTU_COMPONENT" > 
  at <VTUROOT>
[Vue warn]: Failed to resolve component: el-option
If this is a native custom element, make sure to exclude it from component resolution via compilerOptions.isCustomElement. 
  at <ColumnManager columns= [
  {
    prop: [32m'name'[39m,
    label: [32m'Name'[39m,
    width: [33m150[39m,
    defaultWidth: [33m120[39m,
    visible: [33mtrue[39m
  },
  {
    prop: [32m'code'[39m,
    label: [32m'Code'[39m,
    width: [33m120[39m,
    defaultWidth: [33m120[39m,
    visible: [33mtrue[39m
  },
  {
    prop: [32m'status'[39m,
    label: [32m'Status'[39m,
    width: [33m100[39m,
    defaultWidth: [33m100[39m,
    visible: [33mtrue[39m
  },
  {
    prop: [32m'category'[39m,
    label: [32m'Category'[39m,
    width: [33m120[39m,
    defaultWidth: [33m120[39m,
    visible: [33mfalse[39m
  }
] ref="VTU_COMPONENT" > 
  at <VTUROOT>
[Vue warn]: Failed to resolve component: el-select
If this is a native custom element, make sure to exclude it from component resolution via compilerOptions.isCustomElement. 
  at <ColumnManager columns= [
  {
    prop: [32m'name'[39m,
    label: [32m'Name'[39m,
    width: [33m150[39m,
    defaultWidth: [33m120[39m,
    visible: [33mtrue[39m
  },
  {
    prop: [32m'code'[39m,
    label: [32m'Code'[39m,
    width: [33m120[39m,
    defaultWidth: [33m120[39m,
    visible: [33mtrue[39m
  },
  {
    prop: [32m'status'[39m,
    label: [32m'Status'[39m,
    width: [33m100[39m,
    defaultWidth: [33m100[39m,
    visible: [33mtrue[39m
  },
  {
    prop: [32m'category'[39m,
    label: [32m'Category'[39m,
    width: [33m120[39m,
    defaultWidth: [33m120[39m,
    visible: [33mfalse[39m
  }
] ref="VTU_COMPONENT" > 
  at <VTUROOT>
[Vue warn]: Failed to resolve component: el-input-number
If this is a native custom element, make sure to exclude it from component resolution via compilerOptions.isCustomElement. 
  at <ColumnManager columns= [
  {
    prop: [32m'name'[39m,
    label: [32m'Name'[39m,
    width: [33m150[39m,
    defaultWidth: [33m120[39m,
    visible: [33mtrue[39m
  },
  {
    prop: [32m'code'[39m,
    label: [32m'Code'[39m,
    width: [33m120[39m,
    defaultWidth: [33m120[39m,
    visible: [33mtrue[39m
  },
  {
    prop: [32m'status'[39m,
    label: [32m'Status'[39m,
    width: [33m100[39m,
    defaultWidth: [33m100[39m,
    visible: [33mtrue[39m
  },
  {
    prop: [32m'category'[39m,
    label: [32m'Category'[39m,
    width: [33m120[39m,
    defaultWidth: [33m120[39m,
    visible: [33mfalse[39m
  }
] ref="VTU_COMPONENT" > 
  at <VTUROOT>
[Vue warn]: Failed to resolve component: el-popover
If this is a native custom element, make sure to exclude it from component resolution via compilerOptions.isCustomElement. 
  at <ColumnManager columns= [
  {
    prop: [32m'name'[39m,
    label: [32m'Name'[39m,
    width: [33m150[39m,
    defaultWidth: [33m120[39m,
    visible: [33mtrue[39m
  },
  {
    prop: [32m'code'[39m,
    label: [32m'Code'[39m,
    width: [33m120[39m,
    defaultWidth: [33m120[39m,
    visible: [33mtrue[39m
  },
  {
    prop: [32m'status'[39m,
    label: [32m'Status'[39m,
    width: [33m100[39m,
    defaultWidth: [33m100[39m,
    visible: [33mtrue[39m
  },
  {
    prop: [32m'category'[39m,
    label: [32m'Category'[39m,
    width: [33m120[39m,
    defaultWidth: [33m120[39m,
    visible: [33mfalse[39m
  }
] ref="VTU_COMPONENT" > 
  at <VTUROOT>

[90mstderr[2m | src/__tests__/unit/components/common/ColumnManager.spec.ts[2m > [22m[2mColumnManager[2m > [22m[2mshould handle column fixed position change
[22m[39m[Vue warn]: Failed to resolve component: el-button
If this is a native custom element, make sure to exclude it from component resolution via compilerOptions.isCustomElement. 
  at <ColumnManager columns= [
  {
    prop: [32m'name'[39m,
    label: [32m'Name'[39m,
    width: [33m150[39m,
    defaultWidth: [33m120[39m,
    visible: [33mtrue[39m
  },
  {
    prop: [32m'code'[39m,
    label: [32m'Code'[39m,
    width: [33m120[39m,
    defaultWidth: [33m120[39m,
    visible: [33mtrue[39m
  },
  {
    prop: [32m'status'[39m,
    label: [32m'Status'[39m,
    width: [33m100[39m,
    defaultWidth: [33m100[39m,
    visible: [33mtrue[39m
  },
  {
    prop: [32m'category'[39m,
    label: [32m'Category'[39m,
    width: [33m120[39m,
    defaultWidth: [33m120[39m,
    visible: [33mfalse[39m
  }
] ref="VTU_COMPONENT" > 
  at <VTUROOT>
[Vue warn]: Failed to resolve component: el-tooltip
If this is a native custom element, make sure to exclude it from component resolution via compilerOptions.isCustomElement. 
  at <ColumnManager columns= [
  {
    prop: [32m'name'[39m,
    label: [32m'Name'[39m,
    width: [33m150[39m,
    defaultWidth: [33m120[39m,
    visible: [33mtrue[39m
  },
  {
    prop: [32m'code'[39m,
    label: [32m'Code'[39m,
    width: [33m120[39m,
    defaultWidth: [33m120[39m,
    visible: [33mtrue[39m
  },
  {
    prop: [32m'status'[39m,
    label: [32m'Status'[39m,
    width: [33m100[39m,
    defaultWidth: [33m100[39m,
    visible: [33mtrue[39m
  },
  {
    prop: [32m'category'[39m,
    label: [32m'Category'[39m,
    width: [33m120[39m,
    defaultWidth: [33m120[39m,
    visible: [33mfalse[39m
  }
] ref="VTU_COMPONENT" > 
  at <VTUROOT>
[Vue warn]: Failed to resolve component: el-divider
If this is a native custom element, make sure to exclude it from component resolution via compilerOptions.isCustomElement. 
  at <ColumnManager columns= [
  {
    prop: [32m'name'[39m,
    label: [32m'Name'[39m,
    width: [33m150[39m,
    defaultWidth: [33m120[39m,
    visible: [33mtrue[39m
  },
  {
    prop: [32m'code'[39m,
    label: [32m'Code'[39m,
    width: [33m120[39m,
    defaultWidth: [33m120[39m,
    visible: [33mtrue[39m
  },
  {
    prop: [32m'status'[39m,
    label: [32m'Status'[39m,
    width: [33m100[39m,
    defaultWidth: [33m100[39m,
    visible: [33mtrue[39m
  },
  {
    prop: [32m'category'[39m,
    label: [32m'Category'[39m,
    width: [33m120[39m,
    defaultWidth: [33m120[39m,
    visible: [33mfalse[39m
  }
] ref="VTU_COMPONENT" > 
  at <VTUROOT>
[Vue warn]: Failed to resolve component: el-icon
If this is a native custom element, make sure to exclude it from component resolution via compilerOptions.isCustomElement. 
  at <ColumnManager columns= [
  {
    prop: [32m'name'[39m,
    label: [32m'Name'[39m,
    width: [33m150[39m,
    defaultWidth: [33m120[39m,
    visible: [33mtrue[39m
  },
  {
    prop: [32m'code'[39m,
    label: [32m'Code'[39m,
    width: [33m120[39m,
    defaultWidth: [33m120[39m,
    visible: [33mtrue[39m
  },
  {
    prop: [32m'status'[39m,
    label: [32m'Status'[39m,
    width: [33m100[39m,
    defaultWidth: [33m100[39m,
    visible: [33mtrue[39m
  },
  {
    prop: [32m'category'[39m,
    label: [32m'Category'[39m,
    width: [33m120[39m,
    defaultWidth: [33m120[39m,
    visible: [33mfalse[39m
  }
] ref="VTU_COMPONENT" > 
  at <VTUROOT>
[Vue warn]: Failed to resolve component: el-checkbox
If this is a native custom element, make sure to exclude it from component resolution via compilerOptions.isCustomElement. 
  at <ColumnManager columns= [
  {
    prop: [32m'name'[39m,
    label: [32m'Name'[39m,
    width: [33m150[39m,
    defaultWidth: [33m120[39m,
    visible: [33mtrue[39m
  },
  {
    prop: [32m'code'[39m,
    label: [32m'Code'[39m,
    width: [33m120[39m,
    defaultWidth: [33m120[39m,
    visible: [33mtrue[39m
  },
  {
    prop: [32m'status'[39m,
    label: [32m'Status'[39m,
    width: [33m100[39m,
    defaultWidth: [33m100[39m,
    visible: [33mtrue[39m
  },
  {
    prop: [32m'category'[39m,
    label: [32m'Category'[39m,
    width: [33m120[39m,
    defaultWidth: [33m120[39m,
    visible: [33mfalse[39m
  }
] ref="VTU_COMPONENT" > 
  at <VTUROOT>
[Vue warn]: Failed to resolve component: el-option
If this is a native custom element, make sure to exclude it from component resolution via compilerOptions.isCustomElement. 
  at <ColumnManager columns= [
  {
    prop: [32m'name'[39m,
    label: [32m'Name'[39m,
    width: [33m150[39m,
    defaultWidth: [33m120[39m,
    visible: [33mtrue[39m
  },
  {
    prop: [32m'code'[39m,
    label: [32m'Code'[39m,
    width: [33m120[39m,
    defaultWidth: [33m120[39m,
    visible: [33mtrue[39m
  },
  {
    prop: [32m'status'[39m,
    label: [32m'Status'[39m,
    width: [33m100[39m,
    defaultWidth: [33m100[39m,
    visible: [33mtrue[39m
  },
  {
    prop: [32m'category'[39m,
    label: [32m'Category'[39m,
    width: [33m120[39m,
    defaultWidth: [33m120[39m,
    visible: [33mfalse[39m
  }
] ref="VTU_COMPONENT" > 
  at <VTUROOT>
[Vue warn]: Failed to resolve component: el-select
If this is a native custom element, make sure to exclude it from component resolution via compilerOptions.isCustomElement. 
  at <ColumnManager columns= [
  {
    prop: [32m'name'[39m,
    label: [32m'Name'[39m,
    width: [33m150[39m,
    defaultWidth: [33m120[39m,
    visible: [33mtrue[39m
  },
  {
    prop: [32m'code'[39m,
    label: [32m'Code'[39m,
    width: [33m120[39m,
    defaultWidth: [33m120[39m,
    visible: [33mtrue[39m
  },
  {
    prop: [32m'status'[39m,
    label: [32m'Status'[39m,
    width: [33m100[39m,
    defaultWidth: [33m100[39m,
    visible: [33mtrue[39m
  },
  {
    prop: [32m'category'[39m,
    label: [32m'Category'[39m,
    width: [33m120[39m,
    defaultWidth: [33m120[39m,
    visible: [33mfalse[39m
  }
] ref="VTU_COMPONENT" > 
  at <VTUROOT>
[Vue warn]: Failed to resolve component: el-input-number
If this is a native custom element, make sure to exclude it from component resolution via compilerOptions.isCustomElement. 
  at <ColumnManager columns= [
  {
    prop: [32m'name'[39m,
    label: [32m'Name'[39m,
    width: [33m150[39m,
    defaultWidth: [33m120[39m,
    visible: [33mtrue[39m
  },
  {
    prop: [32m'code'[39m,
    label: [32m'Code'[39m,
    width: [33m120[39m,
    defaultWidth: [33m120[39m,
    visible: [33mtrue[39m
  },
  {
    prop: [32m'status'[39m,
    label: [32m'Status'[39m,
    width: [33m100[39m,
    defaultWidth: [33m100[39m,
    visible: [33mtrue[39m
  },
  {
    prop: [32m'category'[39m,
    label: [32m'Category'[39m,
    width: [33m120[39m,
    defaultWidth: [33m120[39m,
    visible: [33mfalse[39m
  }
] ref="VTU_COMPONENT" > 
  at <VTUROOT>
[Vue warn]: Failed to resolve component: el-popover
If this is a native custom element, make sure to exclude it from component resolution via compilerOptions.isCustomElement. 
  at <ColumnManager columns= [
  {
    prop: [32m'name'[39m,
    label: [32m'Name'[39m,
    width: [33m150[39m,
    defaultWidth: [33m120[39m,
    visible: [33mtrue[39m
  },
  {
    prop: [32m'code'[39m,
    label: [32m'Code'[39m,
    width: [33m120[39m,
    defaultWidth: [33m120[39m,
    visible: [33mtrue[39m
  },
  {
    prop: [32m'status'[39m,
    label: [32m'Status'[39m,
    width: [33m100[39m,
    defaultWidth: [33m100[39m,
    visible: [33mtrue[39m
  },
  {
    prop: [32m'category'[39m,
    label: [32m'Category'[39m,
    width: [33m120[39m,
    defaultWidth: [33m120[39m,
    visible: [33mfalse[39m
  }
] ref="VTU_COMPONENT" > 
  at <VTUROOT>

[90mstderr[2m | src/__tests__/unit/components/common/SectionBlock.spec.ts[2m > [22m[2mSectionBlock[2m > [22m[2mshould render footer slot when provided
[22m[39m[Vue warn]: Failed to resolve component: el-icon
If this is a native custom element, make sure to exclude it from component resolution via compilerOptions.isCustomElement. 
  at <SectionBlock title="Test" ref="VTU_COMPONENT" > 
  at <VTUROOT>
[Vue warn]: Failed to resolve component: el-tag
If this is a native custom element, make sure to exclude it from component resolution via compilerOptions.isCustomElement. 
  at <SectionBlock title="Test" ref="VTU_COMPONENT" > 
  at <VTUROOT>
[Vue warn]: Failed to resolve component: el-tooltip
If this is a native custom element, make sure to exclude it from component resolution via compilerOptions.isCustomElement. 
  at <SectionBlock title="Test" ref="VTU_COMPONENT" > 
  at <VTUROOT>
[Vue warn]: Failed to resolve component: el-collapse-transition
If this is a native custom element, make sure to exclude it from component resolution via compilerOptions.isCustomElement. 
  at <SectionBlock title="Test" ref="VTU_COMPONENT" > 
  at <VTUROOT>

[90mstderr[2m | src/__tests__/unit/components/common/SectionBlock.spec.ts[2m > [22m[2mSectionBlock[2m > [22m[2mshould not render footer when slot not provided
[22m[39m[Vue warn]: Failed to resolve component: el-icon
If this is a native custom element, make sure to exclude it from component resolution via compilerOptions.isCustomElement. 
  at <SectionBlock title="Test" ref="VTU_COMPONENT" > 
  at <VTUROOT>
[Vue warn]: Failed to resolve component: el-tag
If this is a native custom element, make sure to exclude it from component resolution via compilerOptions.isCustomElement. 
  at <SectionBlock title="Test" ref="VTU_COMPONENT" > 
  at <VTUROOT>
[Vue warn]: Failed to resolve component: el-tooltip
If this is a native custom element, make sure to exclude it from component resolution via compilerOptions.isCustomElement. 
  at <SectionBlock title="Test" ref="VTU_COMPONENT" > 
  at <VTUROOT>
[Vue warn]: Failed to resolve component: el-collapse-transition
If this is a native custom element, make sure to exclude it from component resolution via compilerOptions.isCustomElement. 
  at <SectionBlock title="Test" ref="VTU_COMPONENT" > 
  at <VTUROOT>

[90mstderr[2m | src/__tests__/unit/components/common/ColumnManager.spec.ts[2m > [22m[2mColumnManager[2m > [22m[2mshould handle column reordering via drag and drop
[22m[39m[Vue warn]: Failed to resolve component: el-button
If this is a native custom element, make sure to exclude it from component resolution via compilerOptions.isCustomElement. 
  at <ColumnManager columns= [
  {
    prop: [32m'name'[39m,
    label: [32m'Name'[39m,
    width: [33m150[39m,
    defaultWidth: [33m120[39m,
    visible: [33mtrue[39m
  },
  {
    prop: [32m'code'[39m,
    label: [32m'Code'[39m,
    width: [33m120[39m,
    defaultWidth: [33m120[39m,
    visible: [33mtrue[39m
  },
  {
    prop: [32m'status'[39m,
    label: [32m'Status'[39m,
    width: [33m100[39m,
    defaultWidth: [33m100[39m,
    visible: [33mtrue[39m
  },
  {
    prop: [32m'category'[39m,
    label: [32m'Category'[39m,
    width: [33m120[39m,
    defaultWidth: [33m120[39m,
    visible: [33mfalse[39m
  }
] ref="VTU_COMPONENT" > 
  at <VTUROOT>
[Vue warn]: Failed to resolve component: el-tooltip
If this is a native custom element, make sure to exclude it from component resolution via compilerOptions.isCustomElement. 
  at <ColumnManager columns= [
  {
    prop: [32m'name'[39m,
    label: [32m'Name'[39m,
    width: [33m150[39m,
    defaultWidth: [33m120[39m,
    visible: [33mtrue[39m
  },
  {
    prop: [32m'code'[39m,
    label: [32m'Code'[39m,
    width: [33m120[39m,
    defaultWidth: [33m120[39m,
    visible: [33mtrue[39m
  },
  {
    prop: [32m'status'[39m,
    label: [32m'Status'[39m,
    width: [33m100[39m,
    defaultWidth: [33m100[39m,
    visible: [33mtrue[39m
  },
  {
    prop: [32m'category'[39m,
    label: [32m'Category'[39m,
    width: [33m120[39m,
    defaultWidth: [33m120[39m,
    visible: [33mfalse[39m
  }
] ref="VTU_COMPONENT" > 
  at <VTUROOT>
[Vue warn]: Failed to resolve component: el-divider
If this is a native custom element, make sure to exclude it from component resolution via compilerOptions.isCustomElement. 
  at <ColumnManager columns= [
  {
    prop: [32m'name'[39m,
    label: [32m'Name'[39m,
    width: [33m150[39m,
    defaultWidth: [33m120[39m,
    visible: [33mtrue[39m
  },
  {
    prop: [32m'code'[39m,
    label: [32m'Code'[39m,
    width: [33m120[39m,
    defaultWidth: [33m120[39m,
    visible: [33mtrue[39m
  },
  {
    prop: [32m'status'[39m,
    label: [32m'Status'[39m,
    width: [33m100[39m,
    defaultWidth: [33m100[39m,
    visible: [33mtrue[39m
  },
  {
    prop: [32m'category'[39m,
    label: [32m'Category'[39m,
    width: [33m120[39m,
    defaultWidth: [33m120[39m,
    visible: [33mfalse[39m
  }
] ref="VTU_COMPONENT" > 
  at <VTUROOT>
[Vue warn]: Failed to resolve component: el-icon
If this is a native custom element, make sure to exclude it from component resolution via compilerOptions.isCustomElement. 
  at <ColumnManager columns= [
  {
    prop: [32m'name'[39m,
    label: [32m'Name'[39m,
    width: [33m150[39m,
    defaultWidth: [33m120[39m,
    visible: [33mtrue[39m
  },
  {
    prop: [32m'code'[39m,
    label: [32m'Code'[39m,
    width: [33m120[39m,
    defaultWidth: [33m120[39m,
    visible: [33mtrue[39m
  },
  {
    prop: [32m'status'[39m,
    label: [32m'Status'[39m,
    width: [33m100[39m,
    defaultWidth: [33m100[39m,
    visible: [33mtrue[39m
  },
  {
    prop: [32m'category'[39m,
    label: [32m'Category'[39m,
    width: [33m120[39m,
    defaultWidth: [33m120[39m,
    visible: [33mfalse[39m
  }
] ref="VTU_COMPONENT" > 
  at <VTUROOT>
[Vue warn]: Failed to resolve component: el-checkbox
If this is a native custom element, make sure to exclude it from component resolution via compilerOptions.isCustomElement. 
  at <ColumnManager columns= [
  {
    prop: [32m'name'[39m,
    label: [32m'Name'[39m,
    width: [33m150[39m,
    defaultWidth: [33m120[39m,
    visible: [33mtrue[39m
  },
  {
    prop: [32m'code'[39m,
    label: [32m'Code'[39m,
    width: [33m120[39m,
    defaultWidth: [33m120[39m,
    visible: [33mtrue[39m
  },
  {
    prop: [32m'status'[39m,
    label: [32m'Status'[39m,
    width: [33m100[39m,
    defaultWidth: [33m100[39m,
    visible: [33mtrue[39m
  },
  {
    prop: [32m'category'[39m,
    label: [32m'Category'[39m,
    width: [33m120[39m,
    defaultWidth: [33m120[39m,
    visible: [33mfalse[39m
  }
] ref="VTU_COMPONENT" > 
  at <VTUROOT>
[Vue warn]: Failed to resolve component: el-option
If this is a native custom element, make sure to exclude it from component resolution via compilerOptions.isCustomElement. 
  at <ColumnManager columns= [
  {
    prop: [32m'name'[39m,
    label: [32m'Name'[39m,
    width: [33m150[39m,
    defaultWidth: [33m120[39m,
    visible: [33mtrue[39m
  },
  {
    prop: [32m'code'[39m,
    label: [32m'Code'[39m,
    width: [33m120[39m,
    defaultWidth: [33m120[39m,
    visible: [33mtrue[39m
  },
  {
    prop: [32m'status'[39m,
    label: [32m'Status'[39m,
    width: [33m100[39m,
    defaultWidth: [33m100[39m,
    visible: [33mtrue[39m
  },
  {
    prop: [32m'category'[39m,
    label: [32m'Category'[39m,
    width: [33m120[39m,
    defaultWidth: [33m120[39m,
    visible: [33mfalse[39m
  }
] ref="VTU_COMPONENT" > 
  at <VTUROOT>
[Vue warn]: Failed to resolve component: el-select
If this is a native custom element, make sure to exclude it from component resolution via compilerOptions.isCustomElement. 
  at <ColumnManager columns= [
  {
    prop: [32m'name'[39m,
    label: [32m'Name'[39m,
    width: [33m150[39m,
    defaultWidth: [33m120[39m,
    visible: [33mtrue[39m
  },
  {
    prop: [32m'code'[39m,
    label: [32m'Code'[39m,
    width: [33m120[39m,
    defaultWidth: [33m120[39m,
    visible: [33mtrue[39m
  },
  {
    prop: [32m'status'[39m,
    label: [32m'Status'[39m,
    width: [33m100[39m,
    defaultWidth: [33m100[39m,
    visible: [33mtrue[39m
  },
  {
    prop: [32m'category'[39m,
    label: [32m'Category'[39m,
    width: [33m120[39m,
    defaultWidth: [33m120[39m,
    visible: [33mfalse[39m
  }
] ref="VTU_COMPONENT" > 
  at <VTUROOT>
[Vue warn]: Failed to resolve component: el-input-number
If this is a native custom element, make sure to exclude it from component resolution via compilerOptions.isCustomElement. 
  at <ColumnManager columns= [
  {
    prop: [32m'name'[39m,
    label: [32m'Name'[39m,
    width: [33m150[39m,
    defaultWidth: [33m120[39m,
    visible: [33mtrue[39m
  },
  {
    prop: [32m'code'[39m,
    label: [32m'Code'[39m,
    width: [33m120[39m,
    defaultWidth: [33m120[39m,
    visible: [33mtrue[39m
  },
  {
    prop: [32m'status'[39m,
    label: [32m'Status'[39m,
    width: [33m100[39m,
    defaultWidth: [33m100[39m,
    visible: [33mtrue[39m
  },
  {
    prop: [32m'category'[39m,
    label: [32m'Category'[39m,
    width: [33m120[39m,
    defaultWidth: [33m120[39m,
    visible: [33mfalse[39m
  }
] ref="VTU_COMPONENT" > 
  at <VTUROOT>
[Vue warn]: Failed to resolve component: el-popover
If this is a native custom element, make sure to exclude it from component resolution via compilerOptions.isCustomElement. 
  at <ColumnManager columns= [
  {
    prop: [32m'name'[39m,
    label: [32m'Name'[39m,
    width: [33m150[39m,
    defaultWidth: [33m120[39m,
    visible: [33mtrue[39m
  },
  {
    prop: [32m'code'[39m,
    label: [32m'Code'[39m,
    width: [33m120[39m,
    defaultWidth: [33m120[39m,
    visible: [33mtrue[39m
  },
  {
    prop: [32m'status'[39m,
    label: [32m'Status'[39m,
    width: [33m100[39m,
    defaultWidth: [33m100[39m,
    visible: [33mtrue[39m
  },
  {
    prop: [32m'category'[39m,
    label: [32m'Category'[39m,
    width: [33m120[39m,
    defaultWidth: [33m120[39m,
    visible: [33mfalse[39m
  }
] ref="VTU_COMPONENT" > 
  at <VTUROOT>

[90mstderr[2m | src/__tests__/unit/components/common/SectionBlock.spec.ts[2m > [22m[2mSectionBlock[2m > [22m[2mshould render actions slot when provided
[22m[39m[Vue warn]: Failed to resolve component: el-icon
If this is a native custom element, make sure to exclude it from component resolution via compilerOptions.isCustomElement. 
  at <SectionBlock title="Test" ref="VTU_COMPONENT" > 
  at <VTUROOT>
[Vue warn]: Failed to resolve component: el-tag
If this is a native custom element, make sure to exclude it from component resolution via compilerOptions.isCustomElement. 
  at <SectionBlock title="Test" ref="VTU_COMPONENT" > 
  at <VTUROOT>
[Vue warn]: Failed to resolve component: el-tooltip
If this is a native custom element, make sure to exclude it from component resolution via compilerOptions.isCustomElement. 
  at <SectionBlock title="Test" ref="VTU_COMPONENT" > 
  at <VTUROOT>
[Vue warn]: Failed to resolve component: el-collapse-transition
If this is a native custom element, make sure to exclude it from component resolution via compilerOptions.isCustomElement. 
  at <SectionBlock title="Test" ref="VTU_COMPONENT" > 
  at <VTUROOT>

[90mstderr[2m | src/__tests__/unit/components/common/ColumnManager.spec.ts[2m > [22m[2mColumnManager[2m > [22m[2mshould handle column reordering via drag and drop
[22m[39m[Vue warn]: Failed to resolve component: el-button
If this is a native custom element, make sure to exclude it from component resolution via compilerOptions.isCustomElement. 
  at <ColumnManager columns= [
  {
    prop: [32m'name'[39m,
    label: [32m'Name'[39m,
    width: [33m150[39m,
    defaultWidth: [33m120[39m,
    visible: [33mtrue[39m
  },
  {
    prop: [32m'code'[39m,
    label: [32m'Code'[39m,
    width: [33m120[39m,
    defaultWidth: [33m120[39m,
    visible: [33mtrue[39m
  },
  {
    prop: [32m'status'[39m,
    label: [32m'Status'[39m,
    width: [33m100[39m,
    defaultWidth: [33m100[39m,
    visible: [33mtrue[39m
  },
  {
    prop: [32m'category'[39m,
    label: [32m'Category'[39m,
    width: [33m120[39m,
    defaultWidth: [33m120[39m,
    visible: [33mfalse[39m
  }
] ref="VTU_COMPONENT" > 
  at <VTUROOT>
[Vue warn]: Failed to resolve component: el-tooltip
If this is a native custom element, make sure to exclude it from component resolution via compilerOptions.isCustomElement. 
  at <ColumnManager columns= [
  {
    prop: [32m'name'[39m,
    label: [32m'Name'[39m,
    width: [33m150[39m,
    defaultWidth: [33m120[39m,
    visible: [33mtrue[39m
  },
  {
    prop: [32m'code'[39m,
    label: [32m'Code'[39m,
    width: [33m120[39m,
    defaultWidth: [33m120[39m,
    visible: [33mtrue[39m
  },
  {
    prop: [32m'status'[39m,
    label: [32m'Status'[39m,
    width: [33m100[39m,
    defaultWidth: [33m100[39m,
    visible: [33mtrue[39m
  },
  {
    prop: [32m'category'[39m,
    label: [32m'Category'[39m,
    width: [33m120[39m,
    defaultWidth: [33m120[39m,
    visible: [33mfalse[39m
  }
] ref="VTU_COMPONENT" > 
  at <VTUROOT>
[Vue warn]: Failed to resolve component: el-divider
If this is a native custom element, make sure to exclude it from component resolution via compilerOptions.isCustomElement. 
  at <ColumnManager columns= [
  {
    prop: [32m'name'[39m,
    label: [32m'Name'[39m,
    width: [33m150[39m,
    defaultWidth: [33m120[39m,
    visible: [33mtrue[39m
  },
  {
    prop: [32m'code'[39m,
    label: [32m'Code'[39m,
    width: [33m120[39m,
    defaultWidth: [33m120[39m,
    visible: [33mtrue[39m
  },
  {
    prop: [32m'status'[39m,
    label: [32m'Status'[39m,
    width: [33m100[39m,
    defaultWidth: [33m100[39m,
    visible: [33mtrue[39m
  },
  {
    prop: [32m'category'[39m,
    label: [32m'Category'[39m,
    width: [33m120[39m,
    defaultWidth: [33m120[39m,
    visible: [33mfalse[39m
  }
] ref="VTU_COMPONENT" > 
  at <VTUROOT>
[Vue warn]: Failed to resolve component: el-icon
If this is a native custom element, make sure to exclude it from component resolution via compilerOptions.isCustomElement. 
  at <ColumnManager columns= [
  {
    prop: [32m'name'[39m,
    label: [32m'Name'[39m,
    width: [33m150[39m,
    defaultWidth: [33m120[39m,
    visible: [33mtrue[39m
  },
  {
    prop: [32m'code'[39m,
    label: [32m'Code'[39m,
    width: [33m120[39m,
    defaultWidth: [33m120[39m,
    visible: [33mtrue[39m
  },
  {
    prop: [32m'status'[39m,
    label: [32m'Status'[39m,
    width: [33m100[39m,
    defaultWidth: [33m100[39m,
    visible: [33mtrue[39m
  },
  {
    prop: [32m'category'[39m,
    label: [32m'Category'[39m,
    width: [33m120[39m,
    defaultWidth: [33m120[39m,
    visible: [33mfalse[39m
  }
] ref="VTU_COMPONENT" > 
  at <VTUROOT>
[Vue warn]: Failed to resolve component: el-checkbox
If this is a native custom element, make sure to exclude it from component resolution via compilerOptions.isCustomElement. 
  at <ColumnManager columns= [
  {
    prop: [32m'name'[39m,
    label: [32m'Name'[39m,
    width: [33m150[39m,
    defaultWidth: [33m120[39m,
    visible: [33mtrue[39m
  },
  {
    prop: [32m'code'[39m,
    label: [32m'Code'[39m,
    width: [33m120[39m,
    defaultWidth: [33m120[39m,
    visible: [33mtrue[39m
  },
  {
    prop: [32m'status'[39m,
    label: [32m'Status'[39m,
    width: [33m100[39m,
    defaultWidth: [33m100[39m,
    visible: [33mtrue[39m
  },
  {
    prop: [32m'category'[39m,
    label: [32m'Category'[39m,
    width: [33m120[39m,
    defaultWidth: [33m120[39m,
    visible: [33mfalse[39m
  }
] ref="VTU_COMPONENT" > 
  at <VTUROOT>
[Vue warn]: Failed to resolve component: el-option
If this is a native custom element, make sure to exclude it from component resolution via compilerOptions.isCustomElement. 
  at <ColumnManager columns= [
  {
    prop: [32m'name'[39m,
    label: [32m'Name'[39m,
    width: [33m150[39m,
    defaultWidth: [33m120[39m,
    visible: [33mtrue[39m
  },
  {
    prop: [32m'code'[39m,
    label: [32m'Code'[39m,
    width: [33m120[39m,
    defaultWidth: [33m120[39m,
    visible: [33mtrue[39m
  },
  {
    prop: [32m'status'[39m,
    label: [32m'Status'[39m,
    width: [33m100[39m,
    defaultWidth: [33m100[39m,
    visible: [33mtrue[39m
  },
  {
    prop: [32m'category'[39m,
    label: [32m'Category'[39m,
    width: [33m120[39m,
    defaultWidth: [33m120[39m,
    visible: [33mfalse[39m
  }
] ref="VTU_COMPONENT" > 
  at <VTUROOT>
[Vue warn]: Failed to resolve component: el-select
If this is a native custom element, make sure to exclude it from component resolution via compilerOptions.isCustomElement. 
  at <ColumnManager columns= [
  {
    prop: [32m'name'[39m,
    label: [32m'Name'[39m,
    width: [33m150[39m,
    defaultWidth: [33m120[39m,
    visible: [33mtrue[39m
  },
  {
    prop: [32m'code'[39m,
    label: [32m'Code'[39m,
    width: [33m120[39m,
    defaultWidth: [33m120[39m,
    visible: [33mtrue[39m
  },
  {
    prop: [32m'status'[39m,
    label: [32m'Status'[39m,
    width: [33m100[39m,
    defaultWidth: [33m100[39m,
    visible: [33mtrue[39m
  },
  {
    prop: [32m'category'[39m,
    label: [32m'Category'[39m,
    width: [33m120[39m,
    defaultWidth: [33m120[39m,
    visible: [33mfalse[39m
  }
] ref="VTU_COMPONENT" > 
  at <VTUROOT>
[Vue warn]: Failed to resolve component: el-input-number
If this is a native custom element, make sure to exclude it from component resolution via compilerOptions.isCustomElement. 
  at <ColumnManager columns= [
  {
    prop: [32m'name'[39m,
    label: [32m'Name'[39m,
    width: [33m150[39m,
    defaultWidth: [33m120[39m,
    visible: [33mtrue[39m
  },
  {
    prop: [32m'code'[39m,
    label: [32m'Code'[39m,
    width: [33m120[39m,
    defaultWidth: [33m120[39m,
    visible: [33mtrue[39m
  },
  {
    prop: [32m'status'[39m,
    label: [32m'Status'[39m,
    width: [33m100[39m,
    defaultWidth: [33m100[39m,
    visible: [33mtrue[39m
  },
  {
    prop: [32m'category'[39m,
    label: [32m'Category'[39m,
    width: [33m120[39m,
    defaultWidth: [33m120[39m,
    visible: [33mfalse[39m
  }
] ref="VTU_COMPONENT" > 
  at <VTUROOT>
[Vue warn]: Failed to resolve component: el-popover
If this is a native custom element, make sure to exclude it from component resolution via compilerOptions.isCustomElement. 
  at <ColumnManager columns= [
  {
    prop: [32m'name'[39m,
    label: [32m'Name'[39m,
    width: [33m150[39m,
    defaultWidth: [33m120[39m,
    visible: [33mtrue[39m
  },
  {
    prop: [32m'code'[39m,
    label: [32m'Code'[39m,
    width: [33m120[39m,
    defaultWidth: [33m120[39m,
    visible: [33mtrue[39m
  },
  {
    prop: [32m'status'[39m,
    label: [32m'Status'[39m,
    width: [33m100[39m,
    defaultWidth: [33m100[39m,
    visible: [33mtrue[39m
  },
  {
    prop: [32m'category'[39m,
    label: [32m'Category'[39m,
    width: [33m120[39m,
    defaultWidth: [33m120[39m,
    visible: [33mfalse[39m
  }
] ref="VTU_COMPONENT" > 
  at <VTUROOT>

[90mstderr[2m | src/__tests__/unit/components/common/SectionBlock.spec.ts[2m > [22m[2mSectionBlock[2m > [22m[2mshould render default slot content
[22m[39m[Vue warn]: Failed to resolve component: el-icon
If this is a native custom element, make sure to exclude it from component resolution via compilerOptions.isCustomElement. 
  at <SectionBlock title="Test" ref="VTU_COMPONENT" > 
  at <VTUROOT>
[Vue warn]: Failed to resolve component: el-tag
If this is a native custom element, make sure to exclude it from component resolution via compilerOptions.isCustomElement. 
  at <SectionBlock title="Test" ref="VTU_COMPONENT" > 
  at <VTUROOT>
[Vue warn]: Failed to resolve component: el-tooltip
If this is a native custom element, make sure to exclude it from component resolution via compilerOptions.isCustomElement. 
  at <SectionBlock title="Test" ref="VTU_COMPONENT" > 
  at <VTUROOT>
[Vue warn]: Failed to resolve component: el-collapse-transition
If this is a native custom element, make sure to exclude it from component resolution via compilerOptions.isCustomElement. 
  at <SectionBlock title="Test" ref="VTU_COMPONENT" > 
  at <VTUROOT>

[90mstderr[2m | src/__tests__/unit/components/common/ColumnManager.spec.ts[2m > [22m[2mColumnManager[2m > [22m[2mshould handle reset to defaults
[22m[39m[Vue warn]: Failed to resolve component: el-button
If this is a native custom element, make sure to exclude it from component resolution via compilerOptions.isCustomElement. 
  at <ColumnManager columns= [
  {
    prop: [32m'name'[39m,
    label: [32m'Name'[39m,
    width: [33m200[39m,
    defaultWidth: [33m120[39m,
    visible: [33mfalse[39m,
    defaultVisible: [33mtrue[39m
  },
  {
    prop: [32m'code'[39m,
    label: [32m'Code'[39m,
    width: [33m150[39m,
    defaultWidth: [33m120[39m,
    visible: [33mtrue[39m,
    defaultVisible: [33mtrue[39m,
    fixed: [32m'left'[39m
  }
] ref="VTU_COMPONENT" > 
  at <VTUROOT>
[Vue warn]: Failed to resolve component: el-tooltip
If this is a native custom element, make sure to exclude it from component resolution via compilerOptions.isCustomElement. 
  at <ColumnManager columns= [
  {
    prop: [32m'name'[39m,
    label: [32m'Name'[39m,
    width: [33m200[39m,
    defaultWidth: [33m120[39m,
    visible: [33mfalse[39m,
    defaultVisible: [33mtrue[39m
  },
  {
    prop: [32m'code'[39m,
    label: [32m'Code'[39m,
    width: [33m150[39m,
    defaultWidth: [33m120[39m,
    visible: [33mtrue[39m,
    defaultVisible: [33mtrue[39m,
    fixed: [32m'left'[39m
  }
] ref="VTU_COMPONENT" > 
  at <VTUROOT>
[Vue warn]: Failed to resolve component: el-divider
If this is a native custom element, make sure to exclude it from component resolution via compilerOptions.isCustomElement. 
  at <ColumnManager columns= [
  {
    prop: [32m'name'[39m,
    label: [32m'Name'[39m,
    width: [33m200[39m,
    defaultWidth: [33m120[39m,
    visible: [33mfalse[39m,
    defaultVisible: [33mtrue[39m
  },
  {
    prop: [32m'code'[39m,
    label: [32m'Code'[39m,
    width: [33m150[39m,
    defaultWidth: [33m120[39m,
    visible: [33mtrue[39m,
    defaultVisible: [33mtrue[39m,
    fixed: [32m'left'[39m
  }
] ref="VTU_COMPONENT" > 
  at <VTUROOT>
[Vue warn]: Failed to resolve component: el-icon
If this is a native custom element, make sure to exclude it from component resolution via compilerOptions.isCustomElement. 
  at <ColumnManager columns= [
  {
    prop: [32m'name'[39m,
    label: [32m'Name'[39m,
    width: [33m200[39m,
    defaultWidth: [33m120[39m,
    visible: [33mfalse[39m,
    defaultVisible: [33mtrue[39m
  },
  {
    prop: [32m'code'[39m,
    label: [32m'Code'[39m,
    width: [33m150[39m,
    defaultWidth: [33m120[39m,
    visible: [33mtrue[39m,
    defaultVisible: [33mtrue[39m,
    fixed: [32m'left'[39m
  }
] ref="VTU_COMPONENT" > 
  at <VTUROOT>
[Vue warn]: Failed to resolve component: el-checkbox
If this is a native custom element, make sure to exclude it from component resolution via compilerOptions.isCustomElement. 
  at <ColumnManager columns= [
  {
    prop: [32m'name'[39m,
    label: [32m'Name'[39m,
    width: [33m200[39m,
    defaultWidth: [33m120[39m,
    visible: [33mfalse[39m,
    defaultVisible: [33mtrue[39m
  },
  {
    prop: [32m'code'[39m,
    label: [32m'Code'[39m,
    width: [33m150[39m,
    defaultWidth: [33m120[39m,
    visible: [33mtrue[39m,
    defaultVisible: [33mtrue[39m,
    fixed: [32m'left'[39m
  }
] ref="VTU_COMPONENT" > 
  at <VTUROOT>
[Vue warn]: Failed to resolve component: el-option
If this is a native custom element, make sure to exclude it from component resolution via compilerOptions.isCustomElement. 
  at <ColumnManager columns= [
  {
    prop: [32m'name'[39m,
    label: [32m'Name'[39m,
    width: [33m200[39m,
    defaultWidth: [33m120[39m,
    visible: [33mfalse[39m,
    defaultVisible: [33mtrue[39m
  },
  {
    prop: [32m'code'[39m,
    label: [32m'Code'[39m,
    width: [33m150[39m,
    defaultWidth: [33m120[39m,
    visible: [33mtrue[39m,
    defaultVisible: [33mtrue[39m,
    fixed: [32m'left'[39m
  }
] ref="VTU_COMPONENT" > 
  at <VTUROOT>
[Vue warn]: Failed to resolve component: el-select
If this is a native custom element, make sure to exclude it from component resolution via compilerOptions.isCustomElement. 
  at <ColumnManager columns= [
  {
    prop: [32m'name'[39m,
    label: [32m'Name'[39m,
    width: [33m200[39m,
    defaultWidth: [33m120[39m,
    visible: [33mfalse[39m,
    defaultVisible: [33mtrue[39m
  },
  {
    prop: [32m'code'[39m,
    label: [32m'Code'[39m,
    width: [33m150[39m,
    defaultWidth: [33m120[39m,
    visible: [33mtrue[39m,
    defaultVisible: [33mtrue[39m,
    fixed: [32m'left'[39m
  }
] ref="VTU_COMPONENT" > 
  at <VTUROOT>
[Vue warn]: Failed to resolve component: el-input-number
If this is a native custom element, make sure to exclude it from component resolution via compilerOptions.isCustomElement. 
  at <ColumnManager columns= [
  {
    prop: [32m'name'[39m,
    label: [32m'Name'[39m,
    width: [33m200[39m,
    defaultWidth: [33m120[39m,
    visible: [33mfalse[39m,
    defaultVisible: [33mtrue[39m
  },
  {
    prop: [32m'code'[39m,
    label: [32m'Code'[39m,
    width: [33m150[39m,
    defaultWidth: [33m120[39m,
    visible: [33mtrue[39m,
    defaultVisible: [33mtrue[39m,
    fixed: [32m'left'[39m
  }
] ref="VTU_COMPONENT" > 
  at <VTUROOT>
[Vue warn]: Failed to resolve component: el-popover
If this is a native custom element, make sure to exclude it from component resolution via compilerOptions.isCustomElement. 
  at <ColumnManager columns= [
  {
    prop: [32m'name'[39m,
    label: [32m'Name'[39m,
    width: [33m200[39m,
    defaultWidth: [33m120[39m,
    visible: [33mfalse[39m,
    defaultVisible: [33mtrue[39m
  },
  {
    prop: [32m'code'[39m,
    label: [32m'Code'[39m,
    width: [33m150[39m,
    defaultWidth: [33m120[39m,
    visible: [33mtrue[39m,
    defaultVisible: [33mtrue[39m,
    fixed: [32m'left'[39m
  }
] ref="VTU_COMPONENT" > 
  at <VTUROOT>

[90mstderr[2m | src/__tests__/unit/components/common/ColumnManager.spec.ts[2m > [22m[2mColumnManager[2m > [22m[2mshould handle reset to defaults
[22m[39m[Vue warn]: Failed to resolve component: el-button
If this is a native custom element, make sure to exclude it from component resolution via compilerOptions.isCustomElement. 
  at <ColumnManager columns= [
  {
    prop: [32m'name'[39m,
    label: [32m'Name'[39m,
    width: [33m200[39m,
    defaultWidth: [33m120[39m,
    visible: [33mfalse[39m,
    defaultVisible: [33mtrue[39m
  },
  {
    prop: [32m'code'[39m,
    label: [32m'Code'[39m,
    width: [33m150[39m,
    defaultWidth: [33m120[39m,
    visible: [33mtrue[39m,
    defaultVisible: [33mtrue[39m,
    fixed: [32m'left'[39m
  }
] ref="VTU_COMPONENT" > 
  at <VTUROOT>
[Vue warn]: Failed to resolve component: el-tooltip
If this is a native custom element, make sure to exclude it from component resolution via compilerOptions.isCustomElement. 
  at <ColumnManager columns= [
  {
    prop: [32m'name'[39m,
    label: [32m'Name'[39m,
    width: [33m200[39m,
    defaultWidth: [33m120[39m,
    visible: [33mfalse[39m,
    defaultVisible: [33mtrue[39m
  },
  {
    prop: [32m'code'[39m,
    label: [32m'Code'[39m,
    width: [33m150[39m,
    defaultWidth: [33m120[39m,
    visible: [33mtrue[39m,
    defaultVisible: [33mtrue[39m,
    fixed: [32m'left'[39m
  }
] ref="VTU_COMPONENT" > 
  at <VTUROOT>
[Vue warn]: Failed to resolve component: el-divider
If this is a native custom element, make sure to exclude it from component resolution via compilerOptions.isCustomElement. 
  at <ColumnManager columns= [
  {
    prop: [32m'name'[39m,
    label: [32m'Name'[39m,
    width: [33m200[39m,
    defaultWidth: [33m120[39m,
    visible: [33mfalse[39m,
    defaultVisible: [33mtrue[39m
  },
  {
    prop: [32m'code'[39m,
    label: [32m'Code'[39m,
    width: [33m150[39m,
    defaultWidth: [33m120[39m,
    visible: [33mtrue[39m,
    defaultVisible: [33mtrue[39m,
    fixed: [32m'left'[39m
  }
] ref="VTU_COMPONENT" > 
  at <VTUROOT>
[Vue warn]: Failed to resolve component: el-icon
If this is a native custom element, make sure to exclude it from component resolution via compilerOptions.isCustomElement. 
  at <ColumnManager columns= [
  {
    prop: [32m'name'[39m,
    label: [32m'Name'[39m,
    width: [33m200[39m,
    defaultWidth: [33m120[39m,
    visible: [33mfalse[39m,
    defaultVisible: [33mtrue[39m
  },
  {
    prop: [32m'code'[39m,
    label: [32m'Code'[39m,
    width: [33m150[39m,
    defaultWidth: [33m120[39m,
    visible: [33mtrue[39m,
    defaultVisible: [33mtrue[39m,
    fixed: [32m'left'[39m
  }
] ref="VTU_COMPONENT" > 
  at <VTUROOT>
[Vue warn]: Failed to resolve component: el-checkbox
If this is a native custom element, make sure to exclude it from component resolution via compilerOptions.isCustomElement. 
  at <ColumnManager columns= [
  {
    prop: [32m'name'[39m,
    label: [32m'Name'[39m,
    width: [33m200[39m,
    defaultWidth: [33m120[39m,
    visible: [33mfalse[39m,
    defaultVisible: [33mtrue[39m
  },
  {
    prop: [32m'code'[39m,
    label: [32m'Code'[39m,
    width: [33m150[39m,
    defaultWidth: [33m120[39m,
    visible: [33mtrue[39m,
    defaultVisible: [33mtrue[39m,
    fixed: [32m'left'[39m
  }
] ref="VTU_COMPONENT" > 
  at <VTUROOT>
[Vue warn]: Failed to resolve component: el-option
If this is a native custom element, make sure to exclude it from component resolution via compilerOptions.isCustomElement. 
  at <ColumnManager columns= [
  {
    prop: [32m'name'[39m,
    label: [32m'Name'[39m,
    width: [33m200[39m,
    defaultWidth: [33m120[39m,
    visible: [33mfalse[39m,
    defaultVisible: [33mtrue[39m
  },
  {
    prop: [32m'code'[39m,
    label: [32m'Code'[39m,
    width: [33m150[39m,
    defaultWidth: [33m120[39m,
    visible: [33mtrue[39m,
    defaultVisible: [33mtrue[39m,
    fixed: [32m'left'[39m
  }
] ref="VTU_COMPONENT" > 
  at <VTUROOT>
[Vue warn]: Failed to resolve component: el-select
If this is a native custom element, make sure to exclude it from component resolution via compilerOptions.isCustomElement. 
  at <ColumnManager columns= [
  {
    prop: [32m'name'[39m,
    label: [32m'Name'[39m,
    width: [33m200[39m,
    defaultWidth: [33m120[39m,
    visible: [33mfalse[39m,
    defaultVisible: [33mtrue[39m
  },
  {
    prop: [32m'code'[39m,
    label: [32m'Code'[39m,
    width: [33m150[39m,
    defaultWidth: [33m120[39m,
    visible: [33mtrue[39m,
    defaultVisible: [33mtrue[39m,
    fixed: [32m'left'[39m
  }
] ref="VTU_COMPONENT" > 
  at <VTUROOT>
[Vue warn]: Failed to resolve component: el-input-number
If this is a native custom element, make sure to exclude it from component resolution via compilerOptions.isCustomElement. 
  at <ColumnManager columns= [
  {
    prop: [32m'name'[39m,
    label: [32m'Name'[39m,
    width: [33m200[39m,
    defaultWidth: [33m120[39m,
    visible: [33mfalse[39m,
    defaultVisible: [33mtrue[39m
  },
  {
    prop: [32m'code'[39m,
    label: [32m'Code'[39m,
    width: [33m150[39m,
    defaultWidth: [33m120[39m,
    visible: [33mtrue[39m,
    defaultVisible: [33mtrue[39m,
    fixed: [32m'left'[39m
  }
] ref="VTU_COMPONENT" > 
  at <VTUROOT>
[Vue warn]: Failed to resolve component: el-popover
If this is a native custom element, make sure to exclude it from component resolution via compilerOptions.isCustomElement. 
  at <ColumnManager columns= [
  {
    prop: [32m'name'[39m,
    label: [32m'Name'[39m,
    width: [33m200[39m,
    defaultWidth: [33m120[39m,
    visible: [33mfalse[39m,
    defaultVisible: [33mtrue[39m
  },
  {
    prop: [32m'code'[39m,
    label: [32m'Code'[39m,
    width: [33m150[39m,
    defaultWidth: [33m120[39m,
    visible: [33mtrue[39m,
    defaultVisible: [33mtrue[39m,
    fixed: [32m'left'[39m
  }
] ref="VTU_COMPONENT" > 
  at <VTUROOT>

[90mstderr[2m | src/__tests__/unit/components/common/SectionBlock.spec.ts[2m > [22m[2mSectionBlock[2m > [22m[2mshould render body slot when provided
[22m[39m[Vue warn]: Failed to resolve component: el-icon
If this is a native custom element, make sure to exclude it from component resolution via compilerOptions.isCustomElement. 
  at <SectionBlock title="Test" ref="VTU_COMPONENT" > 
  at <VTUROOT>
[Vue warn]: Failed to resolve component: el-tag
If this is a native custom element, make sure to exclude it from component resolution via compilerOptions.isCustomElement. 
  at <SectionBlock title="Test" ref="VTU_COMPONENT" > 
  at <VTUROOT>
[Vue warn]: Failed to resolve component: el-tooltip
If this is a native custom element, make sure to exclude it from component resolution via compilerOptions.isCustomElement. 
  at <SectionBlock title="Test" ref="VTU_COMPONENT" > 
  at <VTUROOT>
[Vue warn]: Failed to resolve component: el-collapse-transition
If this is a native custom element, make sure to exclude it from component resolution via compilerOptions.isCustomElement. 
  at <SectionBlock title="Test" ref="VTU_COMPONENT" > 
  at <VTUROOT>

[90mstderr[2m | src/__tests__/unit/components/common/ColumnManager.spec.ts[2m > [22m[2mColumnManager[2m > [22m[2mshould handle save
[22m[39m[Vue warn]: Failed to resolve component: el-button
If this is a native custom element, make sure to exclude it from component resolution via compilerOptions.isCustomElement. 
  at <ColumnManager columns= [
  {
    prop: [32m'name'[39m,
    label: [32m'Name'[39m,
    width: [33m150[39m,
    defaultWidth: [33m120[39m,
    visible: [33mtrue[39m
  },
  {
    prop: [32m'code'[39m,
    label: [32m'Code'[39m,
    width: [33m120[39m,
    defaultWidth: [33m120[39m,
    visible: [33mtrue[39m
  },
  {
    prop: [32m'status'[39m,
    label: [32m'Status'[39m,
    width: [33m100[39m,
    defaultWidth: [33m100[39m,
    visible: [33mtrue[39m
  },
  {
    prop: [32m'category'[39m,
    label: [32m'Category'[39m,
    width: [33m120[39m,
    defaultWidth: [33m120[39m,
    visible: [33mfalse[39m
  }
] ref="VTU_COMPONENT" > 
  at <VTUROOT>
[Vue warn]: Failed to resolve component: el-tooltip
If this is a native custom element, make sure to exclude it from component resolution via compilerOptions.isCustomElement. 
  at <ColumnManager columns= [
  {
    prop: [32m'name'[39m,
    label: [32m'Name'[39m,
    width: [33m150[39m,
    defaultWidth: [33m120[39m,
    visible: [33mtrue[39m
  },
  {
    prop: [32m'code'[39m,
    label: [32m'Code'[39m,
    width: [33m120[39m,
    defaultWidth: [33m120[39m,
    visible: [33mtrue[39m
  },
  {
    prop: [32m'status'[39m,
    label: [32m'Status'[39m,
    width: [33m100[39m,
    defaultWidth: [33m100[39m,
    visible: [33mtrue[39m
  },
  {
    prop: [32m'category'[39m,
    label: [32m'Category'[39m,
    width: [33m120[39m,
    defaultWidth: [33m120[39m,
    visible: [33mfalse[39m
  }
] ref="VTU_COMPONENT" > 
  at <VTUROOT>
[Vue warn]: Failed to resolve component: el-divider
If this is a native custom element, make sure to exclude it from component resolution via compilerOptions.isCustomElement. 
  at <ColumnManager columns= [
  {
    prop: [32m'name'[39m,
    label: [32m'Name'[39m,
    width: [33m150[39m,
    defaultWidth: [33m120[39m,
    visible: [33mtrue[39m
  },
  {
    prop: [32m'code'[39m,
    label: [32m'Code'[39m,
    width: [33m120[39m,
    defaultWidth: [33m120[39m,
    visible: [33mtrue[39m
  },
  {
    prop: [32m'status'[39m,
    label: [32m'Status'[39m,
    width: [33m100[39m,
    defaultWidth: [33m100[39m,
    visible: [33mtrue[39m
  },
  {
    prop: [32m'category'[39m,
    label: [32m'Category'[39m,
    width: [33m120[39m,
    defaultWidth: [33m120[39m,
    visible: [33mfalse[39m
  }
] ref="VTU_COMPONENT" > 
  at <VTUROOT>
[Vue warn]: Failed to resolve component: el-icon
If this is a native custom element, make sure to exclude it from component resolution via compilerOptions.isCustomElement. 
  at <ColumnManager columns= [
  {
    prop: [32m'name'[39m,
    label: [32m'Name'[39m,
    width: [33m150[39m,
    defaultWidth: [33m120[39m,
    visible: [33mtrue[39m
  },
  {
    prop: [32m'code'[39m,
    label: [32m'Code'[39m,
    width: [33m120[39m,
    defaultWidth: [33m120[39m,
    visible: [33mtrue[39m
  },
  {
    prop: [32m'status'[39m,
    label: [32m'Status'[39m,
    width: [33m100[39m,
    defaultWidth: [33m100[39m,
    visible: [33mtrue[39m
  },
  {
    prop: [32m'category'[39m,
    label: [32m'Category'[39m,
    width: [33m120[39m,
    defaultWidth: [33m120[39m,
    visible: [33mfalse[39m
  }
] ref="VTU_COMPONENT" > 
  at <VTUROOT>
[Vue warn]: Failed to resolve component: el-checkbox
If this is a native custom element, make sure to exclude it from component resolution via compilerOptions.isCustomElement. 
  at <ColumnManager columns= [
  {
    prop: [32m'name'[39m,
    label: [32m'Name'[39m,
    width: [33m150[39m,
    defaultWidth: [33m120[39m,
    visible: [33mtrue[39m
  },
  {
    prop: [32m'code'[39m,
    label: [32m'Code'[39m,
    width: [33m120[39m,
    defaultWidth: [33m120[39m,
    visible: [33mtrue[39m
  },
  {
    prop: [32m'status'[39m,
    label: [32m'Status'[39m,
    width: [33m100[39m,
    defaultWidth: [33m100[39m,
    visible: [33mtrue[39m
  },
  {
    prop: [32m'category'[39m,
    label: [32m'Category'[39m,
    width: [33m120[39m,
    defaultWidth: [33m120[39m,
    visible: [33mfalse[39m
  }
] ref="VTU_COMPONENT" > 
  at <VTUROOT>
[Vue warn]: Failed to resolve component: el-option
If this is a native custom element, make sure to exclude it from component resolution via compilerOptions.isCustomElement. 
  at <ColumnManager columns= [
  {
    prop: [32m'name'[39m,
    label: [32m'Name'[39m,
    width: [33m150[39m,
    defaultWidth: [33m120[39m,
    visible: [33mtrue[39m
  },
  {
    prop: [32m'code'[39m,
    label: [32m'Code'[39m,
    width: [33m120[39m,
    defaultWidth: [33m120[39m,
    visible: [33mtrue[39m
  },
  {
    prop: [32m'status'[39m,
    label: [32m'Status'[39m,
    width: [33m100[39m,
    defaultWidth: [33m100[39m,
    visible: [33mtrue[39m
  },
  {
    prop: [32m'category'[39m,
    label: [32m'Category'[39m,
    width: [33m120[39m,
    defaultWidth: [33m120[39m,
    visible: [33mfalse[39m
  }
] ref="VTU_COMPONENT" > 
  at <VTUROOT>
[Vue warn]: Failed to resolve component: el-select
If this is a native custom element, make sure to exclude it from component resolution via compilerOptions.isCustomElement. 
  at <ColumnManager columns= [
  {
    prop: [32m'name'[39m,
    label: [32m'Name'[39m,
    width: [33m150[39m,
    defaultWidth: [33m120[39m,
    visible: [33mtrue[39m
  },
  {
    prop: [32m'code'[39m,
    label: [32m'Code'[39m,
    width: [33m120[39m,
    defaultWidth: [33m120[39m,
    visible: [33mtrue[39m
  },
  {
    prop: [32m'status'[39m,
    label: [32m'Status'[39m,
    width: [33m100[39m,
    defaultWidth: [33m100[39m,
    visible: [33mtrue[39m
  },
  {
    prop: [32m'category'[39m,
    label: [32m'Category'[39m,
    width: [33m120[39m,
    defaultWidth: [33m120[39m,
    visible: [33mfalse[39m
  }
] ref="VTU_COMPONENT" > 
  at <VTUROOT>
[Vue warn]: Failed to resolve component: el-input-number
If this is a native custom element, make sure to exclude it from component resolution via compilerOptions.isCustomElement. 
  at <ColumnManager columns= [
  {
    prop: [32m'name'[39m,
    label: [32m'Name'[39m,
    width: [33m150[39m,
    defaultWidth: [33m120[39m,
    visible: [33mtrue[39m
  },
  {
    prop: [32m'code'[39m,
    label: [32m'Code'[39m,
    width: [33m120[39m,
    defaultWidth: [33m120[39m,
    visible: [33mtrue[39m
  },
  {
    prop: [32m'status'[39m,
    label: [32m'Status'[39m,
    width: [33m100[39m,
    defaultWidth: [33m100[39m,
    visible: [33mtrue[39m
  },
  {
    prop: [32m'category'[39m,
    label: [32m'Category'[39m,
    width: [33m120[39m,
    defaultWidth: [33m120[39m,
    visible: [33mfalse[39m
  }
] ref="VTU_COMPONENT" > 
  at <VTUROOT>
[Vue warn]: Failed to resolve component: el-popover
If this is a native custom element, make sure to exclude it from component resolution via compilerOptions.isCustomElement. 
  at <ColumnManager columns= [
  {
    prop: [32m'name'[39m,
    label: [32m'Name'[39m,
    width: [33m150[39m,
    defaultWidth: [33m120[39m,
    visible: [33mtrue[39m
  },
  {
    prop: [32m'code'[39m,
    label: [32m'Code'[39m,
    width: [33m120[39m,
    defaultWidth: [33m120[39m,
    visible: [33mtrue[39m
  },
  {
    prop: [32m'status'[39m,
    label: [32m'Status'[39m,
    width: [33m100[39m,
    defaultWidth: [33m100[39m,
    visible: [33mtrue[39m
  },
  {
    prop: [32m'category'[39m,
    label: [32m'Category'[39m,
    width: [33m120[39m,
    defaultWidth: [33m120[39m,
    visible: [33mfalse[39m
  }
] ref="VTU_COMPONENT" > 
  at <VTUROOT>

[90mstderr[2m | src/__tests__/unit/components/common/SectionBlock.spec.ts[2m > [22m[2mSectionBlock[2m > [22m[2mshould add is-collapsed class when collapsed
[22m[39m[Vue warn]: Failed to resolve component: el-icon
If this is a native custom element, make sure to exclude it from component resolution via compilerOptions.isCustomElement. 
  at <SectionBlock title="Test" ref="VTU_COMPONENT" > 
  at <VTUROOT>
[Vue warn]: Failed to resolve component: el-tag
If this is a native custom element, make sure to exclude it from component resolution via compilerOptions.isCustomElement. 
  at <SectionBlock title="Test" ref="VTU_COMPONENT" > 
  at <VTUROOT>
[Vue warn]: Failed to resolve component: el-tooltip
If this is a native custom element, make sure to exclude it from component resolution via compilerOptions.isCustomElement. 
  at <SectionBlock title="Test" ref="VTU_COMPONENT" > 
  at <VTUROOT>
[Vue warn]: Failed to resolve component: el-collapse-transition
If this is a native custom element, make sure to exclude it from component resolution via compilerOptions.isCustomElement. 
  at <SectionBlock title="Test" ref="VTU_COMPONENT" > 
  at <VTUROOT>

[90mstderr[2m | src/__tests__/unit/components/common/ColumnManager.spec.ts[2m > [22m[2mColumnManager[2m > [22m[2mshould handle toggle all visibility
[22m[39m[Vue warn]: Failed to resolve component: el-button
If this is a native custom element, make sure to exclude it from component resolution via compilerOptions.isCustomElement. 
  at <ColumnManager columns= [
  {
    prop: [32m'name'[39m,
    label: [32m'Name'[39m,
    width: [33m150[39m,
    defaultWidth: [33m120[39m,
    visible: [33mtrue[39m
  },
  {
    prop: [32m'code'[39m,
    label: [32m'Code'[39m,
    width: [33m120[39m,
    defaultWidth: [33m120[39m,
    visible: [33mtrue[39m
  },
  {
    prop: [32m'status'[39m,
    label: [32m'Status'[39m,
    width: [33m100[39m,
    defaultWidth: [33m100[39m,
    visible: [33mtrue[39m
  },
  {
    prop: [32m'category'[39m,
    label: [32m'Category'[39m,
    width: [33m120[39m,
    defaultWidth: [33m120[39m,
    visible: [33mfalse[39m
  }
] ref="VTU_COMPONENT" > 
  at <VTUROOT>
[Vue warn]: Failed to resolve component: el-tooltip
If this is a native custom element, make sure to exclude it from component resolution via compilerOptions.isCustomElement. 
  at <ColumnManager columns= [
  {
    prop: [32m'name'[39m,
    label: [32m'Name'[39m,
    width: [33m150[39m,
    defaultWidth: [33m120[39m,
    visible: [33mtrue[39m
  },
  {
    prop: [32m'code'[39m,
    label: [32m'Code'[39m,
    width: [33m120[39m,
    defaultWidth: [33m120[39m,
    visible: [33mtrue[39m
  },
  {
    prop: [32m'status'[39m,
    label: [32m'Status'[39m,
    width: [33m100[39m,
    defaultWidth: [33m100[39m,
    visible: [33mtrue[39m
  },
  {
    prop: [32m'category'[39m,
    label: [32m'Category'[39m,
    width: [33m120[39m,
    defaultWidth: [33m120[39m,
    visible: [33mfalse[39m
  }
] ref="VTU_COMPONENT" > 
  at <VTUROOT>
[Vue warn]: Failed to resolve component: el-divider
If this is a native custom element, make sure to exclude it from component resolution via compilerOptions.isCustomElement. 
  at <ColumnManager columns= [
  {
    prop: [32m'name'[39m,
    label: [32m'Name'[39m,
    width: [33m150[39m,
    defaultWidth: [33m120[39m,
    visible: [33mtrue[39m
  },
  {
    prop: [32m'code'[39m,
    label: [32m'Code'[39m,
    width: [33m120[39m,
    defaultWidth: [33m120[39m,
    visible: [33mtrue[39m
  },
  {
    prop: [32m'status'[39m,
    label: [32m'Status'[39m,
    width: [33m100[39m,
    defaultWidth: [33m100[39m,
    visible: [33mtrue[39m
  },
  {
    prop: [32m'category'[39m,
    label: [32m'Category'[39m,
    width: [33m120[39m,
    defaultWidth: [33m120[39m,
    visible: [33mfalse[39m
  }
] ref="VTU_COMPONENT" > 
  at <VTUROOT>
[Vue warn]: Failed to resolve component: el-icon
If this is a native custom element, make sure to exclude it from component resolution via compilerOptions.isCustomElement. 
  at <ColumnManager columns= [
  {
    prop: [32m'name'[39m,
    label: [32m'Name'[39m,
    width: [33m150[39m,
    defaultWidth: [33m120[39m,
    visible: [33mtrue[39m
  },
  {
    prop: [32m'code'[39m,
    label: [32m'Code'[39m,
    width: [33m120[39m,
    defaultWidth: [33m120[39m,
    visible: [33mtrue[39m
  },
  {
    prop: [32m'status'[39m,
    label: [32m'Status'[39m,
    width: [33m100[39m,
    defaultWidth: [33m100[39m,
    visible: [33mtrue[39m
  },
  {
    prop: [32m'category'[39m,
    label: [32m'Category'[39m,
    width: [33m120[39m,
    defaultWidth: [33m120[39m,
    visible: [33mfalse[39m
  }
] ref="VTU_COMPONENT" > 
  at <VTUROOT>
[Vue warn]: Failed to resolve component: el-checkbox
If this is a native custom element, make sure to exclude it from component resolution via compilerOptions.isCustomElement. 
  at <ColumnManager columns= [
  {
    prop: [32m'name'[39m,
    label: [32m'Name'[39m,
    width: [33m150[39m,
    defaultWidth: [33m120[39m,
    visible: [33mtrue[39m
  },
  {
    prop: [32m'code'[39m,
    label: [32m'Code'[39m,
    width: [33m120[39m,
    defaultWidth: [33m120[39m,
    visible: [33mtrue[39m
  },
  {
    prop: [32m'status'[39m,
    label: [32m'Status'[39m,
    width: [33m100[39m,
    defaultWidth: [33m100[39m,
    visible: [33mtrue[39m
  },
  {
    prop: [32m'category'[39m,
    label: [32m'Category'[39m,
    width: [33m120[39m,
    defaultWidth: [33m120[39m,
    visible: [33mfalse[39m
  }
] ref="VTU_COMPONENT" > 
  at <VTUROOT>
[Vue warn]: Failed to resolve component: el-option
If this is a native custom element, make sure to exclude it from component resolution via compilerOptions.isCustomElement. 
  at <ColumnManager columns= [
  {
    prop: [32m'name'[39m,
    label: [32m'Name'[39m,
    width: [33m150[39m,
    defaultWidth: [33m120[39m,
    visible: [33mtrue[39m
  },
  {
    prop: [32m'code'[39m,
    label: [32m'Code'[39m,
    width: [33m120[39m,
    defaultWidth: [33m120[39m,
    visible: [33mtrue[39m
  },
  {
    prop: [32m'status'[39m,
    label: [32m'Status'[39m,
    width: [33m100[39m,
    defaultWidth: [33m100[39m,
    visible: [33mtrue[39m
  },
  {
    prop: [32m'category'[39m,
    label: [32m'Category'[39m,
    width: [33m120[39m,
    defaultWidth: [33m120[39m,
    visible: [33mfalse[39m
  }
] ref="VTU_COMPONENT" > 
  at <VTUROOT>
[Vue warn]: Failed to resolve component: el-select
If this is a native custom element, make sure to exclude it from component resolution via compilerOptions.isCustomElement. 
  at <ColumnManager columns= [
  {
    prop: [32m'name'[39m,
    label: [32m'Name'[39m,
    width: [33m150[39m,
    defaultWidth: [33m120[39m,
    visible: [33mtrue[39m
  },
  {
    prop: [32m'code'[39m,
    label: [32m'Code'[39m,
    width: [33m120[39m,
    defaultWidth: [33m120[39m,
    visible: [33mtrue[39m
  },
  {
    prop: [32m'status'[39m,
    label: [32m'Status'[39m,
    width: [33m100[39m,
    defaultWidth: [33m100[39m,
    visible: [33mtrue[39m
  },
  {
    prop: [32m'category'[39m,
    label: [32m'Category'[39m,
    width: [33m120[39m,
    defaultWidth: [33m120[39m,
    visible: [33mfalse[39m
  }
] ref="VTU_COMPONENT" > 
  at <VTUROOT>
[Vue warn]: Failed to resolve component: el-input-number
If this is a native custom element, make sure to exclude it from component resolution via compilerOptions.isCustomElement. 
  at <ColumnManager columns= [
  {
    prop: [32m'name'[39m,
    label: [32m'Name'[39m,
    width: [33m150[39m,
    defaultWidth: [33m120[39m,
    visible: [33mtrue[39m
  },
  {
    prop: [32m'code'[39m,
    label: [32m'Code'[39m,
    width: [33m120[39m,
    defaultWidth: [33m120[39m,
    visible: [33mtrue[39m
  },
  {
    prop: [32m'status'[39m,
    label: [32m'Status'[39m,
    width: [33m100[39m,
    defaultWidth: [33m100[39m,
    visible: [33mtrue[39m
  },
  {
    prop: [32m'category'[39m,
    label: [32m'Category'[39m,
    width: [33m120[39m,
    defaultWidth: [33m120[39m,
    visible: [33mfalse[39m
  }
] ref="VTU_COMPONENT" > 
  at <VTUROOT>
[Vue warn]: Failed to resolve component: el-popover
If this is a native custom element, make sure to exclude it from component resolution via compilerOptions.isCustomElement. 
  at <ColumnManager columns= [
  {
    prop: [32m'name'[39m,
    label: [32m'Name'[39m,
    width: [33m150[39m,
    defaultWidth: [33m120[39m,
    visible: [33mtrue[39m
  },
  {
    prop: [32m'code'[39m,
    label: [32m'Code'[39m,
    width: [33m120[39m,
    defaultWidth: [33m120[39m,
    visible: [33mtrue[39m
  },
  {
    prop: [32m'status'[39m,
    label: [32m'Status'[39m,
    width: [33m100[39m,
    defaultWidth: [33m100[39m,
    visible: [33mtrue[39m
  },
  {
    prop: [32m'category'[39m,
    label: [32m'Category'[39m,
    width: [33m120[39m,
    defaultWidth: [33m120[39m,
    visible: [33mfalse[39m
  }
] ref="VTU_COMPONENT" > 
  at <VTUROOT>

[90mstderr[2m | src/__tests__/unit/components/common/SectionBlock.spec.ts[2m > [22m[2mSectionBlock[2m > [22m[2mshould add is-collapsed class when collapsed
[22m[39m[Vue warn]: Failed to resolve component: el-icon
If this is a native custom element, make sure to exclude it from component resolution via compilerOptions.isCustomElement. 
  at <SectionBlock title="Test" ref="VTU_COMPONENT" > 
  at <VTUROOT>
[Vue warn]: Failed to resolve component: el-tag
If this is a native custom element, make sure to exclude it from component resolution via compilerOptions.isCustomElement. 
  at <SectionBlock title="Test" ref="VTU_COMPONENT" > 
  at <VTUROOT>
[Vue warn]: Failed to resolve component: el-tooltip
If this is a native custom element, make sure to exclude it from component resolution via compilerOptions.isCustomElement. 
  at <SectionBlock title="Test" ref="VTU_COMPONENT" > 
  at <VTUROOT>
[Vue warn]: Failed to resolve component: el-collapse-transition
If this is a native custom element, make sure to exclude it from component resolution via compilerOptions.isCustomElement. 
  at <SectionBlock title="Test" ref="VTU_COMPONENT" > 
  at <VTUROOT>

[90mstderr[2m | src/__tests__/unit/components/common/SectionBlock.spec.ts[2m > [22m[2mSectionBlock[2m > [22m[2mshould add clickable class to header when collapsible
[22m[39m[Vue warn]: Failed to resolve component: el-icon
If this is a native custom element, make sure to exclude it from component resolution via compilerOptions.isCustomElement. 
  at <SectionBlock title="Test" collapsible=true ref="VTU_COMPONENT" > 
  at <VTUROOT>
[Vue warn]: Failed to resolve component: el-tag
If this is a native custom element, make sure to exclude it from component resolution via compilerOptions.isCustomElement. 
  at <SectionBlock title="Test" collapsible=true ref="VTU_COMPONENT" > 
  at <VTUROOT>
[Vue warn]: Failed to resolve component: el-tooltip
If this is a native custom element, make sure to exclude it from component resolution via compilerOptions.isCustomElement. 
  at <SectionBlock title="Test" collapsible=true ref="VTU_COMPONENT" > 
  at <VTUROOT>
[Vue warn]: Failed to resolve component: el-collapse-transition
If this is a native custom element, make sure to exclude it from component resolution via compilerOptions.isCustomElement. 
  at <SectionBlock title="Test" collapsible=true ref="VTU_COMPONENT" > 
  at <VTUROOT>

[90mstderr[2m | src/__tests__/unit/components/common/SectionBlock.spec.ts[2m > [22m[2mSectionBlock[2m > [22m[2mshould render custom icon when provided
[22m[39m[Vue warn]: Failed to resolve component: el-icon
If this is a native custom element, make sure to exclude it from component resolution via compilerOptions.isCustomElement. 
  at <SectionBlock title="Test" icon= { template: [32m'<svg>ICON</svg>'[39m } ref="VTU_COMPONENT" > 
  at <VTUROOT>
[Vue warn]: Failed to resolve component: el-tag
If this is a native custom element, make sure to exclude it from component resolution via compilerOptions.isCustomElement. 
  at <SectionBlock title="Test" icon= { template: [32m'<svg>ICON</svg>'[39m } ref="VTU_COMPONENT" > 
  at <VTUROOT>
[Vue warn]: Failed to resolve component: el-tooltip
If this is a native custom element, make sure to exclude it from component resolution via compilerOptions.isCustomElement. 
  at <SectionBlock title="Test" icon= { template: [32m'<svg>ICON</svg>'[39m } ref="VTU_COMPONENT" > 
  at <VTUROOT>
[Vue warn]: Failed to resolve component: el-collapse-transition
If this is a native custom element, make sure to exclude it from component resolution via compilerOptions.isCustomElement. 
  at <SectionBlock title="Test" icon= { template: [32m'<svg>ICON</svg>'[39m } ref="VTU_COMPONENT" > 
  at <VTUROOT>

[90mstderr[2m | src/__tests__/unit/components/common/ColumnManager.spec.ts[2m > [22m[2mColumnManager[2m > [22m[2mshould handle toggle all visibility
[22m[39m[Vue warn]: Failed to resolve component: el-button
If this is a native custom element, make sure to exclude it from component resolution via compilerOptions.isCustomElement. 
  at <ColumnManager columns= [
  {
    prop: [32m'name'[39m,
    label: [32m'Name'[39m,
    width: [33m150[39m,
    defaultWidth: [33m120[39m,
    visible: [33mtrue[39m
  },
  {
    prop: [32m'code'[39m,
    label: [32m'Code'[39m,
    width: [33m120[39m,
    defaultWidth: [33m120[39m,
    visible: [33mtrue[39m
  },
  {
    prop: [32m'status'[39m,
    label: [32m'Status'[39m,
    width: [33m100[39m,
    defaultWidth: [33m100[39m,
    visible: [33mtrue[39m
  },
  {
    prop: [32m'category'[39m,
    label: [32m'Category'[39m,
    width: [33m120[39m,
    defaultWidth: [33m120[39m,
    visible: [33mfalse[39m
  }
] ref="VTU_COMPONENT" > 
  at <VTUROOT>
[Vue warn]: Failed to resolve component: el-tooltip
If this is a native custom element, make sure to exclude it from component resolution via compilerOptions.isCustomElement. 
  at <ColumnManager columns= [
  {
    prop: [32m'name'[39m,
    label: [32m'Name'[39m,
    width: [33m150[39m,
    defaultWidth: [33m120[39m,
    visible: [33mtrue[39m
  },
  {
    prop: [32m'code'[39m,
    label: [32m'Code'[39m,
    width: [33m120[39m,
    defaultWidth: [33m120[39m,
    visible: [33mtrue[39m
  },
  {
    prop: [32m'status'[39m,
    label: [32m'Status'[39m,
    width: [33m100[39m,
    defaultWidth: [33m100[39m,
    visible: [33mtrue[39m
  },
  {
    prop: [32m'category'[39m,
    label: [32m'Category'[39m,
    width: [33m120[39m,
    defaultWidth: [33m120[39m,
    visible: [33mfalse[39m
  }
] ref="VTU_COMPONENT" > 
  at <VTUROOT>
[Vue warn]: Failed to resolve component: el-divider
If this is a native custom element, make sure to exclude it from component resolution via compilerOptions.isCustomElement. 
  at <ColumnManager columns= [
  {
    prop: [32m'name'[39m,
    label: [32m'Name'[39m,
    width: [33m150[39m,
    defaultWidth: [33m120[39m,
    visible: [33mtrue[39m
  },
  {
    prop: [32m'code'[39m,
    label: [32m'Code'[39m,
    width: [33m120[39m,
    defaultWidth: [33m120[39m,
    visible: [33mtrue[39m
  },
  {
    prop: [32m'status'[39m,
    label: [32m'Status'[39m,
    width: [33m100[39m,
    defaultWidth: [33m100[39m,
    visible: [33mtrue[39m
  },
  {
    prop: [32m'category'[39m,
    label: [32m'Category'[39m,
    width: [33m120[39m,
    defaultWidth: [33m120[39m,
    visible: [33mfalse[39m
  }
] ref="VTU_COMPONENT" > 
  at <VTUROOT>
[Vue warn]: Failed to resolve component: el-icon
If this is a native custom element, make sure to exclude it from component resolution via compilerOptions.isCustomElement. 
  at <ColumnManager columns= [
  {
    prop: [32m'name'[39m,
    label: [32m'Name'[39m,
    width: [33m150[39m,
    defaultWidth: [33m120[39m,
    visible: [33mtrue[39m
  },
  {
    prop: [32m'code'[39m,
    label: [32m'Code'[39m,
    width: [33m120[39m,
    defaultWidth: [33m120[39m,
    visible: [33mtrue[39m
  },
  {
    prop: [32m'status'[39m,
    label: [32m'Status'[39m,
    width: [33m100[39m,
    defaultWidth: [33m100[39m,
    visible: [33mtrue[39m
  },
  {
    prop: [32m'category'[39m,
    label: [32m'Category'[39m,
    width: [33m120[39m,
    defaultWidth: [33m120[39m,
    visible: [33mfalse[39m
  }
] ref="VTU_COMPONENT" > 
  at <VTUROOT>
[Vue warn]: Failed to resolve component: el-checkbox
If this is a native custom element, make sure to exclude it from component resolution via compilerOptions.isCustomElement. 
  at <ColumnManager columns= [
  {
    prop: [32m'name'[39m,
    label: [32m'Name'[39m,
    width: [33m150[39m,
    defaultWidth: [33m120[39m,
    visible: [33mtrue[39m
  },
  {
    prop: [32m'code'[39m,
    label: [32m'Code'[39m,
    width: [33m120[39m,
    defaultWidth: [33m120[39m,
    visible: [33mtrue[39m
  },
  {
    prop: [32m'status'[39m,
    label: [32m'Status'[39m,
    width: [33m100[39m,
    defaultWidth: [33m100[39m,
    visible: [33mtrue[39m
  },
  {
    prop: [32m'category'[39m,
    label: [32m'Category'[39m,
    width: [33m120[39m,
    defaultWidth: [33m120[39m,
    visible: [33mfalse[39m
  }
] ref="VTU_COMPONENT" > 
  at <VTUROOT>
[Vue warn]: Failed to resolve component: el-option
If this is a native custom element, make sure to exclude it from component resolution via compilerOptions.isCustomElement. 
  at <ColumnManager columns= [
  {
    prop: [32m'name'[39m,
    label: [32m'Name'[39m,
    width: [33m150[39m,
    defaultWidth: [33m120[39m,
    visible: [33mtrue[39m
  },
  {
    prop: [32m'code'[39m,
    label: [32m'Code'[39m,
    width: [33m120[39m,
    defaultWidth: [33m120[39m,
    visible: [33mtrue[39m
  },
  {
    prop: [32m'status'[39m,
    label: [32m'Status'[39m,
    width: [33m100[39m,
    defaultWidth: [33m100[39m,
    visible: [33mtrue[39m
  },
  {
    prop: [32m'category'[39m,
    label: [32m'Category'[39m,
    width: [33m120[39m,
    defaultWidth: [33m120[39m,
    visible: [33mfalse[39m
  }
] ref="VTU_COMPONENT" > 
  at <VTUROOT>
[Vue warn]: Failed to resolve component: el-select
If this is a native custom element, make sure to exclude it from component resolution via compilerOptions.isCustomElement. 
  at <ColumnManager columns= [
  {
    prop: [32m'name'[39m,
    label: [32m'Name'[39m,
    width: [33m150[39m,
    defaultWidth: [33m120[39m,
    visible: [33mtrue[39m
  },
  {
    prop: [32m'code'[39m,
    label: [32m'Code'[39m,
    width: [33m120[39m,
    defaultWidth: [33m120[39m,
    visible: [33mtrue[39m
  },
  {
    prop: [32m'status'[39m,
    label: [32m'Status'[39m,
    width: [33m100[39m,
    defaultWidth: [33m100[39m,
    visible: [33mtrue[39m
  },
  {
    prop: [32m'category'[39m,
    label: [32m'Category'[39m,
    width: [33m120[39m,
    defaultWidth: [33m120[39m,
    visible: [33mfalse[39m
  }
] ref="VTU_COMPONENT" > 
  at <VTUROOT>
[Vue warn]: Failed to resolve component: el-input-number
If this is a native custom element, make sure to exclude it from component resolution via compilerOptions.isCustomElement. 
  at <ColumnManager columns= [
  {
    prop: [32m'name'[39m,
    label: [32m'Name'[39m,
    width: [33m150[39m,
    defaultWidth: [33m120[39m,
    visible: [33mtrue[39m
  },
  {
    prop: [32m'code'[39m,
    label: [32m'Code'[39m,
    width: [33m120[39m,
    defaultWidth: [33m120[39m,
    visible: [33mtrue[39m
  },
  {
    prop: [32m'status'[39m,
    label: [32m'Status'[39m,
    width: [33m100[39m,
    defaultWidth: [33m100[39m,
    visible: [33mtrue[39m
  },
  {
    prop: [32m'category'[39m,
    label: [32m'Category'[39m,
    width: [33m120[39m,
    defaultWidth: [33m120[39m,
    visible: [33mfalse[39m
  }
] ref="VTU_COMPONENT" > 
  at <VTUROOT>
[Vue warn]: Failed to resolve component: el-popover
If this is a native custom element, make sure to exclude it from component resolution via compilerOptions.isCustomElement. 
  at <ColumnManager columns= [
  {
    prop: [32m'name'[39m,
    label: [32m'Name'[39m,
    width: [33m150[39m,
    defaultWidth: [33m120[39m,
    visible: [33mtrue[39m
  },
  {
    prop: [32m'code'[39m,
    label: [32m'Code'[39m,
    width: [33m120[39m,
    defaultWidth: [33m120[39m,
    visible: [33mtrue[39m
  },
  {
    prop: [32m'status'[39m,
    label: [32m'Status'[39m,
    width: [33m100[39m,
    defaultWidth: [33m100[39m,
    visible: [33mtrue[39m
  },
  {
    prop: [32m'category'[39m,
    label: [32m'Category'[39m,
    width: [33m120[39m,
    defaultWidth: [33m120[39m,
    visible: [33mfalse[39m
  }
] ref="VTU_COMPONENT" > 
  at <VTUROOT>

 [32m✓[39m src/__tests__/unit/components/common/SectionBlock.spec.ts[2m > [22mSectionBlock[2m > [22mshould apply variant class[32m 20[2mms[22m[39m
 [32m✓[39m src/__tests__/unit/components/common/SectionBlock.spec.ts[2m > [22mSectionBlock[2m > [22mshould apply size class[32m 9[2mms[22m[39m
 [32m✓[39m src/__tests__/unit/components/common/SectionBlock.spec.ts[2m > [22mSectionBlock[2m > [22mshould apply no-border class when noBorder is true[32m 3[2mms[22m[39m
 [32m✓[39m src/__tests__/unit/components/common/SectionBlock.spec.ts[2m > [22mSectionBlock[2m > [22mshould apply no-padding class when noPadding is true[32m 2[2mms[22m[39m
 [32m✓[39m src/__tests__/unit/components/common/SectionBlock.spec.ts[2m > [22mSectionBlock[2m > [22mshould apply header-no-padding class when headerNoPadding is true[32m 3[2mms[22m[39m
 [32m✓[39m src/__tests__/unit/components/common/SectionBlock.spec.ts[2m > [22mSectionBlock[2m > [22mshould render footer slot when provided[32m 12[2mms[22m[39m
 [32m✓[39m src/__tests__/unit/components/common/SectionBlock.spec.ts[2m > [22mSectionBlock[2m > [22mshould not render footer when slot not provided[32m 4[2mms[22m[39m
 [32m✓[39m src/__tests__/unit/components/common/SectionBlock.spec.ts[2m > [22mSectionBlock[2m > [22mshould render actions slot when provided[32m 6[2mms[22m[39m
 [32m✓[39m src/__tests__/unit/components/common/SectionBlock.spec.ts[2m > [22mSectionBlock[2m > [22mshould render default slot content[32m 9[2mms[22m[39m
 [32m✓[39m src/__tests__/unit/components/common/SectionBlock.spec.ts[2m > [22mSectionBlock[2m > [22mshould render body slot when provided[32m 5[2mms[22m[39m
 [32m✓[39m src/__tests__/unit/components/common/SectionBlock.spec.ts[2m > [22mSectionBlock[2m > [22mshould add is-collapsed class when collapsed[32m 4[2mms[22m[39m
 [32m✓[39m src/__tests__/unit/components/common/SectionBlock.spec.ts[2m > [22mSectionBlock[2m > [22mshould add clickable class to header when collapsible[32m 3[2mms[22m[39m
 [32m✓[39m src/__tests__/unit/components/common/SectionBlock.spec.ts[2m > [22mSectionBlock[2m > [22mshould render custom icon when provided[32m 4[2mms[22m[39m
[90mstderr[2m | src/__tests__/unit/components/common/ColumnManager.spec.ts[2m > [22m[2mColumnManager[2m > [22m[2mshould get field code with backward compatibility
[22m[39m[Vue warn]: Failed to resolve component: el-button
If this is a native custom element, make sure to exclude it from component resolution via compilerOptions.isCustomElement. 
  at <ColumnManager columns= [
  {
    prop: [32m'name'[39m,
    label: [32m'Name'[39m,
    width: [33m150[39m,
    defaultWidth: [33m120[39m,
    visible: [33mtrue[39m
  },
  {
    prop: [32m'code'[39m,
    label: [32m'Code'[39m,
    width: [33m120[39m,
    defaultWidth: [33m120[39m,
    visible: [33mtrue[39m
  },
  {
    prop: [32m'status'[39m,
    label: [32m'Status'[39m,
    width: [33m100[39m,
    defaultWidth: [33m100[39m,
    visible: [33mtrue[39m
  },
  {
    prop: [32m'category'[39m,
    label: [32m'Category'[39m,
    width: [33m120[39m,
    defaultWidth: [33m120[39m,
    visible: [33mfalse[39m
  }
] ref="VTU_COMPONENT" > 
  at <VTUROOT>
[Vue warn]: Failed to resolve component: el-tooltip
If this is a native custom element, make sure to exclude it from component resolution via compilerOptions.isCustomElement. 
  at <ColumnManager columns= [
  {
    prop: [32m'name'[39m,
    label: [32m'Name'[39m,
    width: [33m150[39m,
    defaultWidth: [33m120[39m,
    visible: [33mtrue[39m
  },
  {
    prop: [32m'code'[39m,
    label: [32m'Code'[39m,
    width: [33m120[39m,
    defaultWidth: [33m120[39m,
    visible: [33mtrue[39m
  },
  {
    prop: [32m'status'[39m,
    label: [32m'Status'[39m,
    width: [33m100[39m,
    defaultWidth: [33m100[39m,
    visible: [33mtrue[39m
  },
  {
    prop: [32m'category'[39m,
    label: [32m'Category'[39m,
    width: [33m120[39m,
    defaultWidth: [33m120[39m,
    visible: [33mfalse[39m
  }
] ref="VTU_COMPONENT" > 
  at <VTUROOT>
[Vue warn]: Failed to resolve component: el-divider
If this is a native custom element, make sure to exclude it from component resolution via compilerOptions.isCustomElement. 
  at <ColumnManager columns= [
  {
    prop: [32m'name'[39m,
    label: [32m'Name'[39m,
    width: [33m150[39m,
    defaultWidth: [33m120[39m,
    visible: [33mtrue[39m
  },
  {
    prop: [32m'code'[39m,
    label: [32m'Code'[39m,
    width: [33m120[39m,
    defaultWidth: [33m120[39m,
    visible: [33mtrue[39m
  },
  {
    prop: [32m'status'[39m,
    label: [32m'Status'[39m,
    width: [33m100[39m,
    defaultWidth: [33m100[39m,
    visible: [33mtrue[39m
  },
  {
    prop: [32m'category'[39m,
    label: [32m'Category'[39m,
    width: [33m120[39m,
    defaultWidth: [33m120[39m,
    visible: [33mfalse[39m
  }
] ref="VTU_COMPONENT" > 
  at <VTUROOT>
[Vue warn]: Failed to resolve component: el-icon
If this is a native custom element, make sure to exclude it from component resolution via compilerOptions.isCustomElement. 
  at <ColumnManager columns= [
  {
    prop: [32m'name'[39m,
    label: [32m'Name'[39m,
    width: [33m150[39m,
    defaultWidth: [33m120[39m,
    visible: [33mtrue[39m
  },
  {
    prop: [32m'code'[39m,
    label: [32m'Code'[39m,
    width: [33m120[39m,
    defaultWidth: [33m120[39m,
    visible: [33mtrue[39m
  },
  {
    prop: [32m'status'[39m,
    label: [32m'Status'[39m,
    width: [33m100[39m,
    defaultWidth: [33m100[39m,
    visible: [33mtrue[39m
  },
  {
    prop: [32m'category'[39m,
    label: [32m'Category'[39m,
    width: [33m120[39m,
    defaultWidth: [33m120[39m,
    visible: [33mfalse[39m
  }
] ref="VTU_COMPONENT" > 
  at <VTUROOT>
[Vue warn]: Failed to resolve component: el-checkbox
If this is a native custom element, make sure to exclude it from component resolution via compilerOptions.isCustomElement. 
  at <ColumnManager columns= [
  {
    prop: [32m'name'[39m,
    label: [32m'Name'[39m,
    width: [33m150[39m,
    defaultWidth: [33m120[39m,
    visible: [33mtrue[39m
  },
  {
    prop: [32m'code'[39m,
    label: [32m'Code'[39m,
    width: [33m120[39m,
    defaultWidth: [33m120[39m,
    visible: [33mtrue[39m
  },
  {
    prop: [32m'status'[39m,
    label: [32m'Status'[39m,
    width: [33m100[39m,
    defaultWidth: [33m100[39m,
    visible: [33mtrue[39m
  },
  {
    prop: [32m'category'[39m,
    label: [32m'Category'[39m,
    width: [33m120[39m,
    defaultWidth: [33m120[39m,
    visible: [33mfalse[39m
  }
] ref="VTU_COMPONENT" > 
  at <VTUROOT>
[Vue warn]: Failed to resolve component: el-option
If this is a native custom element, make sure to exclude it from component resolution via compilerOptions.isCustomElement. 
  at <ColumnManager columns= [
  {
    prop: [32m'name'[39m,
    label: [32m'Name'[39m,
    width: [33m150[39m,
    defaultWidth: [33m120[39m,
    visible: [33mtrue[39m
  },
  {
    prop: [32m'code'[39m,
    label: [32m'Code'[39m,
    width: [33m120[39m,
    defaultWidth: [33m120[39m,
    visible: [33mtrue[39m
  },
  {
    prop: [32m'status'[39m,
    label: [32m'Status'[39m,
    width: [33m100[39m,
    defaultWidth: [33m100[39m,
    visible: [33mtrue[39m
  },
  {
    prop: [32m'category'[39m,
    label: [32m'Category'[39m,
    width: [33m120[39m,
    defaultWidth: [33m120[39m,
    visible: [33mfalse[39m
  }
] ref="VTU_COMPONENT" > 
  at <VTUROOT>
[Vue warn]: Failed to resolve component: el-select
If this is a native custom element, make sure to exclude it from component resolution via compilerOptions.isCustomElement. 
  at <ColumnManager columns= [
  {
    prop: [32m'name'[39m,
    label: [32m'Name'[39m,
    width: [33m150[39m,
    defaultWidth: [33m120[39m,
    visible: [33mtrue[39m
  },
  {
    prop: [32m'code'[39m,
    label: [32m'Code'[39m,
    width: [33m120[39m,
    defaultWidth: [33m120[39m,
    visible: [33mtrue[39m
  },
  {
    prop: [32m'status'[39m,
    label: [32m'Status'[39m,
    width: [33m100[39m,
    defaultWidth: [33m100[39m,
    visible: [33mtrue[39m
  },
  {
    prop: [32m'category'[39m,
    label: [32m'Category'[39m,
    width: [33m120[39m,
    defaultWidth: [33m120[39m,
    visible: [33mfalse[39m
  }
] ref="VTU_COMPONENT" > 
  at <VTUROOT>
[Vue warn]: Failed to resolve component: el-input-number
If this is a native custom element, make sure to exclude it from component resolution via compilerOptions.isCustomElement. 
  at <ColumnManager columns= [
  {
    prop: [32m'name'[39m,
    label: [32m'Name'[39m,
    width: [33m150[39m,
    defaultWidth: [33m120[39m,
    visible: [33mtrue[39m
  },
  {
    prop: [32m'code'[39m,
    label: [32m'Code'[39m,
    width: [33m120[39m,
    defaultWidth: [33m120[39m,
    visible: [33mtrue[39m
  },
  {
    prop: [32m'status'[39m,
    label: [32m'Status'[39m,
    width: [33m100[39m,
    defaultWidth: [33m100[39m,
    visible: [33mtrue[39m
  },
  {
    prop: [32m'category'[39m,
    label: [32m'Category'[39m,
    width: [33m120[39m,
    defaultWidth: [33m120[39m,
    visible: [33mfalse[39m
  }
] ref="VTU_COMPONENT" > 
  at <VTUROOT>
[Vue warn]: Failed to resolve component: el-popover
If this is a native custom element, make sure to exclude it from component resolution via compilerOptions.isCustomElement. 
  at <ColumnManager columns= [
  {
    prop: [32m'name'[39m,
    label: [32m'Name'[39m,
    width: [33m150[39m,
    defaultWidth: [33m120[39m,
    visible: [33mtrue[39m
  },
  {
    prop: [32m'code'[39m,
    label: [32m'Code'[39m,
    width: [33m120[39m,
    defaultWidth: [33m120[39m,
    visible: [33mtrue[39m
  },
  {
    prop: [32m'status'[39m,
    label: [32m'Status'[39m,
    width: [33m100[39m,
    defaultWidth: [33m100[39m,
    visible: [33mtrue[39m
  },
  {
    prop: [32m'category'[39m,
    label: [32m'Category'[39m,
    width: [33m120[39m,
    defaultWidth: [33m120[39m,
    visible: [33mfalse[39m
  }
] ref="VTU_COMPONENT" > 
  at <VTUROOT>

 [32m✓[39m src/__tests__/unit/components/common/ColumnManager.spec.ts[2m > [22mColumnManager[2m > [22mshould handle column visibility toggle[32m 17[2mms[22m[39m
 [32m✓[39m src/__tests__/unit/components/common/ColumnManager.spec.ts[2m > [22mColumnManager[2m > [22mshould prevent hiding required columns[32m 10[2mms[22m[39m
 [32m✓[39m src/__tests__/unit/components/common/ColumnManager.spec.ts[2m > [22mColumnManager[2m > [22mshould handle column width change[32m 13[2mms[22m[39m
 [32m✓[39m src/__tests__/unit/components/common/ColumnManager.spec.ts[2m > [22mColumnManager[2m > [22mshould handle column fixed position change[32m 18[2mms[22m[39m
 [32m✓[39m src/__tests__/unit/components/common/ColumnManager.spec.ts[2m > [22mColumnManager[2m > [22mshould handle column reordering via drag and drop[32m 17[2mms[22m[39m
 [32m✓[39m src/__tests__/unit/components/common/ColumnManager.spec.ts[2m > [22mColumnManager[2m > [22mshould handle reset to defaults[32m 11[2mms[22m[39m
 [32m✓[39m src/__tests__/unit/components/common/ColumnManager.spec.ts[2m > [22mColumnManager[2m > [22mshould handle save[32m 11[2mms[22m[39m
 [32m✓[39m src/__tests__/unit/components/common/ColumnManager.spec.ts[2m > [22mColumnManager[2m > [22mshould handle toggle all visibility[32m 20[2mms[22m[39m
[90mstderr[2m | src/__tests__/unit/components/common/ColumnManager.spec.ts[2m > [22m[2mColumnManager[2m > [22m[2mshould fallback to prop when field_code not available
[22m[39m[Vue warn]: Failed to resolve component: el-button
If this is a native custom element, make sure to exclude it from component resolution via compilerOptions.isCustomElement. 
  at <ColumnManager columns= [
  {
    prop: [32m'name'[39m,
    label: [32m'Name'[39m,
    width: [33m150[39m,
    defaultWidth: [33m120[39m,
    visible: [33mtrue[39m
  },
  {
    prop: [32m'code'[39m,
    label: [32m'Code'[39m,
    width: [33m120[39m,
    defaultWidth: [33m120[39m,
    visible: [33mtrue[39m
  },
  {
    prop: [32m'status'[39m,
    label: [32m'Status'[39m,
    width: [33m100[39m,
    defaultWidth: [33m100[39m,
    visible: [33mtrue[39m
  },
  {
    prop: [32m'category'[39m,
    label: [32m'Category'[39m,
    width: [33m120[39m,
    defaultWidth: [33m120[39m,
    visible: [33mfalse[39m
  }
] ref="VTU_COMPONENT" > 
  at <VTUROOT>
[Vue warn]: Failed to resolve component: el-tooltip
If this is a native custom element, make sure to exclude it from component resolution via compilerOptions.isCustomElement. 
  at <ColumnManager columns= [
  {
    prop: [32m'name'[39m,
    label: [32m'Name'[39m,
    width: [33m150[39m,
    defaultWidth: [33m120[39m,
    visible: [33mtrue[39m
  },
  {
    prop: [32m'code'[39m,
    label: [32m'Code'[39m,
    width: [33m120[39m,
    defaultWidth: [33m120[39m,
    visible: [33mtrue[39m
  },
  {
    prop: [32m'status'[39m,
    label: [32m'Status'[39m,
    width: [33m100[39m,
    defaultWidth: [33m100[39m,
    visible: [33mtrue[39m
  },
  {
    prop: [32m'category'[39m,
    label: [32m'Category'[39m,
    width: [33m120[39m,
    defaultWidth: [33m120[39m,
    visible: [33mfalse[39m
  }
] ref="VTU_COMPONENT" > 
  at <VTUROOT>
[Vue warn]: Failed to resolve component: el-divider
If this is a native custom element, make sure to exclude it from component resolution via compilerOptions.isCustomElement. 
  at <ColumnManager columns= [
  {
    prop: [32m'name'[39m,
    label: [32m'Name'[39m,
    width: [33m150[39m,
    defaultWidth: [33m120[39m,
    visible: [33mtrue[39m
  },
  {
    prop: [32m'code'[39m,
    label: [32m'Code'[39m,
    width: [33m120[39m,
    defaultWidth: [33m120[39m,
    visible: [33mtrue[39m
  },
  {
    prop: [32m'status'[39m,
    label: [32m'Status'[39m,
    width: [33m100[39m,
    defaultWidth: [33m100[39m,
    visible: [33mtrue[39m
  },
  {
    prop: [32m'category'[39m,
    label: [32m'Category'[39m,
    width: [33m120[39m,
    defaultWidth: [33m120[39m,
    visible: [33mfalse[39m
  }
] ref="VTU_COMPONENT" > 
  at <VTUROOT>
[Vue warn]: Failed to resolve component: el-icon
If this is a native custom element, make sure to exclude it from component resolution via compilerOptions.isCustomElement. 
  at <ColumnManager columns= [
  {
    prop: [32m'name'[39m,
    label: [32m'Name'[39m,
    width: [33m150[39m,
    defaultWidth: [33m120[39m,
    visible: [33mtrue[39m
  },
  {
    prop: [32m'code'[39m,
    label: [32m'Code'[39m,
    width: [33m120[39m,
    defaultWidth: [33m120[39m,
    visible: [33mtrue[39m
  },
  {
    prop: [32m'status'[39m,
    label: [32m'Status'[39m,
    width: [33m100[39m,
    defaultWidth: [33m100[39m,
    visible: [33mtrue[39m
  },
  {
    prop: [32m'category'[39m,
    label: [32m'Category'[39m,
    width: [33m120[39m,
    defaultWidth: [33m120[39m,
    visible: [33mfalse[39m
  }
] ref="VTU_COMPONENT" > 
  at <VTUROOT>
[Vue warn]: Failed to resolve component: el-checkbox
If this is a native custom element, make sure to exclude it from component resolution via compilerOptions.isCustomElement. 
  at <ColumnManager columns= [
  {
    prop: [32m'name'[39m,
    label: [32m'Name'[39m,
    width: [33m150[39m,
    defaultWidth: [33m120[39m,
    visible: [33mtrue[39m
  },
  {
    prop: [32m'code'[39m,
    label: [32m'Code'[39m,
    width: [33m120[39m,
    defaultWidth: [33m120[39m,
    visible: [33mtrue[39m
  },
  {
    prop: [32m'status'[39m,
    label: [32m'Status'[39m,
    width: [33m100[39m,
    defaultWidth: [33m100[39m,
    visible: [33mtrue[39m
  },
  {
    prop: [32m'category'[39m,
    label: [32m'Category'[39m,
    width: [33m120[39m,
    defaultWidth: [33m120[39m,
    visible: [33mfalse[39m
  }
] ref="VTU_COMPONENT" > 
  at <VTUROOT>
[Vue warn]: Failed to resolve component: el-option
If this is a native custom element, make sure to exclude it from component resolution via compilerOptions.isCustomElement. 
  at <ColumnManager columns= [
  {
    prop: [32m'name'[39m,
    label: [32m'Name'[39m,
    width: [33m150[39m,
    defaultWidth: [33m120[39m,
    visible: [33mtrue[39m
  },
  {
    prop: [32m'code'[39m,
    label: [32m'Code'[39m,
    width: [33m120[39m,
    defaultWidth: [33m120[39m,
    visible: [33mtrue[39m
  },
  {
    prop: [32m'status'[39m,
    label: [32m'Status'[39m,
    width: [33m100[39m,
    defaultWidth: [33m100[39m,
    visible: [33mtrue[39m
  },
  {
    prop: [32m'category'[39m,
    label: [32m'Category'[39m,
    width: [33m120[39m,
    defaultWidth: [33m120[39m,
    visible: [33mfalse[39m
  }
] ref="VTU_COMPONENT" > 
  at <VTUROOT>
[Vue warn]: Failed to resolve component: el-select
If this is a native custom element, make sure to exclude it from component resolution via compilerOptions.isCustomElement. 
  at <ColumnManager columns= [
  {
    prop: [32m'name'[39m,
    label: [32m'Name'[39m,
    width: [33m150[39m,
    defaultWidth: [33m120[39m,
    visible: [33mtrue[39m
  },
  {
    prop: [32m'code'[39m,
    label: [32m'Code'[39m,
    width: [33m120[39m,
    defaultWidth: [33m120[39m,
    visible: [33mtrue[39m
  },
  {
    prop: [32m'status'[39m,
    label: [32m'Status'[39m,
    width: [33m100[39m,
    defaultWidth: [33m100[39m,
    visible: [33mtrue[39m
  },
  {
    prop: [32m'category'[39m,
    label: [32m'Category'[39m,
    width: [33m120[39m,
    defaultWidth: [33m120[39m,
    visible: [33mfalse[39m
  }
] ref="VTU_COMPONENT" > 
  at <VTUROOT>
[Vue warn]: Failed to resolve component: el-input-number
If this is a native custom element, make sure to exclude it from component resolution via compilerOptions.isCustomElement. 
  at <ColumnManager columns= [
  {
    prop: [32m'name'[39m,
    label: [32m'Name'[39m,
    width: [33m150[39m,
    defaultWidth: [33m120[39m,
    visible: [33mtrue[39m
  },
  {
    prop: [32m'code'[39m,
    label: [32m'Code'[39m,
    width: [33m120[39m,
    defaultWidth: [33m120[39m,
    visible: [33mtrue[39m
  },
  {
    prop: [32m'status'[39m,
    label: [32m'Status'[39m,
    width: [33m100[39m,
    defaultWidth: [33m100[39m,
    visible: [33mtrue[39m
  },
  {
    prop: [32m'category'[39m,
    label: [32m'Category'[39m,
    width: [33m120[39m,
    defaultWidth: [33m120[39m,
    visible: [33mfalse[39m
  }
] ref="VTU_COMPONENT" > 
  at <VTUROOT>
[Vue warn]: Failed to resolve component: el-popover
If this is a native custom element, make sure to exclude it from component resolution via compilerOptions.isCustomElement. 
  at <ColumnManager columns= [
  {
    prop: [32m'name'[39m,
    label: [32m'Name'[39m,
    width: [33m150[39m,
    defaultWidth: [33m120[39m,
    visible: [33mtrue[39m
  },
  {
    prop: [32m'code'[39m,
    label: [32m'Code'[39m,
    width: [33m120[39m,
    defaultWidth: [33m120[39m,
    visible: [33mtrue[39m
  },
  {
    prop: [32m'status'[39m,
    label: [32m'Status'[39m,
    width: [33m100[39m,
    defaultWidth: [33m100[39m,
    visible: [33mtrue[39m
  },
  {
    prop: [32m'category'[39m,
    label: [32m'Category'[39m,
    width: [33m120[39m,
    defaultWidth: [33m120[39m,
    visible: [33mfalse[39m
  }
] ref="VTU_COMPONENT" > 
  at <VTUROOT>

[90mstderr[2m | src/__tests__/unit/components/common/ColumnManager.spec.ts[2m > [22m[2mColumnManager[2m > [22m[2mshould get display label with override
[22m[39m[Vue warn]: Failed to resolve component: el-button
If this is a native custom element, make sure to exclude it from component resolution via compilerOptions.isCustomElement. 
  at <ColumnManager columns= [
  {
    prop: [32m'name'[39m,
    label: [32m'Name'[39m,
    width: [33m150[39m,
    defaultWidth: [33m120[39m,
    visible: [33mtrue[39m
  },
  {
    prop: [32m'code'[39m,
    label: [32m'Code'[39m,
    width: [33m120[39m,
    defaultWidth: [33m120[39m,
    visible: [33mtrue[39m
  },
  {
    prop: [32m'status'[39m,
    label: [32m'Status'[39m,
    width: [33m100[39m,
    defaultWidth: [33m100[39m,
    visible: [33mtrue[39m
  },
  {
    prop: [32m'category'[39m,
    label: [32m'Category'[39m,
    width: [33m120[39m,
    defaultWidth: [33m120[39m,
    visible: [33mfalse[39m
  }
] ref="VTU_COMPONENT" > 
  at <VTUROOT>
[Vue warn]: Failed to resolve component: el-tooltip
If this is a native custom element, make sure to exclude it from component resolution via compilerOptions.isCustomElement. 
  at <ColumnManager columns= [
  {
    prop: [32m'name'[39m,
    label: [32m'Name'[39m,
    width: [33m150[39m,
    defaultWidth: [33m120[39m,
    visible: [33mtrue[39m
  },
  {
    prop: [32m'code'[39m,
    label: [32m'Code'[39m,
    width: [33m120[39m,
    defaultWidth: [33m120[39m,
    visible: [33mtrue[39m
  },
  {
    prop: [32m'status'[39m,
    label: [32m'Status'[39m,
    width: [33m100[39m,
    defaultWidth: [33m100[39m,
    visible: [33mtrue[39m
  },
  {
    prop: [32m'category'[39m,
    label: [32m'Category'[39m,
    width: [33m120[39m,
    defaultWidth: [33m120[39m,
    visible: [33mfalse[39m
  }
] ref="VTU_COMPONENT" > 
  at <VTUROOT>
[Vue warn]: Failed to resolve component: el-divider
If this is a native custom element, make sure to exclude it from component resolution via compilerOptions.isCustomElement. 
  at <ColumnManager columns= [
  {
    prop: [32m'name'[39m,
    label: [32m'Name'[39m,
    width: [33m150[39m,
    defaultWidth: [33m120[39m,
    visible: [33mtrue[39m
  },
  {
    prop: [32m'code'[39m,
    label: [32m'Code'[39m,
    width: [33m120[39m,
    defaultWidth: [33m120[39m,
    visible: [33mtrue[39m
  },
  {
    prop: [32m'status'[39m,
    label: [32m'Status'[39m,
    width: [33m100[39m,
    defaultWidth: [33m100[39m,
    visible: [33mtrue[39m
  },
  {
    prop: [32m'category'[39m,
    label: [32m'Category'[39m,
    width: [33m120[39m,
    defaultWidth: [33m120[39m,
    visible: [33mfalse[39m
  }
] ref="VTU_COMPONENT" > 
  at <VTUROOT>
[Vue warn]: Failed to resolve component: el-icon
If this is a native custom element, make sure to exclude it from component resolution via compilerOptions.isCustomElement. 
  at <ColumnManager columns= [
  {
    prop: [32m'name'[39m,
    label: [32m'Name'[39m,
    width: [33m150[39m,
    defaultWidth: [33m120[39m,
    visible: [33mtrue[39m
  },
  {
    prop: [32m'code'[39m,
    label: [32m'Code'[39m,
    width: [33m120[39m,
    defaultWidth: [33m120[39m,
    visible: [33mtrue[39m
  },
  {
    prop: [32m'status'[39m,
    label: [32m'Status'[39m,
    width: [33m100[39m,
    defaultWidth: [33m100[39m,
    visible: [33mtrue[39m
  },
  {
    prop: [32m'category'[39m,
    label: [32m'Category'[39m,
    width: [33m120[39m,
    defaultWidth: [33m120[39m,
    visible: [33mfalse[39m
  }
] ref="VTU_COMPONENT" > 
  at <VTUROOT>
[Vue warn]: Failed to resolve component: el-checkbox
If this is a native custom element, make sure to exclude it from component resolution via compilerOptions.isCustomElement. 
  at <ColumnManager columns= [
  {
    prop: [32m'name'[39m,
    label: [32m'Name'[39m,
    width: [33m150[39m,
    defaultWidth: [33m120[39m,
    visible: [33mtrue[39m
  },
  {
    prop: [32m'code'[39m,
    label: [32m'Code'[39m,
    width: [33m120[39m,
    defaultWidth: [33m120[39m,
    visible: [33mtrue[39m
  },
  {
    prop: [32m'status'[39m,
    label: [32m'Status'[39m,
    width: [33m100[39m,
    defaultWidth: [33m100[39m,
    visible: [33mtrue[39m
  },
  {
    prop: [32m'category'[39m,
    label: [32m'Category'[39m,
    width: [33m120[39m,
    defaultWidth: [33m120[39m,
    visible: [33mfalse[39m
  }
] ref="VTU_COMPONENT" > 
  at <VTUROOT>
[Vue warn]: Failed to resolve component: el-option
If this is a native custom element, make sure to exclude it from component resolution via compilerOptions.isCustomElement. 
  at <ColumnManager columns= [
  {
    prop: [32m'name'[39m,
    label: [32m'Name'[39m,
    width: [33m150[39m,
    defaultWidth: [33m120[39m,
    visible: [33mtrue[39m
  },
  {
    prop: [32m'code'[39m,
    label: [32m'Code'[39m,
    width: [33m120[39m,
    defaultWidth: [33m120[39m,
    visible: [33mtrue[39m
  },
  {
    prop: [32m'status'[39m,
    label: [32m'Status'[39m,
    width: [33m100[39m,
    defaultWidth: [33m100[39m,
    visible: [33mtrue[39m
  },
  {
    prop: [32m'category'[39m,
    label: [32m'Category'[39m,
    width: [33m120[39m,
    defaultWidth: [33m120[39m,
    visible: [33mfalse[39m
  }
] ref="VTU_COMPONENT" > 
  at <VTUROOT>
[Vue warn]: Failed to resolve component: el-select
If this is a native custom element, make sure to exclude it from component resolution via compilerOptions.isCustomElement. 
  at <ColumnManager columns= [
  {
    prop: [32m'name'[39m,
    label: [32m'Name'[39m,
    width: [33m150[39m,
    defaultWidth: [33m120[39m,
    visible: [33mtrue[39m
  },
  {
    prop: [32m'code'[39m,
    label: [32m'Code'[39m,
    width: [33m120[39m,
    defaultWidth: [33m120[39m,
    visible: [33mtrue[39m
  },
  {
    prop: [32m'status'[39m,
    label: [32m'Status'[39m,
    width: [33m100[39m,
    defaultWidth: [33m100[39m,
    visible: [33mtrue[39m
  },
  {
    prop: [32m'category'[39m,
    label: [32m'Category'[39m,
    width: [33m120[39m,
    defaultWidth: [33m120[39m,
    visible: [33mfalse[39m
  }
] ref="VTU_COMPONENT" > 
  at <VTUROOT>
[Vue warn]: Failed to resolve component: el-input-number
If this is a native custom element, make sure to exclude it from component resolution via compilerOptions.isCustomElement. 
  at <ColumnManager columns= [
  {
    prop: [32m'name'[39m,
    label: [32m'Name'[39m,
    width: [33m150[39m,
    defaultWidth: [33m120[39m,
    visible: [33mtrue[39m
  },
  {
    prop: [32m'code'[39m,
    label: [32m'Code'[39m,
    width: [33m120[39m,
    defaultWidth: [33m120[39m,
    visible: [33mtrue[39m
  },
  {
    prop: [32m'status'[39m,
    label: [32m'Status'[39m,
    width: [33m100[39m,
    defaultWidth: [33m100[39m,
    visible: [33mtrue[39m
  },
  {
    prop: [32m'category'[39m,
    label: [32m'Category'[39m,
    width: [33m120[39m,
    defaultWidth: [33m120[39m,
    visible: [33mfalse[39m
  }
] ref="VTU_COMPONENT" > 
  at <VTUROOT>
[Vue warn]: Failed to resolve component: el-popover
If this is a native custom element, make sure to exclude it from component resolution via compilerOptions.isCustomElement. 
  at <ColumnManager columns= [
  {
    prop: [32m'name'[39m,
    label: [32m'Name'[39m,
    width: [33m150[39m,
    defaultWidth: [33m120[39m,
    visible: [33mtrue[39m
  },
  {
    prop: [32m'code'[39m,
    label: [32m'Code'[39m,
    width: [33m120[39m,
    defaultWidth: [33m120[39m,
    visible: [33mtrue[39m
  },
  {
    prop: [32m'status'[39m,
    label: [32m'Status'[39m,
    width: [33m100[39m,
    defaultWidth: [33m100[39m,
    visible: [33mtrue[39m
  },
  {
    prop: [32m'category'[39m,
    label: [32m'Category'[39m,
    width: [33m120[39m,
    defaultWidth: [33m120[39m,
    visible: [33mfalse[39m
  }
] ref="VTU_COMPONENT" > 
  at <VTUROOT>

[90mstderr[2m | src/__tests__/unit/components/common/ColumnManager.spec.ts[2m > [22m[2mColumnManager[2m > [22m[2mshould get display label without override
[22m[39m[Vue warn]: Failed to resolve component: el-button
If this is a native custom element, make sure to exclude it from component resolution via compilerOptions.isCustomElement. 
  at <ColumnManager columns= [
  {
    prop: [32m'name'[39m,
    label: [32m'Name'[39m,
    width: [33m150[39m,
    defaultWidth: [33m120[39m,
    visible: [33mtrue[39m
  },
  {
    prop: [32m'code'[39m,
    label: [32m'Code'[39m,
    width: [33m120[39m,
    defaultWidth: [33m120[39m,
    visible: [33mtrue[39m
  },
  {
    prop: [32m'status'[39m,
    label: [32m'Status'[39m,
    width: [33m100[39m,
    defaultWidth: [33m100[39m,
    visible: [33mtrue[39m
  },
  {
    prop: [32m'category'[39m,
    label: [32m'Category'[39m,
    width: [33m120[39m,
    defaultWidth: [33m120[39m,
    visible: [33mfalse[39m
  }
] ref="VTU_COMPONENT" > 
  at <VTUROOT>
[Vue warn]: Failed to resolve component: el-tooltip
If this is a native custom element, make sure to exclude it from component resolution via compilerOptions.isCustomElement. 
  at <ColumnManager columns= [
  {
    prop: [32m'name'[39m,
    label: [32m'Name'[39m,
    width: [33m150[39m,
    defaultWidth: [33m120[39m,
    visible: [33mtrue[39m
  },
  {
    prop: [32m'code'[39m,
    label: [32m'Code'[39m,
    width: [33m120[39m,
    defaultWidth: [33m120[39m,
    visible: [33mtrue[39m
  },
  {
    prop: [32m'status'[39m,
    label: [32m'Status'[39m,
    width: [33m100[39m,
    defaultWidth: [33m100[39m,
    visible: [33mtrue[39m
  },
  {
    prop: [32m'category'[39m,
    label: [32m'Category'[39m,
    width: [33m120[39m,
    defaultWidth: [33m120[39m,
    visible: [33mfalse[39m
  }
] ref="VTU_COMPONENT" > 
  at <VTUROOT>
[Vue warn]: Failed to resolve component: el-divider
If this is a native custom element, make sure to exclude it from component resolution via compilerOptions.isCustomElement. 
  at <ColumnManager columns= [
  {
    prop: [32m'name'[39m,
    label: [32m'Name'[39m,
    width: [33m150[39m,
    defaultWidth: [33m120[39m,
    visible: [33mtrue[39m
  },
  {
    prop: [32m'code'[39m,
    label: [32m'Code'[39m,
    width: [33m120[39m,
    defaultWidth: [33m120[39m,
    visible: [33mtrue[39m
  },
  {
    prop: [32m'status'[39m,
    label: [32m'Status'[39m,
    width: [33m100[39m,
    defaultWidth: [33m100[39m,
    visible: [33mtrue[39m
  },
  {
    prop: [32m'category'[39m,
    label: [32m'Category'[39m,
    width: [33m120[39m,
    defaultWidth: [33m120[39m,
    visible: [33mfalse[39m
  }
] ref="VTU_COMPONENT" > 
  at <VTUROOT>
[Vue warn]: Failed to resolve component: el-icon
If this is a native custom element, make sure to exclude it from component resolution via compilerOptions.isCustomElement. 
  at <ColumnManager columns= [
  {
    prop: [32m'name'[39m,
    label: [32m'Name'[39m,
    width: [33m150[39m,
    defaultWidth: [33m120[39m,
    visible: [33mtrue[39m
  },
  {
    prop: [32m'code'[39m,
    label: [32m'Code'[39m,
    width: [33m120[39m,
    defaultWidth: [33m120[39m,
    visible: [33mtrue[39m
  },
  {
    prop: [32m'status'[39m,
    label: [32m'Status'[39m,
    width: [33m100[39m,
    defaultWidth: [33m100[39m,
    visible: [33mtrue[39m
  },
  {
    prop: [32m'category'[39m,
    label: [32m'Category'[39m,
    width: [33m120[39m,
    defaultWidth: [33m120[39m,
    visible: [33mfalse[39m
  }
] ref="VTU_COMPONENT" > 
  at <VTUROOT>
[Vue warn]: Failed to resolve component: el-checkbox
If this is a native custom element, make sure to exclude it from component resolution via compilerOptions.isCustomElement. 
  at <ColumnManager columns= [
  {
    prop: [32m'name'[39m,
    label: [32m'Name'[39m,
    width: [33m150[39m,
    defaultWidth: [33m120[39m,
    visible: [33mtrue[39m
  },
  {
    prop: [32m'code'[39m,
    label: [32m'Code'[39m,
    width: [33m120[39m,
    defaultWidth: [33m120[39m,
    visible: [33mtrue[39m
  },
  {
    prop: [32m'status'[39m,
    label: [32m'Status'[39m,
    width: [33m100[39m,
    defaultWidth: [33m100[39m,
    visible: [33mtrue[39m
  },
  {
    prop: [32m'category'[39m,
    label: [32m'Category'[39m,
    width: [33m120[39m,
    defaultWidth: [33m120[39m,
    visible: [33mfalse[39m
  }
] ref="VTU_COMPONENT" > 
  at <VTUROOT>
[Vue warn]: Failed to resolve component: el-option
If this is a native custom element, make sure to exclude it from component resolution via compilerOptions.isCustomElement. 
  at <ColumnManager columns= [
  {
    prop: [32m'name'[39m,
    label: [32m'Name'[39m,
    width: [33m150[39m,
    defaultWidth: [33m120[39m,
    visible: [33mtrue[39m
  },
  {
    prop: [32m'code'[39m,
    label: [32m'Code'[39m,
    width: [33m120[39m,
    defaultWidth: [33m120[39m,
    visible: [33mtrue[39m
  },
  {
    prop: [32m'status'[39m,
    label: [32m'Status'[39m,
    width: [33m100[39m,
    defaultWidth: [33m100[39m,
    visible: [33mtrue[39m
  },
  {
    prop: [32m'category'[39m,
    label: [32m'Category'[39m,
    width: [33m120[39m,
    defaultWidth: [33m120[39m,
    visible: [33mfalse[39m
  }
] ref="VTU_COMPONENT" > 
  at <VTUROOT>
[Vue warn]: Failed to resolve component: el-select
If this is a native custom element, make sure to exclude it from component resolution via compilerOptions.isCustomElement. 
  at <ColumnManager columns= [
  {
    prop: [32m'name'[39m,
    label: [32m'Name'[39m,
    width: [33m150[39m,
    defaultWidth: [33m120[39m,
    visible: [33mtrue[39m
  },
  {
    prop: [32m'code'[39m,
    label: [32m'Code'[39m,
    width: [33m120[39m,
    defaultWidth: [33m120[39m,
    visible: [33mtrue[39m
  },
  {
    prop: [32m'status'[39m,
    label: [32m'Status'[39m,
    width: [33m100[39m,
    defaultWidth: [33m100[39m,
    visible: [33mtrue[39m
  },
  {
    prop: [32m'category'[39m,
    label: [32m'Category'[39m,
    width: [33m120[39m,
    defaultWidth: [33m120[39m,
    visible: [33mfalse[39m
  }
] ref="VTU_COMPONENT" > 
  at <VTUROOT>
[Vue warn]: Failed to resolve component: el-input-number
If this is a native custom element, make sure to exclude it from component resolution via compilerOptions.isCustomElement. 
  at <ColumnManager columns= [
  {
    prop: [32m'name'[39m,
    label: [32m'Name'[39m,
    width: [33m150[39m,
    defaultWidth: [33m120[39m,
    visible: [33mtrue[39m
  },
  {
    prop: [32m'code'[39m,
    label: [32m'Code'[39m,
    width: [33m120[39m,
    defaultWidth: [33m120[39m,
    visible: [33mtrue[39m
  },
  {
    prop: [32m'status'[39m,
    label: [32m'Status'[39m,
    width: [33m100[39m,
    defaultWidth: [33m100[39m,
    visible: [33mtrue[39m
  },
  {
    prop: [32m'category'[39m,
    label: [32m'Category'[39m,
    width: [33m120[39m,
    defaultWidth: [33m120[39m,
    visible: [33mfalse[39m
  }
] ref="VTU_COMPONENT" > 
  at <VTUROOT>
[Vue warn]: Failed to resolve component: el-popover
If this is a native custom element, make sure to exclude it from component resolution via compilerOptions.isCustomElement. 
  at <ColumnManager columns= [
  {
    prop: [32m'name'[39m,
    label: [32m'Name'[39m,
    width: [33m150[39m,
    defaultWidth: [33m120[39m,
    visible: [33mtrue[39m
  },
  {
    prop: [32m'code'[39m,
    label: [32m'Code'[39m,
    width: [33m120[39m,
    defaultWidth: [33m120[39m,
    visible: [33mtrue[39m
  },
  {
    prop: [32m'status'[39m,
    label: [32m'Status'[39m,
    width: [33m100[39m,
    defaultWidth: [33m100[39m,
    visible: [33mtrue[39m
  },
  {
    prop: [32m'category'[39m,
    label: [32m'Category'[39m,
    width: [33m120[39m,
    defaultWidth: [33m120[39m,
    visible: [33mfalse[39m
  }
] ref="VTU_COMPONENT" > 
  at <VTUROOT>

[90mstderr[2m | src/__tests__/unit/components/common/ColumnManager.spec.ts[2m > [22m[2mColumnManager[2m > [22m[2mshould check if column is required
[22m[39m[Vue warn]: Failed to resolve component: el-button
If this is a native custom element, make sure to exclude it from component resolution via compilerOptions.isCustomElement. 
  at <ColumnManager columns= [
  {
    prop: [32m'name'[39m,
    label: [32m'Name'[39m,
    width: [33m150[39m,
    defaultWidth: [33m120[39m,
    visible: [33mtrue[39m
  },
  {
    prop: [32m'code'[39m,
    label: [32m'Code'[39m,
    width: [33m120[39m,
    defaultWidth: [33m120[39m,
    visible: [33mtrue[39m
  },
  {
    prop: [32m'status'[39m,
    label: [32m'Status'[39m,
    width: [33m100[39m,
    defaultWidth: [33m100[39m,
    visible: [33mtrue[39m
  },
  {
    prop: [32m'category'[39m,
    label: [32m'Category'[39m,
    width: [33m120[39m,
    defaultWidth: [33m120[39m,
    visible: [33mfalse[39m
  }
] ref="VTU_COMPONENT" > 
  at <VTUROOT>
[Vue warn]: Failed to resolve component: el-tooltip
If this is a native custom element, make sure to exclude it from component resolution via compilerOptions.isCustomElement. 
  at <ColumnManager columns= [
  {
    prop: [32m'name'[39m,
    label: [32m'Name'[39m,
    width: [33m150[39m,
    defaultWidth: [33m120[39m,
    visible: [33mtrue[39m
  },
  {
    prop: [32m'code'[39m,
    label: [32m'Code'[39m,
    width: [33m120[39m,
    defaultWidth: [33m120[39m,
    visible: [33mtrue[39m
  },
  {
    prop: [32m'status'[39m,
    label: [32m'Status'[39m,
    width: [33m100[39m,
    defaultWidth: [33m100[39m,
    visible: [33mtrue[39m
  },
  {
    prop: [32m'category'[39m,
    label: [32m'Category'[39m,
    width: [33m120[39m,
    defaultWidth: [33m120[39m,
    visible: [33mfalse[39m
  }
] ref="VTU_COMPONENT" > 
  at <VTUROOT>
[Vue warn]: Failed to resolve component: el-divider
If this is a native custom element, make sure to exclude it from component resolution via compilerOptions.isCustomElement. 
  at <ColumnManager columns= [
  {
    prop: [32m'name'[39m,
    label: [32m'Name'[39m,
    width: [33m150[39m,
    defaultWidth: [33m120[39m,
    visible: [33mtrue[39m
  },
  {
    prop: [32m'code'[39m,
    label: [32m'Code'[39m,
    width: [33m120[39m,
    defaultWidth: [33m120[39m,
    visible: [33mtrue[39m
  },
  {
    prop: [32m'status'[39m,
    label: [32m'Status'[39m,
    width: [33m100[39m,
    defaultWidth: [33m100[39m,
    visible: [33mtrue[39m
  },
  {
    prop: [32m'category'[39m,
    label: [32m'Category'[39m,
    width: [33m120[39m,
    defaultWidth: [33m120[39m,
    visible: [33mfalse[39m
  }
] ref="VTU_COMPONENT" > 
  at <VTUROOT>
[Vue warn]: Failed to resolve component: el-icon
If this is a native custom element, make sure to exclude it from component resolution via compilerOptions.isCustomElement. 
  at <ColumnManager columns= [
  {
    prop: [32m'name'[39m,
    label: [32m'Name'[39m,
    width: [33m150[39m,
    defaultWidth: [33m120[39m,
    visible: [33mtrue[39m
  },
  {
    prop: [32m'code'[39m,
    label: [32m'Code'[39m,
    width: [33m120[39m,
    defaultWidth: [33m120[39m,
    visible: [33mtrue[39m
  },
  {
    prop: [32m'status'[39m,
    label: [32m'Status'[39m,
    width: [33m100[39m,
    defaultWidth: [33m100[39m,
    visible: [33mtrue[39m
  },
  {
    prop: [32m'category'[39m,
    label: [32m'Category'[39m,
    width: [33m120[39m,
    defaultWidth: [33m120[39m,
    visible: [33mfalse[39m
  }
] ref="VTU_COMPONENT" > 
  at <VTUROOT>
[Vue warn]: Failed to resolve component: el-checkbox
If this is a native custom element, make sure to exclude it from component resolution via compilerOptions.isCustomElement. 
  at <ColumnManager columns= [
  {
    prop: [32m'name'[39m,
    label: [32m'Name'[39m,
    width: [33m150[39m,
    defaultWidth: [33m120[39m,
    visible: [33mtrue[39m
  },
  {
    prop: [32m'code'[39m,
    label: [32m'Code'[39m,
    width: [33m120[39m,
    defaultWidth: [33m120[39m,
    visible: [33mtrue[39m
  },
  {
    prop: [32m'status'[39m,
    label: [32m'Status'[39m,
    width: [33m100[39m,
    defaultWidth: [33m100[39m,
    visible: [33mtrue[39m
  },
  {
    prop: [32m'category'[39m,
    label: [32m'Category'[39m,
    width: [33m120[39m,
    defaultWidth: [33m120[39m,
    visible: [33mfalse[39m
  }
] ref="VTU_COMPONENT" > 
  at <VTUROOT>
[Vue warn]: Failed to resolve component: el-option
If this is a native custom element, make sure to exclude it from component resolution via compilerOptions.isCustomElement. 
  at <ColumnManager columns= [
  {
    prop: [32m'name'[39m,
    label: [32m'Name'[39m,
    width: [33m150[39m,
    defaultWidth: [33m120[39m,
    visible: [33mtrue[39m
  },
  {
    prop: [32m'code'[39m,
    label: [32m'Code'[39m,
    width: [33m120[39m,
    defaultWidth: [33m120[39m,
    visible: [33mtrue[39m
  },
  {
    prop: [32m'status'[39m,
    label: [32m'Status'[39m,
    width: [33m100[39m,
    defaultWidth: [33m100[39m,
    visible: [33mtrue[39m
  },
  {
    prop: [32m'category'[39m,
    label: [32m'Category'[39m,
    width: [33m120[39m,
    defaultWidth: [33m120[39m,
    visible: [33mfalse[39m
  }
] ref="VTU_COMPONENT" > 
  at <VTUROOT>
[Vue warn]: Failed to resolve component: el-select
If this is a native custom element, make sure to exclude it from component resolution via compilerOptions.isCustomElement. 
  at <ColumnManager columns= [
  {
    prop: [32m'name'[39m,
    label: [32m'Name'[39m,
    width: [33m150[39m,
    defaultWidth: [33m120[39m,
    visible: [33mtrue[39m
  },
  {
    prop: [32m'code'[39m,
    label: [32m'Code'[39m,
    width: [33m120[39m,
    defaultWidth: [33m120[39m,
    visible: [33mtrue[39m
  },
  {
    prop: [32m'status'[39m,
    label: [32m'Status'[39m,
    width: [33m100[39m,
    defaultWidth: [33m100[39m,
    visible: [33mtrue[39m
  },
  {
    prop: [32m'category'[39m,
    label: [32m'Category'[39m,
    width: [33m120[39m,
    defaultWidth: [33m120[39m,
    visible: [33mfalse[39m
  }
] ref="VTU_COMPONENT" > 
  at <VTUROOT>
[Vue warn]: Failed to resolve component: el-input-number
If this is a native custom element, make sure to exclude it from component resolution via compilerOptions.isCustomElement. 
  at <ColumnManager columns= [
  {
    prop: [32m'name'[39m,
    label: [32m'Name'[39m,
    width: [33m150[39m,
    defaultWidth: [33m120[39m,
    visible: [33mtrue[39m
  },
  {
    prop: [32m'code'[39m,
    label: [32m'Code'[39m,
    width: [33m120[39m,
    defaultWidth: [33m120[39m,
    visible: [33mtrue[39m
  },
  {
    prop: [32m'status'[39m,
    label: [32m'Status'[39m,
    width: [33m100[39m,
    defaultWidth: [33m100[39m,
    visible: [33mtrue[39m
  },
  {
    prop: [32m'category'[39m,
    label: [32m'Category'[39m,
    width: [33m120[39m,
    defaultWidth: [33m120[39m,
    visible: [33mfalse[39m
  }
] ref="VTU_COMPONENT" > 
  at <VTUROOT>
[Vue warn]: Failed to resolve component: el-popover
If this is a native custom element, make sure to exclude it from component resolution via compilerOptions.isCustomElement. 
  at <ColumnManager columns= [
  {
    prop: [32m'name'[39m,
    label: [32m'Name'[39m,
    width: [33m150[39m,
    defaultWidth: [33m120[39m,
    visible: [33mtrue[39m
  },
  {
    prop: [32m'code'[39m,
    label: [32m'Code'[39m,
    width: [33m120[39m,
    defaultWidth: [33m120[39m,
    visible: [33mtrue[39m
  },
  {
    prop: [32m'status'[39m,
    label: [32m'Status'[39m,
    width: [33m100[39m,
    defaultWidth: [33m100[39m,
    visible: [33mtrue[39m
  },
  {
    prop: [32m'category'[39m,
    label: [32m'Category'[39m,
    width: [33m120[39m,
    defaultWidth: [33m120[39m,
    visible: [33mfalse[39m
  }
] ref="VTU_COMPONENT" > 
  at <VTUROOT>

[90mstderr[2m | src/__tests__/unit/components/common/ColumnManager.spec.ts[2m > [22m[2mColumnManager[2m > [22m[2mshould get field type label
[22m[39m[Vue warn]: Failed to resolve component: el-button
If this is a native custom element, make sure to exclude it from component resolution via compilerOptions.isCustomElement. 
  at <ColumnManager columns= [
  {
    prop: [32m'name'[39m,
    label: [32m'Name'[39m,
    width: [33m150[39m,
    defaultWidth: [33m120[39m,
    visible: [33mtrue[39m
  },
  {
    prop: [32m'code'[39m,
    label: [32m'Code'[39m,
    width: [33m120[39m,
    defaultWidth: [33m120[39m,
    visible: [33mtrue[39m
  },
  {
    prop: [32m'status'[39m,
    label: [32m'Status'[39m,
    width: [33m100[39m,
    defaultWidth: [33m100[39m,
    visible: [33mtrue[39m
  },
  {
    prop: [32m'category'[39m,
    label: [32m'Category'[39m,
    width: [33m120[39m,
    defaultWidth: [33m120[39m,
    visible: [33mfalse[39m
  }
] ref="VTU_COMPONENT" > 
  at <VTUROOT>
[Vue warn]: Failed to resolve component: el-tooltip
If this is a native custom element, make sure to exclude it from component resolution via compilerOptions.isCustomElement. 
  at <ColumnManager columns= [
  {
    prop: [32m'name'[39m,
    label: [32m'Name'[39m,
    width: [33m150[39m,
    defaultWidth: [33m120[39m,
    visible: [33mtrue[39m
  },
  {
    prop: [32m'code'[39m,
    label: [32m'Code'[39m,
    width: [33m120[39m,
    defaultWidth: [33m120[39m,
    visible: [33mtrue[39m
  },
  {
    prop: [32m'status'[39m,
    label: [32m'Status'[39m,
    width: [33m100[39m,
    defaultWidth: [33m100[39m,
    visible: [33mtrue[39m
  },
  {
    prop: [32m'category'[39m,
    label: [32m'Category'[39m,
    width: [33m120[39m,
    defaultWidth: [33m120[39m,
    visible: [33mfalse[39m
  }
] ref="VTU_COMPONENT" > 
  at <VTUROOT>
[Vue warn]: Failed to resolve component: el-divider
If this is a native custom element, make sure to exclude it from component resolution via compilerOptions.isCustomElement. 
  at <ColumnManager columns= [
  {
    prop: [32m'name'[39m,
    label: [32m'Name'[39m,
    width: [33m150[39m,
    defaultWidth: [33m120[39m,
    visible: [33mtrue[39m
  },
  {
    prop: [32m'code'[39m,
    label: [32m'Code'[39m,
    width: [33m120[39m,
    defaultWidth: [33m120[39m,
    visible: [33mtrue[39m
  },
  {
    prop: [32m'status'[39m,
    label: [32m'Status'[39m,
    width: [33m100[39m,
    defaultWidth: [33m100[39m,
    visible: [33mtrue[39m
  },
  {
    prop: [32m'category'[39m,
    label: [32m'Category'[39m,
    width: [33m120[39m,
    defaultWidth: [33m120[39m,
    visible: [33mfalse[39m
  }
] ref="VTU_COMPONENT" > 
  at <VTUROOT>
[Vue warn]: Failed to resolve component: el-icon
If this is a native custom element, make sure to exclude it from component resolution via compilerOptions.isCustomElement. 
  at <ColumnManager columns= [
  {
    prop: [32m'name'[39m,
    label: [32m'Name'[39m,
    width: [33m150[39m,
    defaultWidth: [33m120[39m,
    visible: [33mtrue[39m
  },
  {
    prop: [32m'code'[39m,
    label: [32m'Code'[39m,
    width: [33m120[39m,
    defaultWidth: [33m120[39m,
    visible: [33mtrue[39m
  },
  {
    prop: [32m'status'[39m,
    label: [32m'Status'[39m,
    width: [33m100[39m,
    defaultWidth: [33m100[39m,
    visible: [33mtrue[39m
  },
  {
    prop: [32m'category'[39m,
    label: [32m'Category'[39m,
    width: [33m120[39m,
    defaultWidth: [33m120[39m,
    visible: [33mfalse[39m
  }
] ref="VTU_COMPONENT" > 
  at <VTUROOT>
[Vue warn]: Failed to resolve component: el-checkbox
If this is a native custom element, make sure to exclude it from component resolution via compilerOptions.isCustomElement. 
  at <ColumnManager columns= [
  {
    prop: [32m'name'[39m,
    label: [32m'Name'[39m,
    width: [33m150[39m,
    defaultWidth: [33m120[39m,
    visible: [33mtrue[39m
  },
  {
    prop: [32m'code'[39m,
    label: [32m'Code'[39m,
    width: [33m120[39m,
    defaultWidth: [33m120[39m,
    visible: [33mtrue[39m
  },
  {
    prop: [32m'status'[39m,
    label: [32m'Status'[39m,
    width: [33m100[39m,
    defaultWidth: [33m100[39m,
    visible: [33mtrue[39m
  },
  {
    prop: [32m'category'[39m,
    label: [32m'Category'[39m,
    width: [33m120[39m,
    defaultWidth: [33m120[39m,
    visible: [33mfalse[39m
  }
] ref="VTU_COMPONENT" > 
  at <VTUROOT>
[Vue warn]: Failed to resolve component: el-option
If this is a native custom element, make sure to exclude it from component resolution via compilerOptions.isCustomElement. 
  at <ColumnManager columns= [
  {
    prop: [32m'name'[39m,
    label: [32m'Name'[39m,
    width: [33m150[39m,
    defaultWidth: [33m120[39m,
    visible: [33mtrue[39m
  },
  {
    prop: [32m'code'[39m,
    label: [32m'Code'[39m,
    width: [33m120[39m,
    defaultWidth: [33m120[39m,
    visible: [33mtrue[39m
  },
  {
    prop: [32m'status'[39m,
    label: [32m'Status'[39m,
    width: [33m100[39m,
    defaultWidth: [33m100[39m,
    visible: [33mtrue[39m
  },
  {
    prop: [32m'category'[39m,
    label: [32m'Category'[39m,
    width: [33m120[39m,
    defaultWidth: [33m120[39m,
    visible: [33mfalse[39m
  }
] ref="VTU_COMPONENT" > 
  at <VTUROOT>
[Vue warn]: Failed to resolve component: el-select
If this is a native custom element, make sure to exclude it from component resolution via compilerOptions.isCustomElement. 
  at <ColumnManager columns= [
  {
    prop: [32m'name'[39m,
    label: [32m'Name'[39m,
    width: [33m150[39m,
    defaultWidth: [33m120[39m,
    visible: [33mtrue[39m
  },
  {
    prop: [32m'code'[39m,
    label: [32m'Code'[39m,
    width: [33m120[39m,
    defaultWidth: [33m120[39m,
    visible: [33mtrue[39m
  },
  {
    prop: [32m'status'[39m,
    label: [32m'Status'[39m,
    width: [33m100[39m,
    defaultWidth: [33m100[39m,
    visible: [33mtrue[39m
  },
  {
    prop: [32m'category'[39m,
    label: [32m'Category'[39m,
    width: [33m120[39m,
    defaultWidth: [33m120[39m,
    visible: [33mfalse[39m
  }
] ref="VTU_COMPONENT" > 
  at <VTUROOT>
[Vue warn]: Failed to resolve component: el-input-number
If this is a native custom element, make sure to exclude it from component resolution via compilerOptions.isCustomElement. 
  at <ColumnManager columns= [
  {
    prop: [32m'name'[39m,
    label: [32m'Name'[39m,
    width: [33m150[39m,
    defaultWidth: [33m120[39m,
    visible: [33mtrue[39m
  },
  {
    prop: [32m'code'[39m,
    label: [32m'Code'[39m,
    width: [33m120[39m,
    defaultWidth: [33m120[39m,
    visible: [33mtrue[39m
  },
  {
    prop: [32m'status'[39m,
    label: [32m'Status'[39m,
    width: [33m100[39m,
    defaultWidth: [33m100[39m,
    visible: [33mtrue[39m
  },
  {
    prop: [32m'category'[39m,
    label: [32m'Category'[39m,
    width: [33m120[39m,
    defaultWidth: [33m120[39m,
    visible: [33mfalse[39m
  }
] ref="VTU_COMPONENT" > 
  at <VTUROOT>
[Vue warn]: Failed to resolve component: el-popover
If this is a native custom element, make sure to exclude it from component resolution via compilerOptions.isCustomElement. 
  at <ColumnManager columns= [
  {
    prop: [32m'name'[39m,
    label: [32m'Name'[39m,
    width: [33m150[39m,
    defaultWidth: [33m120[39m,
    visible: [33mtrue[39m
  },
  {
    prop: [32m'code'[39m,
    label: [32m'Code'[39m,
    width: [33m120[39m,
    defaultWidth: [33m120[39m,
    visible: [33mtrue[39m
  },
  {
    prop: [32m'status'[39m,
    label: [32m'Status'[39m,
    width: [33m100[39m,
    defaultWidth: [33m100[39m,
    visible: [33mtrue[39m
  },
  {
    prop: [32m'category'[39m,
    label: [32m'Category'[39m,
    width: [33m120[39m,
    defaultWidth: [33m120[39m,
    visible: [33mfalse[39m
  }
] ref="VTU_COMPONENT" > 
  at <VTUROOT>

[90mstderr[2m | src/__tests__/unit/components/common/ColumnManager.spec.ts[2m > [22m[2mColumnManager[2m > [22m[2mshould emit changes when columns are reordered
[22m[39m[Vue warn]: Failed to resolve component: el-button
If this is a native custom element, make sure to exclude it from component resolution via compilerOptions.isCustomElement. 
  at <ColumnManager columns= [
  {
    prop: [32m'name'[39m,
    label: [32m'Name'[39m,
    width: [33m150[39m,
    defaultWidth: [33m120[39m,
    visible: [33mtrue[39m
  },
  {
    prop: [32m'code'[39m,
    label: [32m'Code'[39m,
    width: [33m120[39m,
    defaultWidth: [33m120[39m,
    visible: [33mtrue[39m
  },
  {
    prop: [32m'status'[39m,
    label: [32m'Status'[39m,
    width: [33m100[39m,
    defaultWidth: [33m100[39m,
    visible: [33mtrue[39m
  },
  {
    prop: [32m'category'[39m,
    label: [32m'Category'[39m,
    width: [33m120[39m,
    defaultWidth: [33m120[39m,
    visible: [33mfalse[39m
  }
] ref="VTU_COMPONENT" > 
  at <VTUROOT>
[Vue warn]: Failed to resolve component: el-tooltip
If this is a native custom element, make sure to exclude it from component resolution via compilerOptions.isCustomElement. 
  at <ColumnManager columns= [
  {
    prop: [32m'name'[39m,
    label: [32m'Name'[39m,
    width: [33m150[39m,
    defaultWidth: [33m120[39m,
    visible: [33mtrue[39m
  },
  {
    prop: [32m'code'[39m,
    label: [32m'Code'[39m,
    width: [33m120[39m,
    defaultWidth: [33m120[39m,
    visible: [33mtrue[39m
  },
  {
    prop: [32m'status'[39m,
    label: [32m'Status'[39m,
    width: [33m100[39m,
    defaultWidth: [33m100[39m,
    visible: [33mtrue[39m
  },
  {
    prop: [32m'category'[39m,
    label: [32m'Category'[39m,
    width: [33m120[39m,
    defaultWidth: [33m120[39m,
    visible: [33mfalse[39m
  }
] ref="VTU_COMPONENT" > 
  at <VTUROOT>
[Vue warn]: Failed to resolve component: el-divider
If this is a native custom element, make sure to exclude it from component resolution via compilerOptions.isCustomElement. 
  at <ColumnManager columns= [
  {
    prop: [32m'name'[39m,
    label: [32m'Name'[39m,
    width: [33m150[39m,
    defaultWidth: [33m120[39m,
    visible: [33mtrue[39m
  },
  {
    prop: [32m'code'[39m,
    label: [32m'Code'[39m,
    width: [33m120[39m,
    defaultWidth: [33m120[39m,
    visible: [33mtrue[39m
  },
  {
    prop: [32m'status'[39m,
    label: [32m'Status'[39m,
    width: [33m100[39m,
    defaultWidth: [33m100[39m,
    visible: [33mtrue[39m
  },
  {
    prop: [32m'category'[39m,
    label: [32m'Category'[39m,
    width: [33m120[39m,
    defaultWidth: [33m120[39m,
    visible: [33mfalse[39m
  }
] ref="VTU_COMPONENT" > 
  at <VTUROOT>
[Vue warn]: Failed to resolve component: el-icon
If this is a native custom element, make sure to exclude it from component resolution via compilerOptions.isCustomElement. 
  at <ColumnManager columns= [
  {
    prop: [32m'name'[39m,
    label: [32m'Name'[39m,
    width: [33m150[39m,
    defaultWidth: [33m120[39m,
    visible: [33mtrue[39m
  },
  {
    prop: [32m'code'[39m,
    label: [32m'Code'[39m,
    width: [33m120[39m,
    defaultWidth: [33m120[39m,
    visible: [33mtrue[39m
  },
  {
    prop: [32m'status'[39m,
    label: [32m'Status'[39m,
    width: [33m100[39m,
    defaultWidth: [33m100[39m,
    visible: [33mtrue[39m
  },
  {
    prop: [32m'category'[39m,
    label: [32m'Category'[39m,
    width: [33m120[39m,
    defaultWidth: [33m120[39m,
    visible: [33mfalse[39m
  }
] ref="VTU_COMPONENT" > 
  at <VTUROOT>
[Vue warn]: Failed to resolve component: el-checkbox
If this is a native custom element, make sure to exclude it from component resolution via compilerOptions.isCustomElement. 
  at <ColumnManager columns= [
  {
    prop: [32m'name'[39m,
    label: [32m'Name'[39m,
    width: [33m150[39m,
    defaultWidth: [33m120[39m,
    visible: [33mtrue[39m
  },
  {
    prop: [32m'code'[39m,
    label: [32m'Code'[39m,
    width: [33m120[39m,
    defaultWidth: [33m120[39m,
    visible: [33mtrue[39m
  },
  {
    prop: [32m'status'[39m,
    label: [32m'Status'[39m,
    width: [33m100[39m,
    defaultWidth: [33m100[39m,
    visible: [33mtrue[39m
  },
  {
    prop: [32m'category'[39m,
    label: [32m'Category'[39m,
    width: [33m120[39m,
    defaultWidth: [33m120[39m,
    visible: [33mfalse[39m
  }
] ref="VTU_COMPONENT" > 
  at <VTUROOT>
[Vue warn]: Failed to resolve component: el-option
If this is a native custom element, make sure to exclude it from component resolution via compilerOptions.isCustomElement. 
  at <ColumnManager columns= [
  {
    prop: [32m'name'[39m,
    label: [32m'Name'[39m,
    width: [33m150[39m,
    defaultWidth: [33m120[39m,
    visible: [33mtrue[39m
  },
  {
    prop: [32m'code'[39m,
    label: [32m'Code'[39m,
    width: [33m120[39m,
    defaultWidth: [33m120[39m,
    visible: [33mtrue[39m
  },
  {
    prop: [32m'status'[39m,
    label: [32m'Status'[39m,
    width: [33m100[39m,
    defaultWidth: [33m100[39m,
    visible: [33mtrue[39m
  },
  {
    prop: [32m'category'[39m,
    label: [32m'Category'[39m,
    width: [33m120[39m,
    defaultWidth: [33m120[39m,
    visible: [33mfalse[39m
  }
] ref="VTU_COMPONENT" > 
  at <VTUROOT>
[Vue warn]: Failed to resolve component: el-select
If this is a native custom element, make sure to exclude it from component resolution via compilerOptions.isCustomElement. 
  at <ColumnManager columns= [
  {
    prop: [32m'name'[39m,
    label: [32m'Name'[39m,
    width: [33m150[39m,
    defaultWidth: [33m120[39m,
    visible: [33mtrue[39m
  },
  {
    prop: [32m'code'[39m,
    label: [32m'Code'[39m,
    width: [33m120[39m,
    defaultWidth: [33m120[39m,
    visible: [33mtrue[39m
  },
  {
    prop: [32m'status'[39m,
    label: [32m'Status'[39m,
    width: [33m100[39m,
    defaultWidth: [33m100[39m,
    visible: [33mtrue[39m
  },
  {
    prop: [32m'category'[39m,
    label: [32m'Category'[39m,
    width: [33m120[39m,
    defaultWidth: [33m120[39m,
    visible: [33mfalse[39m
  }
] ref="VTU_COMPONENT" > 
  at <VTUROOT>
[Vue warn]: Failed to resolve component: el-input-number
If this is a native custom element, make sure to exclude it from component resolution via compilerOptions.isCustomElement. 
  at <ColumnManager columns= [
  {
    prop: [32m'name'[39m,
    label: [32m'Name'[39m,
    width: [33m150[39m,
    defaultWidth: [33m120[39m,
    visible: [33mtrue[39m
  },
  {
    prop: [32m'code'[39m,
    label: [32m'Code'[39m,
    width: [33m120[39m,
    defaultWidth: [33m120[39m,
    visible: [33mtrue[39m
  },
  {
    prop: [32m'status'[39m,
    label: [32m'Status'[39m,
    width: [33m100[39m,
    defaultWidth: [33m100[39m,
    visible: [33mtrue[39m
  },
  {
    prop: [32m'category'[39m,
    label: [32m'Category'[39m,
    width: [33m120[39m,
    defaultWidth: [33m120[39m,
    visible: [33mfalse[39m
  }
] ref="VTU_COMPONENT" > 
  at <VTUROOT>
[Vue warn]: Failed to resolve component: el-popover
If this is a native custom element, make sure to exclude it from component resolution via compilerOptions.isCustomElement. 
  at <ColumnManager columns= [
  {
    prop: [32m'name'[39m,
    label: [32m'Name'[39m,
    width: [33m150[39m,
    defaultWidth: [33m120[39m,
    visible: [33mtrue[39m
  },
  {
    prop: [32m'code'[39m,
    label: [32m'Code'[39m,
    width: [33m120[39m,
    defaultWidth: [33m120[39m,
    visible: [33mtrue[39m
  },
  {
    prop: [32m'status'[39m,
    label: [32m'Status'[39m,
    width: [33m100[39m,
    defaultWidth: [33m100[39m,
    visible: [33mtrue[39m
  },
  {
    prop: [32m'category'[39m,
    label: [32m'Category'[39m,
    width: [33m120[39m,
    defaultWidth: [33m120[39m,
    visible: [33mfalse[39m
  }
] ref="VTU_COMPONENT" > 
  at <VTUROOT>

[90mstderr[2m | src/__tests__/unit/components/common/ColumnManager.spec.ts[2m > [22m[2mColumnManager[2m > [22m[2mshould emit changes when columns are reordered
[22m[39m[Vue warn]: Failed to resolve component: el-button
If this is a native custom element, make sure to exclude it from component resolution via compilerOptions.isCustomElement. 
  at <ColumnManager columns= [
  {
    prop: [32m'name'[39m,
    label: [32m'Name'[39m,
    width: [33m150[39m,
    defaultWidth: [33m120[39m,
    visible: [33mtrue[39m
  },
  {
    prop: [32m'code'[39m,
    label: [32m'Code'[39m,
    width: [33m120[39m,
    defaultWidth: [33m120[39m,
    visible: [33mtrue[39m
  },
  {
    prop: [32m'status'[39m,
    label: [32m'Status'[39m,
    width: [33m100[39m,
    defaultWidth: [33m100[39m,
    visible: [33mtrue[39m
  },
  {
    prop: [32m'category'[39m,
    label: [32m'Category'[39m,
    width: [33m120[39m,
    defaultWidth: [33m120[39m,
    visible: [33mfalse[39m
  }
] ref="VTU_COMPONENT" > 
  at <VTUROOT>
[Vue warn]: Failed to resolve component: el-tooltip
If this is a native custom element, make sure to exclude it from component resolution via compilerOptions.isCustomElement. 
  at <ColumnManager columns= [
  {
    prop: [32m'name'[39m,
    label: [32m'Name'[39m,
    width: [33m150[39m,
    defaultWidth: [33m120[39m,
    visible: [33mtrue[39m
  },
  {
    prop: [32m'code'[39m,
    label: [32m'Code'[39m,
    width: [33m120[39m,
    defaultWidth: [33m120[39m,
    visible: [33mtrue[39m
  },
  {
    prop: [32m'status'[39m,
    label: [32m'Status'[39m,
    width: [33m100[39m,
    defaultWidth: [33m100[39m,
    visible: [33mtrue[39m
  },
  {
    prop: [32m'category'[39m,
    label: [32m'Category'[39m,
    width: [33m120[39m,
    defaultWidth: [33m120[39m,
    visible: [33mfalse[39m
  }
] ref="VTU_COMPONENT" > 
  at <VTUROOT>
[Vue warn]: Failed to resolve component: el-divider
If this is a native custom element, make sure to exclude it from component resolution via compilerOptions.isCustomElement. 
  at <ColumnManager columns= [
  {
    prop: [32m'name'[39m,
    label: [32m'Name'[39m,
    width: [33m150[39m,
    defaultWidth: [33m120[39m,
    visible: [33mtrue[39m
  },
  {
    prop: [32m'code'[39m,
    label: [32m'Code'[39m,
    width: [33m120[39m,
    defaultWidth: [33m120[39m,
    visible: [33mtrue[39m
  },
  {
    prop: [32m'status'[39m,
    label: [32m'Status'[39m,
    width: [33m100[39m,
    defaultWidth: [33m100[39m,
    visible: [33mtrue[39m
  },
  {
    prop: [32m'category'[39m,
    label: [32m'Category'[39m,
    width: [33m120[39m,
    defaultWidth: [33m120[39m,
    visible: [33mfalse[39m
  }
] ref="VTU_COMPONENT" > 
  at <VTUROOT>
[Vue warn]: Failed to resolve component: el-icon
If this is a native custom element, make sure to exclude it from component resolution via compilerOptions.isCustomElement. 
  at <ColumnManager columns= [
  {
    prop: [32m'name'[39m,
    label: [32m'Name'[39m,
    width: [33m150[39m,
    defaultWidth: [33m120[39m,
    visible: [33mtrue[39m
  },
  {
    prop: [32m'code'[39m,
    label: [32m'Code'[39m,
    width: [33m120[39m,
    defaultWidth: [33m120[39m,
    visible: [33mtrue[39m
  },
  {
    prop: [32m'status'[39m,
    label: [32m'Status'[39m,
    width: [33m100[39m,
    defaultWidth: [33m100[39m,
    visible: [33mtrue[39m
  },
  {
    prop: [32m'category'[39m,
    label: [32m'Category'[39m,
    width: [33m120[39m,
    defaultWidth: [33m120[39m,
    visible: [33mfalse[39m
  }
] ref="VTU_COMPONENT" > 
  at <VTUROOT>
[Vue warn]: Failed to resolve component: el-checkbox
If this is a native custom element, make sure to exclude it from component resolution via compilerOptions.isCustomElement. 
  at <ColumnManager columns= [
  {
    prop: [32m'name'[39m,
    label: [32m'Name'[39m,
    width: [33m150[39m,
    defaultWidth: [33m120[39m,
    visible: [33mtrue[39m
  },
  {
    prop: [32m'code'[39m,
    label: [32m'Code'[39m,
    width: [33m120[39m,
    defaultWidth: [33m120[39m,
    visible: [33mtrue[39m
  },
  {
    prop: [32m'status'[39m,
    label: [32m'Status'[39m,
    width: [33m100[39m,
    defaultWidth: [33m100[39m,
    visible: [33mtrue[39m
  },
  {
    prop: [32m'category'[39m,
    label: [32m'Category'[39m,
    width: [33m120[39m,
    defaultWidth: [33m120[39m,
    visible: [33mfalse[39m
  }
] ref="VTU_COMPONENT" > 
  at <VTUROOT>
[Vue warn]: Failed to resolve component: el-option
If this is a native custom element, make sure to exclude it from component resolution via compilerOptions.isCustomElement. 
  at <ColumnManager columns= [
  {
    prop: [32m'name'[39m,
    label: [32m'Name'[39m,
    width: [33m150[39m,
    defaultWidth: [33m120[39m,
    visible: [33mtrue[39m
  },
  {
    prop: [32m'code'[39m,
    label: [32m'Code'[39m,
    width: [33m120[39m,
    defaultWidth: [33m120[39m,
    visible: [33mtrue[39m
  },
  {
    prop: [32m'status'[39m,
    label: [32m'Status'[39m,
    width: [33m100[39m,
    defaultWidth: [33m100[39m,
    visible: [33mtrue[39m
  },
  {
    prop: [32m'category'[39m,
    label: [32m'Category'[39m,
    width: [33m120[39m,
    defaultWidth: [33m120[39m,
    visible: [33mfalse[39m
  }
] ref="VTU_COMPONENT" > 
  at <VTUROOT>
[Vue warn]: Failed to resolve component: el-select
If this is a native custom element, make sure to exclude it from component resolution via compilerOptions.isCustomElement. 
  at <ColumnManager columns= [
  {
    prop: [32m'name'[39m,
    label: [32m'Name'[39m,
    width: [33m150[39m,
    defaultWidth: [33m120[39m,
    visible: [33mtrue[39m
  },
  {
    prop: [32m'code'[39m,
    label: [32m'Code'[39m,
    width: [33m120[39m,
    defaultWidth: [33m120[39m,
    visible: [33mtrue[39m
  },
  {
    prop: [32m'status'[39m,
    label: [32m'Status'[39m,
    width: [33m100[39m,
    defaultWidth: [33m100[39m,
    visible: [33mtrue[39m
  },
  {
    prop: [32m'category'[39m,
    label: [32m'Category'[39m,
    width: [33m120[39m,
    defaultWidth: [33m120[39m,
    visible: [33mfalse[39m
  }
] ref="VTU_COMPONENT" > 
  at <VTUROOT>
[Vue warn]: Failed to resolve component: el-input-number
If this is a native custom element, make sure to exclude it from component resolution via compilerOptions.isCustomElement. 
  at <ColumnManager columns= [
  {
    prop: [32m'name'[39m,
    label: [32m'Name'[39m,
    width: [33m150[39m,
    defaultWidth: [33m120[39m,
    visible: [33mtrue[39m
  },
  {
    prop: [32m'code'[39m,
    label: [32m'Code'[39m,
    width: [33m120[39m,
    defaultWidth: [33m120[39m,
    visible: [33mtrue[39m
  },
  {
    prop: [32m'status'[39m,
    label: [32m'Status'[39m,
    width: [33m100[39m,
    defaultWidth: [33m100[39m,
    visible: [33mtrue[39m
  },
  {
    prop: [32m'category'[39m,
    label: [32m'Category'[39m,
    width: [33m120[39m,
    defaultWidth: [33m120[39m,
    visible: [33mfalse[39m
  }
] ref="VTU_COMPONENT" > 
  at <VTUROOT>
[Vue warn]: Failed to resolve component: el-popover
If this is a native custom element, make sure to exclude it from component resolution via compilerOptions.isCustomElement. 
  at <ColumnManager columns= [
  {
    prop: [32m'name'[39m,
    label: [32m'Name'[39m,
    width: [33m150[39m,
    defaultWidth: [33m120[39m,
    visible: [33mtrue[39m
  },
  {
    prop: [32m'code'[39m,
    label: [32m'Code'[39m,
    width: [33m120[39m,
    defaultWidth: [33m120[39m,
    visible: [33mtrue[39m
  },
  {
    prop: [32m'status'[39m,
    label: [32m'Status'[39m,
    width: [33m100[39m,
    defaultWidth: [33m100[39m,
    visible: [33mtrue[39m
  },
  {
    prop: [32m'category'[39m,
    label: [32m'Category'[39m,
    width: [33m120[39m,
    defaultWidth: [33m120[39m,
    visible: [33mfalse[39m
  }
] ref="VTU_COMPONENT" > 
  at <VTUROOT>

[90mstderr[2m | src/__tests__/unit/components/common/ColumnManager.spec.ts[2m > [22m[2mColumnManager[2m > [22m[2mshould init columns when popover shows
[22m[39m[Vue warn]: Failed to resolve component: el-button
If this is a native custom element, make sure to exclude it from component resolution via compilerOptions.isCustomElement. 
  at <ColumnManager columns= [
  {
    prop: [32m'name'[39m,
    label: [32m'Name'[39m,
    width: [33m150[39m,
    defaultWidth: [33m120[39m,
    visible: [33mtrue[39m
  },
  {
    prop: [32m'code'[39m,
    label: [32m'Code'[39m,
    width: [33m120[39m,
    defaultWidth: [33m120[39m,
    visible: [33mtrue[39m
  },
  {
    prop: [32m'status'[39m,
    label: [32m'Status'[39m,
    width: [33m100[39m,
    defaultWidth: [33m100[39m,
    visible: [33mtrue[39m
  },
  {
    prop: [32m'category'[39m,
    label: [32m'Category'[39m,
    width: [33m120[39m,
    defaultWidth: [33m120[39m,
    visible: [33mfalse[39m
  }
] ref="VTU_COMPONENT" > 
  at <VTUROOT>
[Vue warn]: Failed to resolve component: el-tooltip
If this is a native custom element, make sure to exclude it from component resolution via compilerOptions.isCustomElement. 
  at <ColumnManager columns= [
  {
    prop: [32m'name'[39m,
    label: [32m'Name'[39m,
    width: [33m150[39m,
    defaultWidth: [33m120[39m,
    visible: [33mtrue[39m
  },
  {
    prop: [32m'code'[39m,
    label: [32m'Code'[39m,
    width: [33m120[39m,
    defaultWidth: [33m120[39m,
    visible: [33mtrue[39m
  },
  {
    prop: [32m'status'[39m,
    label: [32m'Status'[39m,
    width: [33m100[39m,
    defaultWidth: [33m100[39m,
    visible: [33mtrue[39m
  },
  {
    prop: [32m'category'[39m,
    label: [32m'Category'[39m,
    width: [33m120[39m,
    defaultWidth: [33m120[39m,
    visible: [33mfalse[39m
  }
] ref="VTU_COMPONENT" > 
  at <VTUROOT>
[Vue warn]: Failed to resolve component: el-divider
If this is a native custom element, make sure to exclude it from component resolution via compilerOptions.isCustomElement. 
  at <ColumnManager columns= [
  {
    prop: [32m'name'[39m,
    label: [32m'Name'[39m,
    width: [33m150[39m,
    defaultWidth: [33m120[39m,
    visible: [33mtrue[39m
  },
  {
    prop: [32m'code'[39m,
    label: [32m'Code'[39m,
    width: [33m120[39m,
    defaultWidth: [33m120[39m,
    visible: [33mtrue[39m
  },
  {
    prop: [32m'status'[39m,
    label: [32m'Status'[39m,
    width: [33m100[39m,
    defaultWidth: [33m100[39m,
    visible: [33mtrue[39m
  },
  {
    prop: [32m'category'[39m,
    label: [32m'Category'[39m,
    width: [33m120[39m,
    defaultWidth: [33m120[39m,
    visible: [33mfalse[39m
  }
] ref="VTU_COMPONENT" > 
  at <VTUROOT>
[Vue warn]: Failed to resolve component: el-icon
If this is a native custom element, make sure to exclude it from component resolution via compilerOptions.isCustomElement. 
  at <ColumnManager columns= [
  {
    prop: [32m'name'[39m,
    label: [32m'Name'[39m,
    width: [33m150[39m,
    defaultWidth: [33m120[39m,
    visible: [33mtrue[39m
  },
  {
    prop: [32m'code'[39m,
    label: [32m'Code'[39m,
    width: [33m120[39m,
    defaultWidth: [33m120[39m,
    visible: [33mtrue[39m
  },
  {
    prop: [32m'status'[39m,
    label: [32m'Status'[39m,
    width: [33m100[39m,
    defaultWidth: [33m100[39m,
    visible: [33mtrue[39m
  },
  {
    prop: [32m'category'[39m,
    label: [32m'Category'[39m,
    width: [33m120[39m,
    defaultWidth: [33m120[39m,
    visible: [33mfalse[39m
  }
] ref="VTU_COMPONENT" > 
  at <VTUROOT>
[Vue warn]: Failed to resolve component: el-checkbox
If this is a native custom element, make sure to exclude it from component resolution via compilerOptions.isCustomElement. 
  at <ColumnManager columns= [
  {
    prop: [32m'name'[39m,
    label: [32m'Name'[39m,
    width: [33m150[39m,
    defaultWidth: [33m120[39m,
    visible: [33mtrue[39m
  },
  {
    prop: [32m'code'[39m,
    label: [32m'Code'[39m,
    width: [33m120[39m,
    defaultWidth: [33m120[39m,
    visible: [33mtrue[39m
  },
  {
    prop: [32m'status'[39m,
    label: [32m'Status'[39m,
    width: [33m100[39m,
    defaultWidth: [33m100[39m,
    visible: [33mtrue[39m
  },
  {
    prop: [32m'category'[39m,
    label: [32m'Category'[39m,
    width: [33m120[39m,
    defaultWidth: [33m120[39m,
    visible: [33mfalse[39m
  }
] ref="VTU_COMPONENT" > 
  at <VTUROOT>
[Vue warn]: Failed to resolve component: el-option
If this is a native custom element, make sure to exclude it from component resolution via compilerOptions.isCustomElement. 
  at <ColumnManager columns= [
  {
    prop: [32m'name'[39m,
    label: [32m'Name'[39m,
    width: [33m150[39m,
    defaultWidth: [33m120[39m,
    visible: [33mtrue[39m
  },
  {
    prop: [32m'code'[39m,
    label: [32m'Code'[39m,
    width: [33m120[39m,
    defaultWidth: [33m120[39m,
    visible: [33mtrue[39m
  },
  {
    prop: [32m'status'[39m,
    label: [32m'Status'[39m,
    width: [33m100[39m,
    defaultWidth: [33m100[39m,
    visible: [33mtrue[39m
  },
  {
    prop: [32m'category'[39m,
    label: [32m'Category'[39m,
    width: [33m120[39m,
    defaultWidth: [33m120[39m,
    visible: [33mfalse[39m
  }
] ref="VTU_COMPONENT" > 
  at <VTUROOT>
[Vue warn]: Failed to resolve component: el-select
If this is a native custom element, make sure to exclude it from component resolution via compilerOptions.isCustomElement. 
  at <ColumnManager columns= [
  {
    prop: [32m'name'[39m,
    label: [32m'Name'[39m,
    width: [33m150[39m,
    defaultWidth: [33m120[39m,
    visible: [33mtrue[39m
  },
  {
    prop: [32m'code'[39m,
    label: [32m'Code'[39m,
    width: [33m120[39m,
    defaultWidth: [33m120[39m,
    visible: [33mtrue[39m
  },
  {
    prop: [32m'status'[39m,
    label: [32m'Status'[39m,
    width: [33m100[39m,
    defaultWidth: [33m100[39m,
    visible: [33mtrue[39m
  },
  {
    prop: [32m'category'[39m,
    label: [32m'Category'[39m,
    width: [33m120[39m,
    defaultWidth: [33m120[39m,
    visible: [33mfalse[39m
  }
] ref="VTU_COMPONENT" > 
  at <VTUROOT>
[Vue warn]: Failed to resolve component: el-input-number
If this is a native custom element, make sure to exclude it from component resolution via compilerOptions.isCustomElement. 
  at <ColumnManager columns= [
  {
    prop: [32m'name'[39m,
    label: [32m'Name'[39m,
    width: [33m150[39m,
    defaultWidth: [33m120[39m,
    visible: [33mtrue[39m
  },
  {
    prop: [32m'code'[39m,
    label: [32m'Code'[39m,
    width: [33m120[39m,
    defaultWidth: [33m120[39m,
    visible: [33mtrue[39m
  },
  {
    prop: [32m'status'[39m,
    label: [32m'Status'[39m,
    width: [33m100[39m,
    defaultWidth: [33m100[39m,
    visible: [33mtrue[39m
  },
  {
    prop: [32m'category'[39m,
    label: [32m'Category'[39m,
    width: [33m120[39m,
    defaultWidth: [33m120[39m,
    visible: [33mfalse[39m
  }
] ref="VTU_COMPONENT" > 
  at <VTUROOT>
[Vue warn]: Failed to resolve component: el-popover
If this is a native custom element, make sure to exclude it from component resolution via compilerOptions.isCustomElement. 
  at <ColumnManager columns= [
  {
    prop: [32m'name'[39m,
    label: [32m'Name'[39m,
    width: [33m150[39m,
    defaultWidth: [33m120[39m,
    visible: [33mtrue[39m
  },
  {
    prop: [32m'code'[39m,
    label: [32m'Code'[39m,
    width: [33m120[39m,
    defaultWidth: [33m120[39m,
    visible: [33mtrue[39m
  },
  {
    prop: [32m'status'[39m,
    label: [32m'Status'[39m,
    width: [33m100[39m,
    defaultWidth: [33m100[39m,
    visible: [33mtrue[39m
  },
  {
    prop: [32m'category'[39m,
    label: [32m'Category'[39m,
    width: [33m120[39m,
    defaultWidth: [33m120[39m,
    visible: [33mfalse[39m
  }
] ref="VTU_COMPONENT" > 
  at <VTUROOT>

[90mstderr[2m | src/__tests__/unit/components/common/ColumnManager.spec.ts[2m > [22m[2mColumnManager[2m > [22m[2mshould init columns when popover shows
[22m[39m[Vue warn]: Failed to resolve component: el-button
If this is a native custom element, make sure to exclude it from component resolution via compilerOptions.isCustomElement. 
  at <ColumnManager columns= [
  {
    prop: [32m'name'[39m,
    label: [32m'Name'[39m,
    width: [33m150[39m,
    defaultWidth: [33m120[39m,
    visible: [33mtrue[39m
  },
  {
    prop: [32m'code'[39m,
    label: [32m'Code'[39m,
    width: [33m120[39m,
    defaultWidth: [33m120[39m,
    visible: [33mtrue[39m
  },
  {
    prop: [32m'status'[39m,
    label: [32m'Status'[39m,
    width: [33m100[39m,
    defaultWidth: [33m100[39m,
    visible: [33mtrue[39m
  },
  {
    prop: [32m'category'[39m,
    label: [32m'Category'[39m,
    width: [33m120[39m,
    defaultWidth: [33m120[39m,
    visible: [33mfalse[39m
  }
] ref="VTU_COMPONENT" > 
  at <VTUROOT>
[Vue warn]: Failed to resolve component: el-tooltip
If this is a native custom element, make sure to exclude it from component resolution via compilerOptions.isCustomElement. 
  at <ColumnManager columns= [
  {
    prop: [32m'name'[39m,
    label: [32m'Name'[39m,
    width: [33m150[39m,
    defaultWidth: [33m120[39m,
    visible: [33mtrue[39m
  },
  {
    prop: [32m'code'[39m,
    label: [32m'Code'[39m,
    width: [33m120[39m,
    defaultWidth: [33m120[39m,
    visible: [33mtrue[39m
  },
  {
    prop: [32m'status'[39m,
    label: [32m'Status'[39m,
    width: [33m100[39m,
    defaultWidth: [33m100[39m,
    visible: [33mtrue[39m
  },
  {
    prop: [32m'category'[39m,
    label: [32m'Category'[39m,
    width: [33m120[39m,
    defaultWidth: [33m120[39m,
    visible: [33mfalse[39m
  }
] ref="VTU_COMPONENT" > 
  at <VTUROOT>
[Vue warn]: Failed to resolve component: el-divider
If this is a native custom element, make sure to exclude it from component resolution via compilerOptions.isCustomElement. 
  at <ColumnManager columns= [
  {
    prop: [32m'name'[39m,
    label: [32m'Name'[39m,
    width: [33m150[39m,
    defaultWidth: [33m120[39m,
    visible: [33mtrue[39m
  },
  {
    prop: [32m'code'[39m,
    label: [32m'Code'[39m,
    width: [33m120[39m,
    defaultWidth: [33m120[39m,
    visible: [33mtrue[39m
  },
  {
    prop: [32m'status'[39m,
    label: [32m'Status'[39m,
    width: [33m100[39m,
    defaultWidth: [33m100[39m,
    visible: [33mtrue[39m
  },
  {
    prop: [32m'category'[39m,
    label: [32m'Category'[39m,
    width: [33m120[39m,
    defaultWidth: [33m120[39m,
    visible: [33mfalse[39m
  }
] ref="VTU_COMPONENT" > 
  at <VTUROOT>
[Vue warn]: Failed to resolve component: el-icon
If this is a native custom element, make sure to exclude it from component resolution via compilerOptions.isCustomElement. 
  at <ColumnManager columns= [
  {
    prop: [32m'name'[39m,
    label: [32m'Name'[39m,
    width: [33m150[39m,
    defaultWidth: [33m120[39m,
    visible: [33mtrue[39m
  },
  {
    prop: [32m'code'[39m,
    label: [32m'Code'[39m,
    width: [33m120[39m,
    defaultWidth: [33m120[39m,
    visible: [33mtrue[39m
  },
  {
    prop: [32m'status'[39m,
    label: [32m'Status'[39m,
    width: [33m100[39m,
    defaultWidth: [33m100[39m,
    visible: [33mtrue[39m
  },
  {
    prop: [32m'category'[39m,
    label: [32m'Category'[39m,
    width: [33m120[39m,
    defaultWidth: [33m120[39m,
    visible: [33mfalse[39m
  }
] ref="VTU_COMPONENT" > 
  at <VTUROOT>
[Vue warn]: Failed to resolve component: el-checkbox
If this is a native custom element, make sure to exclude it from component resolution via compilerOptions.isCustomElement. 
  at <ColumnManager columns= [
  {
    prop: [32m'name'[39m,
    label: [32m'Name'[39m,
    width: [33m150[39m,
    defaultWidth: [33m120[39m,
    visible: [33mtrue[39m
  },
  {
    prop: [32m'code'[39m,
    label: [32m'Code'[39m,
    width: [33m120[39m,
    defaultWidth: [33m120[39m,
    visible: [33mtrue[39m
  },
  {
    prop: [32m'status'[39m,
    label: [32m'Status'[39m,
    width: [33m100[39m,
    defaultWidth: [33m100[39m,
    visible: [33mtrue[39m
  },
  {
    prop: [32m'category'[39m,
    label: [32m'Category'[39m,
    width: [33m120[39m,
    defaultWidth: [33m120[39m,
    visible: [33mfalse[39m
  }
] ref="VTU_COMPONENT" > 
  at <VTUROOT>
[Vue warn]: Failed to resolve component: el-option
If this is a native custom element, make sure to exclude it from component resolution via compilerOptions.isCustomElement. 
  at <ColumnManager columns= [
  {
    prop: [32m'name'[39m,
    label: [32m'Name'[39m,
    width: [33m150[39m,
    defaultWidth: [33m120[39m,
    visible: [33mtrue[39m
  },
  {
    prop: [32m'code'[39m,
    label: [32m'Code'[39m,
    width: [33m120[39m,
    defaultWidth: [33m120[39m,
    visible: [33mtrue[39m
  },
  {
    prop: [32m'status'[39m,
    label: [32m'Status'[39m,
    width: [33m100[39m,
    defaultWidth: [33m100[39m,
    visible: [33mtrue[39m
  },
  {
    prop: [32m'category'[39m,
    label: [32m'Category'[39m,
    width: [33m120[39m,
    defaultWidth: [33m120[39m,
    visible: [33mfalse[39m
  }
] ref="VTU_COMPONENT" > 
  at <VTUROOT>
[Vue warn]: Failed to resolve component: el-select
If this is a native custom element, make sure to exclude it from component resolution via compilerOptions.isCustomElement. 
  at <ColumnManager columns= [
  {
    prop: [32m'name'[39m,
    label: [32m'Name'[39m,
    width: [33m150[39m,
    defaultWidth: [33m120[39m,
    visible: [33mtrue[39m
  },
  {
    prop: [32m'code'[39m,
    label: [32m'Code'[39m,
    width: [33m120[39m,
    defaultWidth: [33m120[39m,
    visible: [33mtrue[39m
  },
  {
    prop: [32m'status'[39m,
    label: [32m'Status'[39m,
    width: [33m100[39m,
    defaultWidth: [33m100[39m,
    visible: [33mtrue[39m
  },
  {
    prop: [32m'category'[39m,
    label: [32m'Category'[39m,
    width: [33m120[39m,
    defaultWidth: [33m120[39m,
    visible: [33mfalse[39m
  }
] ref="VTU_COMPONENT" > 
  at <VTUROOT>
[Vue warn]: Failed to resolve component: el-input-number
If this is a native custom element, make sure to exclude it from component resolution via compilerOptions.isCustomElement. 
  at <ColumnManager columns= [
  {
    prop: [32m'name'[39m,
    label: [32m'Name'[39m,
    width: [33m150[39m,
    defaultWidth: [33m120[39m,
    visible: [33mtrue[39m
  },
  {
    prop: [32m'code'[39m,
    label: [32m'Code'[39m,
    width: [33m120[39m,
    defaultWidth: [33m120[39m,
    visible: [33mtrue[39m
  },
  {
    prop: [32m'status'[39m,
    label: [32m'Status'[39m,
    width: [33m100[39m,
    defaultWidth: [33m100[39m,
    visible: [33mtrue[39m
  },
  {
    prop: [32m'category'[39m,
    label: [32m'Category'[39m,
    width: [33m120[39m,
    defaultWidth: [33m120[39m,
    visible: [33mfalse[39m
  }
] ref="VTU_COMPONENT" > 
  at <VTUROOT>
[Vue warn]: Failed to resolve component: el-popover
If this is a native custom element, make sure to exclude it from component resolution via compilerOptions.isCustomElement. 
  at <ColumnManager columns= [
  {
    prop: [32m'name'[39m,
    label: [32m'Name'[39m,
    width: [33m150[39m,
    defaultWidth: [33m120[39m,
    visible: [33mtrue[39m
  },
  {
    prop: [32m'code'[39m,
    label: [32m'Code'[39m,
    width: [33m120[39m,
    defaultWidth: [33m120[39m,
    visible: [33mtrue[39m
  },
  {
    prop: [32m'status'[39m,
    label: [32m'Status'[39m,
    width: [33m100[39m,
    defaultWidth: [33m100[39m,
    visible: [33mtrue[39m
  },
  {
    prop: [32m'category'[39m,
    label: [32m'Category'[39m,
    width: [33m120[39m,
    defaultWidth: [33m120[39m,
    visible: [33mfalse[39m
  }
] ref="VTU_COMPONENT" > 
  at <VTUROOT>

 [32m✓[39m src/__tests__/unit/components/common/ColumnManager.spec.ts[2m > [22mColumnManager[2m > [22mshould get field code with backward compatibility[32m 7[2mms[22m[39m
 [32m✓[39m src/__tests__/unit/components/common/ColumnManager.spec.ts[2m > [22mColumnManager[2m > [22mshould fallback to prop when field_code not available[32m 8[2mms[22m[39m
 [32m✓[39m src/__tests__/unit/components/common/ColumnManager.spec.ts[2m > [22mColumnManager[2m > [22mshould get display label with override[32m 6[2mms[22m[39m
 [32m✓[39m src/__tests__/unit/components/common/ColumnManager.spec.ts[2m > [22mColumnManager[2m > [22mshould get display label without override[32m 8[2mms[22m[39m
 [32m✓[39m src/__tests__/unit/components/common/ColumnManager.spec.ts[2m > [22mColumnManager[2m > [22mshould check if column is required[32m 10[2mms[22m[39m
 [32m✓[39m src/__tests__/unit/components/common/ColumnManager.spec.ts[2m > [22mColumnManager[2m > [22mshould get field type label[32m 14[2mms[22m[39m
 [32m✓[39m src/__tests__/unit/components/common/ColumnManager.spec.ts[2m > [22mColumnManager[2m > [22mshould emit changes when columns are reordered[32m 26[2mms[22m[39m
 [32m✓[39m src/__tests__/unit/components/common/ColumnManager.spec.ts[2m > [22mColumnManager[2m > [22mshould init columns when popover shows[32m 10[2mms[22m[39m
[90mstderr[2m | src/__tests__/unit/composables/useColumnConfig.spec.ts[2m > [22m[2museColumnConfig[2m > [22m[2mfetchConfig[2m > [22m[2mshould handle API errors gracefully
[22m[39mFailed to fetch column config Error: API Error
    at C:/Users/ND/Desktop/Notting_Project/NEWSEAMS/frontend/src/__tests__/unit/composables/useColumnConfig.spec.ts:96:56
[90m    at processTicksAndRejections (node:internal/process/task_queues:105:5)[39m
    at [90mfile:///C:/Users/ND/Desktop/Notting_Project/NEWSEAMS/frontend/[39mnode_modules/[4m@vitest/runner[24m/dist/index.js:915:20

[90mstderr[2m | src/__tests__/unit/composables/useColumnConfig.spec.ts[2m > [22m[2museColumnConfig[2m > [22m[2mfetchConfig[2m > [22m[2mshould return null on error
[22m[39mFailed to fetch column config Error: API Error
    at C:/Users/ND/Desktop/Notting_Project/NEWSEAMS/frontend/src/__tests__/unit/composables/useColumnConfig.spec.ts:108:56
[90m    at processTicksAndRejections (node:internal/process/task_queues:105:5)[39m
    at [90mfile:///C:/Users/ND/Desktop/Notting_Project/NEWSEAMS/frontend/[39mnode_modules/[4m@vitest/runner[24m/dist/index.js:915:20

[90mstderr[2m | src/__tests__/unit/composables/useColumnConfig.spec.ts[2m > [22m[2museColumnConfig[2m > [22m[2msaveConfig[2m > [22m[2mshould handle save errors
[22m[39mSave API error Error: Save failed
    at C:/Users/ND/Desktop/Notting_Project/NEWSEAMS/frontend/src/__tests__/unit/composables/useColumnConfig.spec.ts:169:57
[90m    at processTicksAndRejections (node:internal/process/task_queues:105:5)[39m
    at [90mfile:///C:/Users/ND/Desktop/Notting_Project/NEWSEAMS/frontend/[39mnode_modules/[4m@vitest/runner[24m/dist/index.js:915:20

[90mstderr[2m | src/__tests__/unit/composables/useColumnConfig.spec.ts[2m > [22m[2museColumnConfig[2m > [22m[2mresetConfig[2m > [22m[2mshould handle reset errors
[22m[39mReset API error Error: Reset failed
    at C:/Users/ND/Desktop/Notting_Project/NEWSEAMS/frontend/src/__tests__/unit/composables/useColumnConfig.spec.ts:220:58
[90m    at processTicksAndRejections (node:internal/process/task_queues:105:5)[39m
    at [90mfile:///C:/Users/ND/Desktop/Notting_Project/NEWSEAMS/frontend/[39mnode_modules/[4m@vitest/runner[24m/dist/index.js:915:20

 [32m✓[39m src/__tests__/unit/composables/useColumnConfig.spec.ts[2m > [22museColumnConfig[2m > [22minitialization[2m > [22mshould initialize with default values[32m 5[2mms[22m[39m
 [32m✓[39m src/__tests__/unit/composables/useColumnConfig.spec.ts[2m > [22museColumnConfig[2m > [22mfetchConfig[2m > [22mshould fetch configuration successfully[32m 3[2mms[22m[39m
 [32m✓[39m src/__tests__/unit/composables/useColumnConfig.spec.ts[2m > [22museColumnConfig[2m > [22mfetchConfig[2m > [22mshould cache configuration[32m 1[2mms[22m[39m
 [32m✓[39m src/__tests__/unit/composables/useColumnConfig.spec.ts[2m > [22museColumnConfig[2m > [22mfetchConfig[2m > [22mshould handle API errors gracefully[32m 7[2mms[22m[39m
 [32m✓[39m src/__tests__/unit/composables/useColumnConfig.spec.ts[2m > [22museColumnConfig[2m > [22mfetchConfig[2m > [22mshould return null on error[32m 2[2mms[22m[39m
 [32m✓[39m src/__tests__/unit/composables/useColumnConfig.spec.ts[2m > [22museColumnConfig[2m > [22msaveConfig[2m > [22mshould save configuration successfully[32m 4[2mms[22m[39m
 [32m✓[39m src/__tests__/unit/composables/useColumnConfig.spec.ts[2m > [22museColumnConfig[2m > [22msaveConfig[2m > [22mshould handle field_code property[32m 2[2mms[22m[39m
 [32m✓[39m src/__tests__/unit/composables/useColumnConfig.spec.ts[2m > [22museColumnConfig[2m > [22msaveConfig[2m > [22mshould handle save errors[32m 1[2mms[22m[39m
 [32m✓[39m src/__tests__/unit/composables/useColumnConfig.spec.ts[2m > [22museColumnConfig[2m > [22msaveConfig[2m > [22mshould update config after successful save[32m 1[2mms[22m[39m
 [32m✓[39m src/__tests__/unit/composables/useColumnConfig.spec.ts[2m > [22museColumnConfig[2m > [22mresetConfig[2m > [22mshould reset configuration successfully[32m 1[2mms[22m[39m
 [32m✓[39m src/__tests__/unit/composables/useColumnConfig.spec.ts[2m > [22museColumnConfig[2m > [22mresetConfig[2m > [22mshould handle reset errors[32m 2[2mms[22m[39m
 [32m✓[39m src/__tests__/unit/composables/useColumnConfig.spec.ts[2m > [22museColumnConfig[2m > [22mresetConfig[2m > [22mshould clear cache on reset[32m 1[2mms[22m[39m
 [32m✓[39m src/__tests__/unit/composables/useColumnConfig.spec.ts[2m > [22museColumnConfig[2m > [22mapplyConfig[2m > [22mshould return default columns when no config[32m 0[2mms[22m[39m
 [32m✓[39m src/__tests__/unit/composables/useColumnConfig.spec.ts[2m > [22museColumnConfig[2m > [22mapplyConfig[2m > [22mshould apply saved configuration to defaults[32m 1[2mms[22m[39m
 [32m✓[39m src/__tests__/unit/composables/useColumnConfig.spec.ts[2m > [22museColumnConfig[2m > [22mapplyConfig[2m > [22mshould handle fixed column property[32m 1[2mms[22m[39m
 [32m✓[39m src/__tests__/unit/composables/useColumnConfig.spec.ts[2m > [22museColumnConfig[2m > [22mapplyConfig[2m > [22mshould preserve default fixed when not in saved config[32m 0[2mms[22m[39m
 [32m✓[39m src/__tests__/unit/composables/useColumnConfig.spec.ts[2m > [22museColumnConfig[2m > [22mapplyConfig[2m > [22mshould sort columns by saved order[32m 0[2mms[22m[39m
 [32m✓[39m src/__tests__/unit/composables/useColumnConfig.spec.ts[2m > [22museColumnConfig[2m > [22mvisibleColumns[2m > [22mshould return only visible columns[32m 1[2mms[22m[39m
 [32m✓[39m src/__tests__/unit/composables/useColumnConfig.spec.ts[2m > [22museColumnConfig[2m > [22mvisibleColumns[2m > [22mshould return empty array when no config[32m 0[2mms[22m[39m
 [32m✓[39m src/__tests__/unit/composables/useColumnConfig.spec.ts[2m > [22museColumnConfig[2m > [22mvisibleColumns[2m > [22mshould treat missing visible as true[32m 1[2mms[22m[39m
 [32m✓[39m src/__tests__/unit/composables/useColumnConfig.spec.ts[2m > [22museColumnConfig[2m > [22mclearCache[2m > [22mshould clear cached configuration[32m 1[2mms[22m[39m
 [32m✓[39m src/__tests__/unit/composables/useColumnConfig.spec.ts[2m > [22museColumnConfig[2m > [22mclearAllColumnConfigCache[2m > [22mshould clear all cached configurations[32m 1[2mms[22m[39m

[31m⎯⎯⎯⎯⎯⎯⎯[39m[1m[41m Failed Tests 3 [49m[22m[31m⎯⎯⎯⎯⎯⎯⎯[39m

[41m[1m FAIL [22m[49m src/__tests__/unit/composables/useCrud.spec.ts[2m > [22museCrud[2m > [22mhandleBatchExport[2m > [22mshould do nothing when export API is not provided
[31m[1mAssertionError[22m: expected "vi.fn()" to not be called at all, but actually been called 1 times[90m

Received: 

[1m  1st vi.fn() call:

[22m    Array [
      "Please select items to export",
    ]
[31m[90m

Number of calls: [1m1[22m
[31m[39m
[36m [2m❯[22m src/__tests__/unit/composables/useCrud.spec.ts:[2m358:37[22m[39m
    [90m356| [39m      [35mawait[39m crud[33m.[39m[34mhandleBatchExport[39m([{ id[33m:[39m [32m'1'[39m[33m,[39m name[33m:[39m [32m'Item 1'[39m }])
    [90m357| [39m
    [90m358| [39m      [34mexpect[39m([33mElMessage[39m[33m.[39mwarning)[33m.[39mnot[33m.[39m[34mtoHaveBeenCalled[39m()
    [90m   | [39m                                    [31m^[39m
    [90m359| [39m    })
    [90m360| [39m  })

[31m[2m⎯⎯⎯⎯⎯⎯⎯⎯⎯⎯⎯⎯⎯⎯⎯⎯⎯⎯⎯⎯⎯⎯⎯⎯[1/3]⎯[22m[39m

[41m[1m FAIL [22m[49m src/__tests__/unit/composables/useTableConfig.spec.ts[2m > [22museTableConfig[2m > [22mrow expansion[2m > [22mshould handle expand change
[31m[1mRangeError[22m: Maximum call stack size exceeded[39m
[31m[2m⎯⎯⎯⎯⎯⎯⎯⎯⎯⎯⎯⎯⎯⎯⎯⎯⎯⎯⎯⎯⎯⎯⎯⎯[2/3]⎯[22m[39m

[41m[1m FAIL [22m[49m src/__tests__/unit/composables/useTableConfig.spec.ts[2m > [22museTableConfig[2m > [22mcaching[2m > [22mshould save and load configuration
[31m[1mAssertionError[22m: expected 1 to be 3 // Object.is equality[39m

[32m- Expected[39m
[31m+ Received[39m

[32m- 3[39m
[31m+ 1[39m

[36m [2m❯[22m src/__tests__/unit/composables/useTableConfig.spec.ts:[2m360:34[22m[39m
    [90m358| [39m
    [90m359| [39m      [34mexpect[39m(loaded)[33m.[39m[34mtoBeTruthy[39m()
    [90m360| [39m      [34mexpect[39m(config2[33m.[39mpage[33m.[39mvalue)[33m.[39m[34mtoBe[39m([34m3[39m)
    [90m   | [39m                                 [31m^[39m
    [90m361| [39m      [34mexpect[39m(config2[33m.[39mpageSize[33m.[39mvalue)[33m.[39m[34mtoBe[39m([34m50[39m)
    [90m362| [39m      [34mexpect[39m(config2[33m.[39mfilters[33m.[39mvalue[33m.[39mstatus)[33m.[39m[34mtoBe[39m([32m'active'[39m)

[31m[2m⎯⎯⎯⎯⎯⎯⎯⎯⎯⎯⎯⎯⎯⎯⎯⎯⎯⎯⎯⎯⎯⎯⎯⎯[3/3]⎯[22m[39m


[2m Test Files [22m [1m[31m2 failed[39m[22m[2m | [22m[1m[32m7 passed[39m[22m[90m (9)[39m
[2m      Tests [22m [1m[31m3 failed[39m[22m[2m | [22m[1m[32m185 passed[39m[22m[90m (188)[39m
[2m   Start at [22m 13:48:29
[2m   Duration [22m 4.33s[2m (transform 4.26s, setup 790ms, import 6.63s, tests 895ms, environment 16.16s)[22m

