python : Creating test database for alias 'default'...
所在位置 行:1 字符: 1
+ python manage.py test apps.assets.tests.test_operation_models > test_ ...
+ ~~~~~~~~~~~~~~~~~~~~~~~~~~~~~~~~~~~~~~~~~~~~~~~~~~~~~~~~~~~~~~~~~~~~~
    + CategoryInfo          : NotSpecified: (Creating test d...as 'default'...:S 
   tring) [], RemoteException
    + FullyQualifiedErrorId : NativeCommandError
 

System check identified some issues:

WARNINGS:
accounts.User.created_at: (fields.W163) SQLite does not support comments on colum
ns (db_comment).
accounts.User.created_by: (fields.W163) SQLite does not support comments on colum
ns (db_comment).
accounts.User.current_organization: (fields.W163) SQLite does not support comment
s on columns (db_comment).
accounts.User.custom_fields: (fields.W163) SQLite does not support comments on co
lumns (db_comment).
accounts.User.deleted_at: (fields.W163) SQLite does not support comments on colum
ns (db_comment).
accounts.User.deleted_by: (fields.W163) SQLite does not support comments on colum
ns (db_comment).
accounts.User.dingtalk_unionid: (fields.W163) SQLite does not support comments on
 columns (db_comment).
accounts.User.dingtalk_userid: (fields.W163) SQLite does not support comments on 
columns (db_comment).
accounts.User.feishu_unionid: (fields.W163) SQLite does not support comments on c
olumns (db_comment).
accounts.User.feishu_userid: (fields.W163) SQLite does not support comments on co
lumns (db_comment).
accounts.User.is_deleted: (fields.W163) SQLite does not support comments on colum
ns (db_comment).
accounts.User.organization: (fields.W163) SQLite does not support comments on col
umns (db_comment).
accounts.User.updated_at: (fields.W163) SQLite does not support comments on colum
ns (db_comment).
accounts.User.updated_by: (fields.W163) SQLite does not support comments on colum
ns (db_comment).
accounts.User.wework_unionid: (fields.W163) SQLite does not support comments on c
olumns (db_comment).
accounts.User.wework_userid: (fields.W163) SQLite does not support comments on co
lumns (db_comment).
accounts.UserOrganization.invited_by: (fields.W163) SQLite does not support comme
nts on columns (db_comment).
accounts.UserOrganization.is_active: (fields.W163) SQLite does not support commen
ts on columns (db_comment).
accounts.UserOrganization.is_primary: (fields.W163) SQLite does not support comme
nts on columns (db_comment).
accounts.UserOrganization.joined_at: (fields.W163) SQLite does not support commen
ts on columns (db_comment).
accounts.UserOrganization.organization: (fields.W163) SQLite does not support com
ments on columns (db_comment).
accounts.UserOrganization.role: (fields.W163) SQLite does not support comments on
 columns (db_comment).
accounts.UserOrganization.user: (fields.W163) SQLite does not support comments on
 columns (db_comment).
assets.Asset.created_at: (fields.W163) SQLite does not support comments on column
s (db_comment).
assets.Asset.created_by: (fields.W163) SQLite does not support comments on column
s (db_comment).
assets.Asset.custom_fields: (fields.W163) SQLite does not support comments on col
umns (db_comment).
assets.Asset.deleted_at: (fields.W163) SQLite does not support comments on column
s (db_comment).
assets.Asset.deleted_by: (fields.W163) SQLite does not support comments on column
s (db_comment).
assets.Asset.is_deleted: (fields.W163) SQLite does not support comments on column
s (db_comment).
assets.Asset.organization: (fields.W163) SQLite does not support comments on colu
mns (db_comment).
assets.Asset.updated_at: (fields.W163) SQLite does not support comments on column
s (db_comment).
assets.Asset.updated_by: (fields.W163) SQLite does not support comments on column
s (db_comment).
assets.AssetCategory.created_at: (fields.W163) SQLite does not support comments o
n columns (db_comment).
assets.AssetCategory.created_by: (fields.W163) SQLite does not support comments o
n columns (db_comment).
assets.AssetCategory.custom_fields: (fields.W163) SQLite does not support comment
s on columns (db_comment).
assets.AssetCategory.deleted_at: (fields.W163) SQLite does not support comments o
n columns (db_comment).
assets.AssetCategory.deleted_by: (fields.W163) SQLite does not support comments o
n columns (db_comment).
assets.AssetCategory.is_deleted: (fields.W163) SQLite does not support comments o
n columns (db_comment).
assets.AssetCategory.organization: (fields.W163) SQLite does not support comments
 on columns (db_comment).
assets.AssetCategory.updated_at: (fields.W163) SQLite does not support comments o
n columns (db_comment).
assets.AssetCategory.updated_by: (fields.W163) SQLite does not support comments o
n columns (db_comment).
assets.AssetLoan.created_at: (fields.W163) SQLite does not support comments on co
lumns (db_comment).
assets.AssetLoan.created_by: (fields.W163) SQLite does not support comments on co
lumns (db_comment).
assets.AssetLoan.custom_fields: (fields.W163) SQLite does not support comments on
 columns (db_comment).
assets.AssetLoan.deleted_at: (fields.W163) SQLite does not support comments on co
lumns (db_comment).
assets.AssetLoan.deleted_by: (fields.W163) SQLite does not support comments on co
lumns (db_comment).
assets.AssetLoan.is_deleted: (fields.W163) SQLite does not support comments on co
lumns (db_comment).
assets.AssetLoan.organization: (fields.W163) SQLite does not support comments on 
columns (db_comment).
assets.AssetLoan.updated_at: (fields.W163) SQLite does not support comments on co
lumns (db_comment).
assets.AssetLoan.updated_by: (fields.W163) SQLite does not support comments on co
lumns (db_comment).
assets.AssetPickup.created_at: (fields.W163) SQLite does not support comments on 
columns (db_comment).
assets.AssetPickup.created_by: (fields.W163) SQLite does not support comments on 
columns (db_comment).
assets.AssetPickup.custom_fields: (fields.W163) SQLite does not support comments 
on columns (db_comment).
assets.AssetPickup.deleted_at: (fields.W163) SQLite does not support comments on 
columns (db_comment).
assets.AssetPickup.deleted_by: (fields.W163) SQLite does not support comments on 
columns (db_comment).
assets.AssetPickup.is_deleted: (fields.W163) SQLite does not support comments on 
columns (db_comment).
assets.AssetPickup.organization: (fields.W163) SQLite does not support comments o
n columns (db_comment).
assets.AssetPickup.updated_at: (fields.W163) SQLite does not support comments on 
columns (db_comment).
assets.AssetPickup.updated_by: (fields.W163) SQLite does not support comments on 
columns (db_comment).
assets.AssetReturn.created_at: (fields.W163) SQLite does not support comments on 
columns (db_comment).
assets.AssetReturn.created_by: (fields.W163) SQLite does not support comments on 
columns (db_comment).
assets.AssetReturn.custom_fields: (fields.W163) SQLite does not support comments 
on columns (db_comment).
assets.AssetReturn.deleted_at: (fields.W163) SQLite does not support comments on 
columns (db_comment).
assets.AssetReturn.deleted_by: (fields.W163) SQLite does not support comments on 
columns (db_comment).
assets.AssetReturn.is_deleted: (fields.W163) SQLite does not support comments on 
columns (db_comment).
assets.AssetReturn.organization: (fields.W163) SQLite does not support comments o
n columns (db_comment).
assets.AssetReturn.updated_at: (fields.W163) SQLite does not support comments on 
columns (db_comment).
assets.AssetReturn.updated_by: (fields.W163) SQLite does not support comments on 
columns (db_comment).
assets.AssetStatusLog.created_at: (fields.W163) SQLite does not support comments 
on columns (db_comment).
assets.AssetStatusLog.created_by: (fields.W163) SQLite does not support comments 
on columns (db_comment).
assets.AssetStatusLog.custom_fields: (fields.W163) SQLite does not support commen
ts on columns (db_comment).
assets.AssetStatusLog.deleted_at: (fields.W163) SQLite does not support comments 
on columns (db_comment).
assets.AssetStatusLog.deleted_by: (fields.W163) SQLite does not support comments 
on columns (db_comment).
assets.AssetStatusLog.is_deleted: (fields.W163) SQLite does not support comments 
on columns (db_comment).
assets.AssetStatusLog.organization: (fields.W163) SQLite does not support comment
s on columns (db_comment).
assets.AssetStatusLog.updated_at: (fields.W163) SQLite does not support comments 
on columns (db_comment).
assets.AssetStatusLog.updated_by: (fields.W163) SQLite does not support comments 
on columns (db_comment).
assets.AssetTransfer.created_at: (fields.W163) SQLite does not support comments o
n columns (db_comment).
assets.AssetTransfer.created_by: (fields.W163) SQLite does not support comments o
n columns (db_comment).
assets.AssetTransfer.custom_fields: (fields.W163) SQLite does not support comment
s on columns (db_comment).
assets.AssetTransfer.deleted_at: (fields.W163) SQLite does not support comments o
n columns (db_comment).
assets.AssetTransfer.deleted_by: (fields.W163) SQLite does not support comments o
n columns (db_comment).
assets.AssetTransfer.is_deleted: (fields.W163) SQLite does not support comments o
n columns (db_comment).
assets.AssetTransfer.organization: (fields.W163) SQLite does not support comments
 on columns (db_comment).
assets.AssetTransfer.updated_at: (fields.W163) SQLite does not support comments o
n columns (db_comment).
assets.AssetTransfer.updated_by: (fields.W163) SQLite does not support comments o
n columns (db_comment).
assets.LoanItem.created_at: (fields.W163) SQLite does not support comments on col
umns (db_comment).
assets.LoanItem.created_by: (fields.W163) SQLite does not support comments on col
umns (db_comment).
assets.LoanItem.custom_fields: (fields.W163) SQLite does not support comments on 
columns (db_comment).
assets.LoanItem.deleted_at: (fields.W163) SQLite does not support comments on col
umns (db_comment).
assets.LoanItem.deleted_by: (fields.W163) SQLite does not support comments on col
umns (db_comment).
assets.LoanItem.is_deleted: (fields.W163) SQLite does not support comments on col
umns (db_comment).
assets.LoanItem.organization: (fields.W163) SQLite does not support comments on c
olumns (db_comment).
assets.LoanItem.updated_at: (fields.W163) SQLite does not support comments on col
umns (db_comment).
assets.LoanItem.updated_by: (fields.W163) SQLite does not support comments on col
umns (db_comment).
assets.Location.created_at: (fields.W163) SQLite does not support comments on col
umns (db_comment).
assets.Location.created_by: (fields.W163) SQLite does not support comments on col
umns (db_comment).
assets.Location.custom_fields: (fields.W163) SQLite does not support comments on 
columns (db_comment).
assets.Location.deleted_at: (fields.W163) SQLite does not support comments on col
umns (db_comment).
assets.Location.deleted_by: (fields.W163) SQLite does not support comments on col
umns (db_comment).
assets.Location.is_deleted: (fields.W163) SQLite does not support comments on col
umns (db_comment).
assets.Location.organization: (fields.W163) SQLite does not support comments on c
olumns (db_comment).
assets.Location.updated_at: (fields.W163) SQLite does not support comments on col
umns (db_comment).
assets.Location.updated_by: (fields.W163) SQLite does not support comments on col
umns (db_comment).
assets.PickupItem.created_at: (fields.W163) SQLite does not support comments on c
olumns (db_comment).
assets.PickupItem.created_by: (fields.W163) SQLite does not support comments on c
olumns (db_comment).
assets.PickupItem.custom_fields: (fields.W163) SQLite does not support comments o
n columns (db_comment).
assets.PickupItem.deleted_at: (fields.W163) SQLite does not support comments on c
olumns (db_comment).
assets.PickupItem.deleted_by: (fields.W163) SQLite does not support comments on c
olumns (db_comment).
assets.PickupItem.is_deleted: (fields.W163) SQLite does not support comments on c
olumns (db_comment).
assets.PickupItem.organization: (fields.W163) SQLite does not support comments on
 columns (db_comment).
assets.PickupItem.updated_at: (fields.W163) SQLite does not support comments on c
olumns (db_comment).
assets.PickupItem.updated_by: (fields.W163) SQLite does not support comments on c
olumns (db_comment).
assets.ReturnItem.created_at: (fields.W163) SQLite does not support comments on c
olumns (db_comment).
assets.ReturnItem.created_by: (fields.W163) SQLite does not support comments on c
olumns (db_comment).
assets.ReturnItem.custom_fields: (fields.W163) SQLite does not support comments o
n columns (db_comment).
assets.ReturnItem.deleted_at: (fields.W163) SQLite does not support comments on c
olumns (db_comment).
assets.ReturnItem.deleted_by: (fields.W163) SQLite does not support comments on c
olumns (db_comment).
assets.ReturnItem.is_deleted: (fields.W163) SQLite does not support comments on c
olumns (db_comment).
assets.ReturnItem.organization: (fields.W163) SQLite does not support comments on
 columns (db_comment).
assets.ReturnItem.updated_at: (fields.W163) SQLite does not support comments on c
olumns (db_comment).
assets.ReturnItem.updated_by: (fields.W163) SQLite does not support comments on c
olumns (db_comment).
assets.Supplier.created_at: (fields.W163) SQLite does not support comments on col
umns (db_comment).
assets.Supplier.created_by: (fields.W163) SQLite does not support comments on col
umns (db_comment).
assets.Supplier.custom_fields: (fields.W163) SQLite does not support comments on 
columns (db_comment).
assets.Supplier.deleted_at: (fields.W163) SQLite does not support comments on col
umns (db_comment).
assets.Supplier.deleted_by: (fields.W163) SQLite does not support comments on col
umns (db_comment).
assets.Supplier.is_deleted: (fields.W163) SQLite does not support comments on col
umns (db_comment).
assets.Supplier.organization: (fields.W163) SQLite does not support comments on c
olumns (db_comment).
assets.Supplier.updated_at: (fields.W163) SQLite does not support comments on col
umns (db_comment).
assets.Supplier.updated_by: (fields.W163) SQLite does not support comments on col
umns (db_comment).
assets.TransferItem.created_at: (fields.W163) SQLite does not support comments on
 columns (db_comment).
assets.TransferItem.created_by: (fields.W163) SQLite does not support comments on
 columns (db_comment).
assets.TransferItem.custom_fields: (fields.W163) SQLite does not support comments
 on columns (db_comment).
assets.TransferItem.deleted_at: (fields.W163) SQLite does not support comments on
 columns (db_comment).
assets.TransferItem.deleted_by: (fields.W163) SQLite does not support comments on
 columns (db_comment).
assets.TransferItem.is_deleted: (fields.W163) SQLite does not support comments on
 columns (db_comment).
assets.TransferItem.organization: (fields.W163) SQLite does not support comments 
on columns (db_comment).
assets.TransferItem.updated_at: (fields.W163) SQLite does not support comments on
 columns (db_comment).
assets.TransferItem.updated_by: (fields.W163) SQLite does not support comments on
 columns (db_comment).
consumables.Consumable.created_at: (fields.W163) SQLite does not support comments
 on columns (db_comment).
consumables.Consumable.created_by: (fields.W163) SQLite does not support comments
 on columns (db_comment).
consumables.Consumable.custom_fields: (fields.W163) SQLite does not support comme
nts on columns (db_comment).
consumables.Consumable.deleted_at: (fields.W163) SQLite does not support comments
 on columns (db_comment).
consumables.Consumable.deleted_by: (fields.W163) SQLite does not support comments
 on columns (db_comment).
consumables.Consumable.is_deleted: (fields.W163) SQLite does not support comments
 on columns (db_comment).
consumables.Consumable.organization: (fields.W163) SQLite does not support commen
ts on columns (db_comment).
consumables.Consumable.updated_at: (fields.W163) SQLite does not support comments
 on columns (db_comment).
consumables.Consumable.updated_by: (fields.W163) SQLite does not support comments
 on columns (db_comment).
consumables.ConsumableCategory.created_at: (fields.W163) SQLite does not support 
comments on columns (db_comment).
consumables.ConsumableCategory.created_by: (fields.W163) SQLite does not support 
comments on columns (db_comment).
consumables.ConsumableCategory.custom_fields: (fields.W163) SQLite does not suppo
rt comments on columns (db_comment).
consumables.ConsumableCategory.deleted_at: (fields.W163) SQLite does not support 
comments on columns (db_comment).
consumables.ConsumableCategory.deleted_by: (fields.W163) SQLite does not support 
comments on columns (db_comment).
consumables.ConsumableCategory.is_deleted: (fields.W163) SQLite does not support 
comments on columns (db_comment).
consumables.ConsumableCategory.organization: (fields.W163) SQLite does not suppor
t comments on columns (db_comment).
consumables.ConsumableCategory.updated_at: (fields.W163) SQLite does not support 
comments on columns (db_comment).
consumables.ConsumableCategory.updated_by: (fields.W163) SQLite does not support 
comments on columns (db_comment).
consumables.ConsumableIssue.created_at: (fields.W163) SQLite does not support com
ments on columns (db_comment).
consumables.ConsumableIssue.created_by: (fields.W163) SQLite does not support com
ments on columns (db_comment).
consumables.ConsumableIssue.custom_fields: (fields.W163) SQLite does not support 
comments on columns (db_comment).
consumables.ConsumableIssue.deleted_at: (fields.W163) SQLite does not support com
ments on columns (db_comment).
consumables.ConsumableIssue.deleted_by: (fields.W163) SQLite does not support com
ments on columns (db_comment).
consumables.ConsumableIssue.is_deleted: (fields.W163) SQLite does not support com
ments on columns (db_comment).
consumables.ConsumableIssue.organization: (fields.W163) SQLite does not support c
omments on columns (db_comment).
consumables.ConsumableIssue.updated_at: (fields.W163) SQLite does not support com
ments on columns (db_comment).
consumables.ConsumableIssue.updated_by: (fields.W163) SQLite does not support com
ments on columns (db_comment).
consumables.ConsumablePurchase.created_at: (fields.W163) SQLite does not support 
comments on columns (db_comment).
consumables.ConsumablePurchase.created_by: (fields.W163) SQLite does not support 
comments on columns (db_comment).
consumables.ConsumablePurchase.custom_fields: (fields.W163) SQLite does not suppo
rt comments on columns (db_comment).
consumables.ConsumablePurchase.deleted_at: (fields.W163) SQLite does not support 
comments on columns (db_comment).
consumables.ConsumablePurchase.deleted_by: (fields.W163) SQLite does not support 
comments on columns (db_comment).
consumables.ConsumablePurchase.is_deleted: (fields.W163) SQLite does not support 
comments on columns (db_comment).
consumables.ConsumablePurchase.organization: (fields.W163) SQLite does not suppor
t comments on columns (db_comment).
consumables.ConsumablePurchase.updated_at: (fields.W163) SQLite does not support 
comments on columns (db_comment).
consumables.ConsumablePurchase.updated_by: (fields.W163) SQLite does not support 
comments on columns (db_comment).
consumables.ConsumableStock.created_at: (fields.W163) SQLite does not support com
ments on columns (db_comment).
consumables.ConsumableStock.created_by: (fields.W163) SQLite does not support com
ments on columns (db_comment).
consumables.ConsumableStock.custom_fields: (fields.W163) SQLite does not support 
comments on columns (db_comment).
consumables.ConsumableStock.deleted_at: (fields.W163) SQLite does not support com
ments on columns (db_comment).
consumables.ConsumableStock.deleted_by: (fields.W163) SQLite does not support com
ments on columns (db_comment).
consumables.ConsumableStock.is_deleted: (fields.W163) SQLite does not support com
ments on columns (db_comment).
consumables.ConsumableStock.organization: (fields.W163) SQLite does not support c
omments on columns (db_comment).
consumables.ConsumableStock.updated_at: (fields.W163) SQLite does not support com
ments on columns (db_comment).
consumables.ConsumableStock.updated_by: (fields.W163) SQLite does not support com
ments on columns (db_comment).
consumables.IssueItem.created_at: (fields.W163) SQLite does not support comments 
on columns (db_comment).
consumables.IssueItem.created_by: (fields.W163) SQLite does not support comments 
on columns (db_comment).
consumables.IssueItem.custom_fields: (fields.W163) SQLite does not support commen
ts on columns (db_comment).
consumables.IssueItem.deleted_at: (fields.W163) SQLite does not support comments 
on columns (db_comment).
consumables.IssueItem.deleted_by: (fields.W163) SQLite does not support comments 
on columns (db_comment).
consumables.IssueItem.is_deleted: (fields.W163) SQLite does not support comments 
on columns (db_comment).
consumables.IssueItem.organization: (fields.W163) SQLite does not support comment
s on columns (db_comment).
consumables.IssueItem.updated_at: (fields.W163) SQLite does not support comments 
on columns (db_comment).
consumables.IssueItem.updated_by: (fields.W163) SQLite does not support comments 
on columns (db_comment).
consumables.PurchaseItem.created_at: (fields.W163) SQLite does not support commen
ts on columns (db_comment).
consumables.PurchaseItem.created_by: (fields.W163) SQLite does not support commen
ts on columns (db_comment).
consumables.PurchaseItem.custom_fields: (fields.W163) SQLite does not support com
ments on columns (db_comment).
consumables.PurchaseItem.deleted_at: (fields.W163) SQLite does not support commen
ts on columns (db_comment).
consumables.PurchaseItem.deleted_by: (fields.W163) SQLite does not support commen
ts on columns (db_comment).
consumables.PurchaseItem.is_deleted: (fields.W163) SQLite does not support commen
ts on columns (db_comment).
consumables.PurchaseItem.organization: (fields.W163) SQLite does not support comm
ents on columns (db_comment).
consumables.PurchaseItem.updated_at: (fields.W163) SQLite does not support commen
ts on columns (db_comment).
consumables.PurchaseItem.updated_by: (fields.W163) SQLite does not support commen
ts on columns (db_comment).
integration.DataMappingTemplate.created_at: (fields.W163) SQLite does not support
 comments on columns (db_comment).
integration.DataMappingTemplate.created_by: (fields.W163) SQLite does not support
 comments on columns (db_comment).
integration.DataMappingTemplate.custom_fields: (fields.W163) SQLite does not supp
ort comments on columns (db_comment).
integration.DataMappingTemplate.deleted_at: (fields.W163) SQLite does not support
 comments on columns (db_comment).
integration.DataMappingTemplate.deleted_by: (fields.W163) SQLite does not support
 comments on columns (db_comment).
integration.DataMappingTemplate.is_deleted: (fields.W163) SQLite does not support
 comments on columns (db_comment).
integration.DataMappingTemplate.organization: (fields.W163) SQLite does not suppo
rt comments on columns (db_comment).
integration.DataMappingTemplate.updated_at: (fields.W163) SQLite does not support
 comments on columns (db_comment).
integration.DataMappingTemplate.updated_by: (fields.W163) SQLite does not support
 comments on columns (db_comment).
integration.IntegrationConfig.created_at: (fields.W163) SQLite does not support c
omments on columns (db_comment).
integration.IntegrationConfig.created_by: (fields.W163) SQLite does not support c
omments on columns (db_comment).
integration.IntegrationConfig.custom_fields: (fields.W163) SQLite does not suppor
t comments on columns (db_comment).
integration.IntegrationConfig.deleted_at: (fields.W163) SQLite does not support c
omments on columns (db_comment).
integration.IntegrationConfig.deleted_by: (fields.W163) SQLite does not support c
omments on columns (db_comment).
integration.IntegrationConfig.is_deleted: (fields.W163) SQLite does not support c
omments on columns (db_comment).
integration.IntegrationConfig.organization: (fields.W163) SQLite does not support
 comments on columns (db_comment).
integration.IntegrationConfig.updated_at: (fields.W163) SQLite does not support c
omments on columns (db_comment).
integration.IntegrationConfig.updated_by: (fields.W163) SQLite does not support c
omments on columns (db_comment).
integration.IntegrationLog.created_at: (fields.W163) SQLite does not support comm
ents on columns (db_comment).
integration.IntegrationLog.created_by: (fields.W163) SQLite does not support comm
ents on columns (db_comment).
integration.IntegrationLog.custom_fields: (fields.W163) SQLite does not support c
omments on columns (db_comment).
integration.IntegrationLog.deleted_at: (fields.W163) SQLite does not support comm
ents on columns (db_comment).
integration.IntegrationLog.deleted_by: (fields.W163) SQLite does not support comm
ents on columns (db_comment).
integration.IntegrationLog.is_deleted: (fields.W163) SQLite does not support comm
ents on columns (db_comment).
integration.IntegrationLog.organization: (fields.W163) SQLite does not support co
mments on columns (db_comment).
integration.IntegrationLog.updated_at: (fields.W163) SQLite does not support comm
ents on columns (db_comment).
integration.IntegrationLog.updated_by: (fields.W163) SQLite does not support comm
ents on columns (db_comment).
integration.IntegrationSyncTask.created_at: (fields.W163) SQLite does not support
 comments on columns (db_comment).
integration.IntegrationSyncTask.created_by: (fields.W163) SQLite does not support
 comments on columns (db_comment).
integration.IntegrationSyncTask.custom_fields: (fields.W163) SQLite does not supp
ort comments on columns (db_comment).
integration.IntegrationSyncTask.deleted_at: (fields.W163) SQLite does not support
 comments on columns (db_comment).
integration.IntegrationSyncTask.deleted_by: (fields.W163) SQLite does not support
 comments on columns (db_comment).
integration.IntegrationSyncTask.is_deleted: (fields.W163) SQLite does not support
 comments on columns (db_comment).
integration.IntegrationSyncTask.organization: (fields.W163) SQLite does not suppo
rt comments on columns (db_comment).
integration.IntegrationSyncTask.updated_at: (fields.W163) SQLite does not support
 comments on columns (db_comment).
integration.IntegrationSyncTask.updated_by: (fields.W163) SQLite does not support
 comments on columns (db_comment).
inventory.InventoryDifference.created_at: (fields.W163) SQLite does not support c
omments on columns (db_comment).
inventory.InventoryDifference.created_by: (fields.W163) SQLite does not support c
omments on columns (db_comment).
inventory.InventoryDifference.custom_fields: (fields.W163) SQLite does not suppor
t comments on columns (db_comment).
inventory.InventoryDifference.deleted_at: (fields.W163) SQLite does not support c
omments on columns (db_comment).
inventory.InventoryDifference.deleted_by: (fields.W163) SQLite does not support c
omments on columns (db_comment).
inventory.InventoryDifference.is_deleted: (fields.W163) SQLite does not support c
omments on columns (db_comment).
inventory.InventoryDifference.organization: (fields.W163) SQLite does not support
 comments on columns (db_comment).
inventory.InventoryDifference.updated_at: (fields.W163) SQLite does not support c
omments on columns (db_comment).
inventory.InventoryDifference.updated_by: (fields.W163) SQLite does not support c
omments on columns (db_comment).
inventory.InventoryScan.created_at: (fields.W163) SQLite does not support comment
s on columns (db_comment).
inventory.InventoryScan.created_by: (fields.W163) SQLite does not support comment
s on columns (db_comment).
inventory.InventoryScan.custom_fields: (fields.W163) SQLite does not support comm
ents on columns (db_comment).
inventory.InventoryScan.deleted_at: (fields.W163) SQLite does not support comment
s on columns (db_comment).
inventory.InventoryScan.deleted_by: (fields.W163) SQLite does not support comment
s on columns (db_comment).
inventory.InventoryScan.is_deleted: (fields.W163) SQLite does not support comment
s on columns (db_comment).
inventory.InventoryScan.organization: (fields.W163) SQLite does not support comme
nts on columns (db_comment).
inventory.InventoryScan.updated_at: (fields.W163) SQLite does not support comment
s on columns (db_comment).
inventory.InventoryScan.updated_by: (fields.W163) SQLite does not support comment
s on columns (db_comment).
inventory.InventorySnapshot.created_at: (fields.W163) SQLite does not support com
ments on columns (db_comment).
inventory.InventorySnapshot.created_by: (fields.W163) SQLite does not support com
ments on columns (db_comment).
inventory.InventorySnapshot.custom_fields: (fields.W163) SQLite does not support 
comments on columns (db_comment).
inventory.InventorySnapshot.deleted_at: (fields.W163) SQLite does not support com
ments on columns (db_comment).
inventory.InventorySnapshot.deleted_by: (fields.W163) SQLite does not support com
ments on columns (db_comment).
inventory.InventorySnapshot.is_deleted: (fields.W163) SQLite does not support com
ments on columns (db_comment).
inventory.InventorySnapshot.organization: (fields.W163) SQLite does not support c
omments on columns (db_comment).
inventory.InventorySnapshot.updated_at: (fields.W163) SQLite does not support com
ments on columns (db_comment).
inventory.InventorySnapshot.updated_by: (fields.W163) SQLite does not support com
ments on columns (db_comment).
inventory.InventoryTask.created_at: (fields.W163) SQLite does not support comment
s on columns (db_comment).
inventory.InventoryTask.created_by: (fields.W163) SQLite does not support comment
s on columns (db_comment).
inventory.InventoryTask.custom_fields: (fields.W163) SQLite does not support comm
ents on columns (db_comment).
inventory.InventoryTask.deleted_at: (fields.W163) SQLite does not support comment
s on columns (db_comment).
inventory.InventoryTask.deleted_by: (fields.W163) SQLite does not support comment
s on columns (db_comment).
inventory.InventoryTask.is_deleted: (fields.W163) SQLite does not support comment
s on columns (db_comment).
inventory.InventoryTask.organization: (fields.W163) SQLite does not support comme
nts on columns (db_comment).
inventory.InventoryTask.updated_at: (fields.W163) SQLite does not support comment
s on columns (db_comment).
inventory.InventoryTask.updated_by: (fields.W163) SQLite does not support comment
s on columns (db_comment).
inventory.InventoryTaskExecutor.created_at: (fields.W163) SQLite does not support
 comments on columns (db_comment).
inventory.InventoryTaskExecutor.created_by: (fields.W163) SQLite does not support
 comments on columns (db_comment).
inventory.InventoryTaskExecutor.custom_fields: (fields.W163) SQLite does not supp
ort comments on columns (db_comment).
inventory.InventoryTaskExecutor.deleted_at: (fields.W163) SQLite does not support
 comments on columns (db_comment).
inventory.InventoryTaskExecutor.deleted_by: (fields.W163) SQLite does not support
 comments on columns (db_comment).
inventory.InventoryTaskExecutor.is_deleted: (fields.W163) SQLite does not support
 comments on columns (db_comment).
inventory.InventoryTaskExecutor.organization: (fields.W163) SQLite does not suppo
rt comments on columns (db_comment).
inventory.InventoryTaskExecutor.updated_at: (fields.W163) SQLite does not support
 comments on columns (db_comment).
inventory.InventoryTaskExecutor.updated_by: (fields.W163) SQLite does not support
 comments on columns (db_comment).
lifecycle.AssetReceipt.created_at: (fields.W163) SQLite does not support comments
 on columns (db_comment).
lifecycle.AssetReceipt.created_by: (fields.W163) SQLite does not support comments
 on columns (db_comment).
lifecycle.AssetReceipt.custom_fields: (fields.W163) SQLite does not support comme
nts on columns (db_comment).
lifecycle.AssetReceipt.deleted_at: (fields.W163) SQLite does not support comments
 on columns (db_comment).
lifecycle.AssetReceipt.deleted_by: (fields.W163) SQLite does not support comments
 on columns (db_comment).
lifecycle.AssetReceipt.is_deleted: (fields.W163) SQLite does not support comments
 on columns (db_comment).
lifecycle.AssetReceipt.organization: (fields.W163) SQLite does not support commen
ts on columns (db_comment).
lifecycle.AssetReceipt.updated_at: (fields.W163) SQLite does not support comments
 on columns (db_comment).
lifecycle.AssetReceipt.updated_by: (fields.W163) SQLite does not support comments
 on columns (db_comment).
lifecycle.AssetReceiptItem.created_at: (fields.W163) SQLite does not support comm
ents on columns (db_comment).
lifecycle.AssetReceiptItem.created_by: (fields.W163) SQLite does not support comm
ents on columns (db_comment).
lifecycle.AssetReceiptItem.custom_fields: (fields.W163) SQLite does not support c
omments on columns (db_comment).
lifecycle.AssetReceiptItem.deleted_at: (fields.W163) SQLite does not support comm
ents on columns (db_comment).
lifecycle.AssetReceiptItem.deleted_by: (fields.W163) SQLite does not support comm
ents on columns (db_comment).
lifecycle.AssetReceiptItem.is_deleted: (fields.W163) SQLite does not support comm
ents on columns (db_comment).
lifecycle.AssetReceiptItem.organization: (fields.W163) SQLite does not support co
mments on columns (db_comment).
lifecycle.AssetReceiptItem.updated_at: (fields.W163) SQLite does not support comm
ents on columns (db_comment).
lifecycle.AssetReceiptItem.updated_by: (fields.W163) SQLite does not support comm
ents on columns (db_comment).
lifecycle.DisposalItem.created_at: (fields.W163) SQLite does not support comments
 on columns (db_comment).
lifecycle.DisposalItem.created_by: (fields.W163) SQLite does not support comments
 on columns (db_comment).
lifecycle.DisposalItem.custom_fields: (fields.W163) SQLite does not support comme
nts on columns (db_comment).
lifecycle.DisposalItem.deleted_at: (fields.W163) SQLite does not support comments
 on columns (db_comment).
lifecycle.DisposalItem.deleted_by: (fields.W163) SQLite does not support comments
 on columns (db_comment).
lifecycle.DisposalItem.is_deleted: (fields.W163) SQLite does not support comments
 on columns (db_comment).
lifecycle.DisposalItem.organization: (fields.W163) SQLite does not support commen
ts on columns (db_comment).
lifecycle.DisposalItem.updated_at: (fields.W163) SQLite does not support comments
 on columns (db_comment).
lifecycle.DisposalItem.updated_by: (fields.W163) SQLite does not support comments
 on columns (db_comment).
lifecycle.DisposalRequest.created_at: (fields.W163) SQLite does not support comme
nts on columns (db_comment).
lifecycle.DisposalRequest.created_by: (fields.W163) SQLite does not support comme
nts on columns (db_comment).
lifecycle.DisposalRequest.custom_fields: (fields.W163) SQLite does not support co
mments on columns (db_comment).
lifecycle.DisposalRequest.deleted_at: (fields.W163) SQLite does not support comme
nts on columns (db_comment).
lifecycle.DisposalRequest.deleted_by: (fields.W163) SQLite does not support comme
nts on columns (db_comment).
lifecycle.DisposalRequest.is_deleted: (fields.W163) SQLite does not support comme
nts on columns (db_comment).
lifecycle.DisposalRequest.organization: (fields.W163) SQLite does not support com
ments on columns (db_comment).
lifecycle.DisposalRequest.updated_at: (fields.W163) SQLite does not support comme
nts on columns (db_comment).
lifecycle.DisposalRequest.updated_by: (fields.W163) SQLite does not support comme
nts on columns (db_comment).
lifecycle.Maintenance.created_at: (fields.W163) SQLite does not support comments 
on columns (db_comment).
lifecycle.Maintenance.created_by: (fields.W163) SQLite does not support comments 
on columns (db_comment).
lifecycle.Maintenance.custom_fields: (fields.W163) SQLite does not support commen
ts on columns (db_comment).
lifecycle.Maintenance.deleted_at: (fields.W163) SQLite does not support comments 
on columns (db_comment).
lifecycle.Maintenance.deleted_by: (fields.W163) SQLite does not support comments 
on columns (db_comment).
lifecycle.Maintenance.is_deleted: (fields.W163) SQLite does not support comments 
on columns (db_comment).
lifecycle.Maintenance.organization: (fields.W163) SQLite does not support comment
s on columns (db_comment).
lifecycle.Maintenance.updated_at: (fields.W163) SQLite does not support comments 
on columns (db_comment).
lifecycle.Maintenance.updated_by: (fields.W163) SQLite does not support comments 
on columns (db_comment).
lifecycle.MaintenancePlan.created_at: (fields.W163) SQLite does not support comme
nts on columns (db_comment).
lifecycle.MaintenancePlan.created_by: (fields.W163) SQLite does not support comme
nts on columns (db_comment).
lifecycle.MaintenancePlan.custom_fields: (fields.W163) SQLite does not support co
mments on columns (db_comment).
lifecycle.MaintenancePlan.deleted_at: (fields.W163) SQLite does not support comme
nts on columns (db_comment).
lifecycle.MaintenancePlan.deleted_by: (fields.W163) SQLite does not support comme
nts on columns (db_comment).
lifecycle.MaintenancePlan.is_deleted: (fields.W163) SQLite does not support comme
nts on columns (db_comment).
lifecycle.MaintenancePlan.organization: (fields.W163) SQLite does not support com
ments on columns (db_comment).
lifecycle.MaintenancePlan.updated_at: (fields.W163) SQLite does not support comme
nts on columns (db_comment).
lifecycle.MaintenancePlan.updated_by: (fields.W163) SQLite does not support comme
nts on columns (db_comment).
lifecycle.MaintenanceTask.created_at: (fields.W163) SQLite does not support comme
nts on columns (db_comment).
lifecycle.MaintenanceTask.created_by: (fields.W163) SQLite does not support comme
nts on columns (db_comment).
lifecycle.MaintenanceTask.custom_fields: (fields.W163) SQLite does not support co
mments on columns (db_comment).
lifecycle.MaintenanceTask.deleted_at: (fields.W163) SQLite does not support comme
nts on columns (db_comment).
lifecycle.MaintenanceTask.deleted_by: (fields.W163) SQLite does not support comme
nts on columns (db_comment).
lifecycle.MaintenanceTask.is_deleted: (fields.W163) SQLite does not support comme
nts on columns (db_comment).
lifecycle.MaintenanceTask.organization: (fields.W163) SQLite does not support com
ments on columns (db_comment).
lifecycle.MaintenanceTask.updated_at: (fields.W163) SQLite does not support comme
nts on columns (db_comment).
lifecycle.MaintenanceTask.updated_by: (fields.W163) SQLite does not support comme
nts on columns (db_comment).
lifecycle.PurchaseRequest.created_at: (fields.W163) SQLite does not support comme
nts on columns (db_comment).
lifecycle.PurchaseRequest.created_by: (fields.W163) SQLite does not support comme
nts on columns (db_comment).
lifecycle.PurchaseRequest.custom_fields: (fields.W163) SQLite does not support co
mments on columns (db_comment).
lifecycle.PurchaseRequest.deleted_at: (fields.W163) SQLite does not support comme
nts on columns (db_comment).
lifecycle.PurchaseRequest.deleted_by: (fields.W163) SQLite does not support comme
nts on columns (db_comment).
lifecycle.PurchaseRequest.is_deleted: (fields.W163) SQLite does not support comme
nts on columns (db_comment).
lifecycle.PurchaseRequest.organization: (fields.W163) SQLite does not support com
ments on columns (db_comment).
lifecycle.PurchaseRequest.updated_at: (fields.W163) SQLite does not support comme
nts on columns (db_comment).
lifecycle.PurchaseRequest.updated_by: (fields.W163) SQLite does not support comme
nts on columns (db_comment).
lifecycle.PurchaseRequestItem.created_at: (fields.W163) SQLite does not support c
omments on columns (db_comment).
lifecycle.PurchaseRequestItem.created_by: (fields.W163) SQLite does not support c
omments on columns (db_comment).
lifecycle.PurchaseRequestItem.custom_fields: (fields.W163) SQLite does not suppor
t comments on columns (db_comment).
lifecycle.PurchaseRequestItem.deleted_at: (fields.W163) SQLite does not support c
omments on columns (db_comment).
lifecycle.PurchaseRequestItem.deleted_by: (fields.W163) SQLite does not support c
omments on columns (db_comment).
lifecycle.PurchaseRequestItem.is_deleted: (fields.W163) SQLite does not support c
omments on columns (db_comment).
lifecycle.PurchaseRequestItem.organization: (fields.W163) SQLite does not support
 comments on columns (db_comment).
lifecycle.PurchaseRequestItem.updated_at: (fields.W163) SQLite does not support c
omments on columns (db_comment).
lifecycle.PurchaseRequestItem.updated_by: (fields.W163) SQLite does not support c
omments on columns (db_comment).
mobile.ApprovalDelegate.created_at: (fields.W163) SQLite does not support comment
s on columns (db_comment).
mobile.ApprovalDelegate.created_by: (fields.W163) SQLite does not support comment
s on columns (db_comment).
mobile.ApprovalDelegate.custom_fields: (fields.W163) SQLite does not support comm
ents on columns (db_comment).
mobile.ApprovalDelegate.deleted_at: (fields.W163) SQLite does not support comment
s on columns (db_comment).
mobile.ApprovalDelegate.deleted_by: (fields.W163) SQLite does not support comment
s on columns (db_comment).
mobile.ApprovalDelegate.is_deleted: (fields.W163) SQLite does not support comment
s on columns (db_comment).
mobile.ApprovalDelegate.organization: (fields.W163) SQLite does not support comme
nts on columns (db_comment).
mobile.ApprovalDelegate.updated_at: (fields.W163) SQLite does not support comment
s on columns (db_comment).
mobile.ApprovalDelegate.updated_by: (fields.W163) SQLite does not support comment
s on columns (db_comment).
mobile.DeviceSecurityLog.created_at: (fields.W163) SQLite does not support commen
ts on columns (db_comment).
mobile.DeviceSecurityLog.created_by: (fields.W163) SQLite does not support commen
ts on columns (db_comment).
mobile.DeviceSecurityLog.custom_fields: (fields.W163) SQLite does not support com
ments on columns (db_comment).
mobile.DeviceSecurityLog.deleted_at: (fields.W163) SQLite does not support commen
ts on columns (db_comment).
mobile.DeviceSecurityLog.deleted_by: (fields.W163) SQLite does not support commen
ts on columns (db_comment).
mobile.DeviceSecurityLog.is_deleted: (fields.W163) SQLite does not support commen
ts on columns (db_comment).
mobile.DeviceSecurityLog.organization: (fields.W163) SQLite does not support comm
ents on columns (db_comment).
mobile.DeviceSecurityLog.updated_at: (fields.W163) SQLite does not support commen
ts on columns (db_comment).
mobile.DeviceSecurityLog.updated_by: (fields.W163) SQLite does not support commen
ts on columns (db_comment).
mobile.MobileDevice.created_at: (fields.W163) SQLite does not support comments on
 columns (db_comment).
mobile.MobileDevice.created_by: (fields.W163) SQLite does not support comments on
 columns (db_comment).
mobile.MobileDevice.custom_fields: (fields.W163) SQLite does not support comments
 on columns (db_comment).
mobile.MobileDevice.deleted_at: (fields.W163) SQLite does not support comments on
 columns (db_comment).
mobile.MobileDevice.deleted_by: (fields.W163) SQLite does not support comments on
 columns (db_comment).
mobile.MobileDevice.is_deleted: (fields.W163) SQLite does not support comments on
 columns (db_comment).
mobile.MobileDevice.organization: (fields.W163) SQLite does not support comments 
on columns (db_comment).
mobile.MobileDevice.updated_at: (fields.W163) SQLite does not support comments on
 columns (db_comment).
mobile.MobileDevice.updated_by: (fields.W163) SQLite does not support comments on
 columns (db_comment).
mobile.OfflineData.created_at: (fields.W163) SQLite does not support comments on 
columns (db_comment).
mobile.OfflineData.created_by: (fields.W163) SQLite does not support comments on 
columns (db_comment).
mobile.OfflineData.custom_fields: (fields.W163) SQLite does not support comments 
on columns (db_comment).
mobile.OfflineData.deleted_at: (fields.W163) SQLite does not support comments on 
columns (db_comment).
mobile.OfflineData.deleted_by: (fields.W163) SQLite does not support comments on 
columns (db_comment).
mobile.OfflineData.is_deleted: (fields.W163) SQLite does not support comments on 
columns (db_comment).
mobile.OfflineData.organization: (fields.W163) SQLite does not support comments o
n columns (db_comment).
mobile.OfflineData.updated_at: (fields.W163) SQLite does not support comments on 
columns (db_comment).
mobile.OfflineData.updated_by: (fields.W163) SQLite does not support comments on 
columns (db_comment).
mobile.SyncConflict.created_at: (fields.W163) SQLite does not support comments on
 columns (db_comment).
mobile.SyncConflict.created_by: (fields.W163) SQLite does not support comments on
 columns (db_comment).
mobile.SyncConflict.custom_fields: (fields.W163) SQLite does not support comments
 on columns (db_comment).
mobile.SyncConflict.deleted_at: (fields.W163) SQLite does not support comments on
 columns (db_comment).
mobile.SyncConflict.deleted_by: (fields.W163) SQLite does not support comments on
 columns (db_comment).
mobile.SyncConflict.is_deleted: (fields.W163) SQLite does not support comments on
 columns (db_comment).
mobile.SyncConflict.organization: (fields.W163) SQLite does not support comments 
on columns (db_comment).
mobile.SyncConflict.updated_at: (fields.W163) SQLite does not support comments on
 columns (db_comment).
mobile.SyncConflict.updated_by: (fields.W163) SQLite does not support comments on
 columns (db_comment).
mobile.SyncLog.created_at: (fields.W163) SQLite does not support comments on colu
mns (db_comment).
mobile.SyncLog.created_by: (fields.W163) SQLite does not support comments on colu
mns (db_comment).
mobile.SyncLog.custom_fields: (fields.W163) SQLite does not support comments on c
olumns (db_comment).
mobile.SyncLog.deleted_at: (fields.W163) SQLite does not support comments on colu
mns (db_comment).
mobile.SyncLog.deleted_by: (fields.W163) SQLite does not support comments on colu
mns (db_comment).
mobile.SyncLog.is_deleted: (fields.W163) SQLite does not support comments on colu
mns (db_comment).
mobile.SyncLog.organization: (fields.W163) SQLite does not support comments on co
lumns (db_comment).
mobile.SyncLog.updated_at: (fields.W163) SQLite does not support comments on colu
mns (db_comment).
mobile.SyncLog.updated_by: (fields.W163) SQLite does not support comments on colu
mns (db_comment).
notifications.InAppMessage.created_at: (fields.W163) SQLite does not support comm
ents on columns (db_comment).
notifications.InAppMessage.created_by: (fields.W163) SQLite does not support comm
ents on columns (db_comment).
notifications.InAppMessage.custom_fields: (fields.W163) SQLite does not support c
omments on columns (db_comment).
notifications.InAppMessage.deleted_at: (fields.W163) SQLite does not support comm
ents on columns (db_comment).
notifications.InAppMessage.deleted_by: (fields.W163) SQLite does not support comm
ents on columns (db_comment).
notifications.InAppMessage.is_deleted: (fields.W163) SQLite does not support comm
ents on columns (db_comment).
notifications.InAppMessage.organization: (fields.W163) SQLite does not support co
mments on columns (db_comment).
notifications.InAppMessage.updated_at: (fields.W163) SQLite does not support comm
ents on columns (db_comment).
notifications.InAppMessage.updated_by: (fields.W163) SQLite does not support comm
ents on columns (db_comment).
notifications.Notification.created_at: (fields.W163) SQLite does not support comm
ents on columns (db_comment).
notifications.Notification.created_by: (fields.W163) SQLite does not support comm
ents on columns (db_comment).
notifications.Notification.custom_fields: (fields.W163) SQLite does not support c
omments on columns (db_comment).
notifications.Notification.deleted_at: (fields.W163) SQLite does not support comm
ents on columns (db_comment).
notifications.Notification.deleted_by: (fields.W163) SQLite does not support comm
ents on columns (db_comment).
notifications.Notification.is_deleted: (fields.W163) SQLite does not support comm
ents on columns (db_comment).
notifications.Notification.organization: (fields.W163) SQLite does not support co
mments on columns (db_comment).
notifications.Notification.updated_at: (fields.W163) SQLite does not support comm
ents on columns (db_comment).
notifications.Notification.updated_by: (fields.W163) SQLite does not support comm
ents on columns (db_comment).
notifications.NotificationChannel.created_at: (fields.W163) SQLite does not suppo
rt comments on columns (db_comment).
notifications.NotificationChannel.created_by: (fields.W163) SQLite does not suppo
rt comments on columns (db_comment).
notifications.NotificationChannel.custom_fields: (fields.W163) SQLite does not su
pport comments on columns (db_comment).
notifications.NotificationChannel.deleted_at: (fields.W163) SQLite does not suppo
rt comments on columns (db_comment).
notifications.NotificationChannel.deleted_by: (fields.W163) SQLite does not suppo
rt comments on columns (db_comment).
notifications.NotificationChannel.is_deleted: (fields.W163) SQLite does not suppo
rt comments on columns (db_comment).
notifications.NotificationChannel.organization: (fields.W163) SQLite does not sup
port comments on columns (db_comment).
notifications.NotificationChannel.updated_at: (fields.W163) SQLite does not suppo
rt comments on columns (db_comment).
notifications.NotificationChannel.updated_by: (fields.W163) SQLite does not suppo
rt comments on columns (db_comment).
notifications.NotificationConfig.created_at: (fields.W163) SQLite does not suppor
t comments on columns (db_comment).
notifications.NotificationConfig.created_by: (fields.W163) SQLite does not suppor
t comments on columns (db_comment).
notifications.NotificationConfig.custom_fields: (fields.W163) SQLite does not sup
port comments on columns (db_comment).
notifications.NotificationConfig.deleted_at: (fields.W163) SQLite does not suppor
t comments on columns (db_comment).
notifications.NotificationConfig.deleted_by: (fields.W163) SQLite does not suppor
t comments on columns (db_comment).
notifications.NotificationConfig.is_deleted: (fields.W163) SQLite does not suppor
t comments on columns (db_comment).
notifications.NotificationConfig.organization: (fields.W163) SQLite does not supp
ort comments on columns (db_comment).
notifications.NotificationConfig.updated_at: (fields.W163) SQLite does not suppor
t comments on columns (db_comment).
notifications.NotificationConfig.updated_by: (fields.W163) SQLite does not suppor
t comments on columns (db_comment).
notifications.NotificationLog.created_at: (fields.W163) SQLite does not support c
omments on columns (db_comment).
notifications.NotificationLog.created_by: (fields.W163) SQLite does not support c
omments on columns (db_comment).
notifications.NotificationLog.custom_fields: (fields.W163) SQLite does not suppor
t comments on columns (db_comment).
notifications.NotificationLog.deleted_at: (fields.W163) SQLite does not support c
omments on columns (db_comment).
notifications.NotificationLog.deleted_by: (fields.W163) SQLite does not support c
omments on columns (db_comment).
notifications.NotificationLog.is_deleted: (fields.W163) SQLite does not support c
omments on columns (db_comment).
notifications.NotificationLog.organization: (fields.W163) SQLite does not support
 comments on columns (db_comment).
notifications.NotificationLog.updated_at: (fields.W163) SQLite does not support c
omments on columns (db_comment).
notifications.NotificationLog.updated_by: (fields.W163) SQLite does not support c
omments on columns (db_comment).
notifications.NotificationMessage.created_at: (fields.W163) SQLite does not suppo
rt comments on columns (db_comment).
notifications.NotificationMessage.created_by: (fields.W163) SQLite does not suppo
rt comments on columns (db_comment).
notifications.NotificationMessage.custom_fields: (fields.W163) SQLite does not su
pport comments on columns (db_comment).
notifications.NotificationMessage.deleted_at: (fields.W163) SQLite does not suppo
rt comments on columns (db_comment).
notifications.NotificationMessage.deleted_by: (fields.W163) SQLite does not suppo
rt comments on columns (db_comment).
notifications.NotificationMessage.is_deleted: (fields.W163) SQLite does not suppo
rt comments on columns (db_comment).
notifications.NotificationMessage.organization: (fields.W163) SQLite does not sup
port comments on columns (db_comment).
notifications.NotificationMessage.updated_at: (fields.W163) SQLite does not suppo
rt comments on columns (db_comment).
notifications.NotificationMessage.updated_by: (fields.W163) SQLite does not suppo
rt comments on columns (db_comment).
notifications.NotificationTemplate.created_at: (fields.W163) SQLite does not supp
ort comments on columns (db_comment).
notifications.NotificationTemplate.created_by: (fields.W163) SQLite does not supp
ort comments on columns (db_comment).
notifications.NotificationTemplate.custom_fields: (fields.W163) SQLite does not s
upport comments on columns (db_comment).
notifications.NotificationTemplate.deleted_at: (fields.W163) SQLite does not supp
ort comments on columns (db_comment).
notifications.NotificationTemplate.deleted_by: (fields.W163) SQLite does not supp
ort comments on columns (db_comment).
notifications.NotificationTemplate.is_deleted: (fields.W163) SQLite does not supp
ort comments on columns (db_comment).
notifications.NotificationTemplate.organization: (fields.W163) SQLite does not su
pport comments on columns (db_comment).
notifications.NotificationTemplate.updated_at: (fields.W163) SQLite does not supp
ort comments on columns (db_comment).
notifications.NotificationTemplate.updated_by: (fields.W163) SQLite does not supp
ort comments on columns (db_comment).
organizations.Department.code: (fields.W163) SQLite does not support comments on 
columns (db_comment).
organizations.Department.created_at: (fields.W163) SQLite does not support commen
ts on columns (db_comment).
organizations.Department.created_by: (fields.W163) SQLite does not support commen
ts on columns (db_comment).
organizations.Department.custom_fields: (fields.W163) SQLite does not support com
ments on columns (db_comment).
organizations.Department.deleted_at: (fields.W163) SQLite does not support commen
ts on columns (db_comment).
organizations.Department.deleted_by: (fields.W163) SQLite does not support commen
ts on columns (db_comment).
organizations.Department.dingtalk_dept_id: (fields.W163) SQLite does not support 
comments on columns (db_comment).
organizations.Department.dingtalk_leader_id: (fields.W163) SQLite does not suppor
t comments on columns (db_comment).
organizations.Department.feishu_dept_id: (fields.W163) SQLite does not support co
mments on columns (db_comment).
organizations.Department.feishu_leader_id: (fields.W163) SQLite does not support 
comments on columns (db_comment).
organizations.Department.full_path: (fields.W163) SQLite does not support comment
s on columns (db_comment).
organizations.Department.full_path_name: (fields.W163) SQLite does not support co
mments on columns (db_comment).
organizations.Department.is_active: (fields.W163) SQLite does not support comment
s on columns (db_comment).
organizations.Department.is_deleted: (fields.W163) SQLite does not support commen
ts on columns (db_comment).
organizations.Department.leader: (fields.W163) SQLite does not support comments o
n columns (db_comment).
organizations.Department.level: (fields.W163) SQLite does not support comments on
 columns (db_comment).
organizations.Department.name: (fields.W163) SQLite does not support comments on 
columns (db_comment).
organizations.Department.order: (fields.W163) SQLite does not support comments on
 columns (db_comment).
organizations.Department.organization: (fields.W163) SQLite does not support comm
ents on columns (db_comment).
organizations.Department.parent: (fields.W163) SQLite does not support comments o
n columns (db_comment).
organizations.Department.path: (fields.W163) SQLite does not support comments on 
columns (db_comment).
organizations.Department.updated_at: (fields.W163) SQLite does not support commen
ts on columns (db_comment).
organizations.Department.updated_by: (fields.W163) SQLite does not support commen
ts on columns (db_comment).
organizations.Department.wework_dept_id: (fields.W163) SQLite does not support co
mments on columns (db_comment).
organizations.Department.wework_leader_id: (fields.W163) SQLite does not support 
comments on columns (db_comment).
organizations.Organization.address: (fields.W163) SQLite does not support comment
s on columns (db_comment).
organizations.Organization.code: (fields.W163) SQLite does not support comments o
n columns (db_comment).
organizations.Organization.contact_person: (fields.W163) SQLite does not support 
comments on columns (db_comment).
organizations.Organization.contact_phone: (fields.W163) SQLite does not support c
omments on columns (db_comment).
organizations.Organization.created_at: (fields.W163) SQLite does not support comm
ents on columns (db_comment).
organizations.Organization.created_by: (fields.W163) SQLite does not support comm
ents on columns (db_comment).
organizations.Organization.credit_code: (fields.W163) SQLite does not support com
ments on columns (db_comment).
organizations.Organization.email: (fields.W163) SQLite does not support comments 
on columns (db_comment).
organizations.Organization.invite_code: (fields.W163) SQLite does not support com
ments on columns (db_comment).
organizations.Organization.invite_code_expires_at: (fields.W163) SQLite does not 
support comments on columns (db_comment).
organizations.Organization.is_active: (fields.W163) SQLite does not support comme
nts on columns (db_comment).
organizations.Organization.is_deleted: (fields.W163) SQLite does not support comm
ents on columns (db_comment).
organizations.Organization.level: (fields.W163) SQLite does not support comments 
on columns (db_comment).
organizations.Organization.name: (fields.W163) SQLite does not support comments o
n columns (db_comment).
organizations.Organization.org_type: (fields.W163) SQLite does not support commen
ts on columns (db_comment).
organizations.Organization.parent: (fields.W163) SQLite does not support comments
 on columns (db_comment).
organizations.Organization.path: (fields.W163) SQLite does not support comments o
n columns (db_comment).
organizations.Organization.settings: (fields.W163) SQLite does not support commen
ts on columns (db_comment).
organizations.Organization.updated_at: (fields.W163) SQLite does not support comm
ents on columns (db_comment).
organizations.Organization.wework_dept_id: (fields.W163) SQLite does not support 
comments on columns (db_comment).
organizations.Organization.wework_parent_id: (fields.W163) SQLite does not suppor
t comments on columns (db_comment).
organizations.UserDepartment.created_at: (fields.W163) SQLite does not support co
mments on columns (db_comment).
organizations.UserDepartment.created_by: (fields.W163) SQLite does not support co
mments on columns (db_comment).
organizations.UserDepartment.custom_fields: (fields.W163) SQLite does not support
 comments on columns (db_comment).
organizations.UserDepartment.deleted_at: (fields.W163) SQLite does not support co
mments on columns (db_comment).
organizations.UserDepartment.deleted_by: (fields.W163) SQLite does not support co
mments on columns (db_comment).
organizations.UserDepartment.department: (fields.W163) SQLite does not support co
mments on columns (db_comment).
organizations.UserDepartment.is_asset_department: (fields.W163) SQLite does not s
upport comments on columns (db_comment).
organizations.UserDepartment.is_deleted: (fields.W163) SQLite does not support co
mments on columns (db_comment).
organizations.UserDepartment.is_leader: (fields.W163) SQLite does not support com
ments on columns (db_comment).
organizations.UserDepartment.is_primary: (fields.W163) SQLite does not support co
mments on columns (db_comment).
organizations.UserDepartment.is_primary_in_wework: (fields.W163) SQLite does not 
support comments on columns (db_comment).
organizations.UserDepartment.organization: (fields.W163) SQLite does not support 
comments on columns (db_comment).
organizations.UserDepartment.position: (fields.W163) SQLite does not support comm
ents on columns (db_comment).
organizations.UserDepartment.updated_at: (fields.W163) SQLite does not support co
mments on columns (db_comment).
organizations.UserDepartment.updated_by: (fields.W163) SQLite does not support co
mments on columns (db_comment).
organizations.UserDepartment.user: (fields.W163) SQLite does not support comments
 on columns (db_comment).
organizations.UserDepartment.wework_department_order: (fields.W163) SQLite does n
ot support comments on columns (db_comment).
permissions.DataPermission.content_type: (fields.W163) SQLite does not support co
mments on columns (db_comment).
permissions.DataPermission.created_at: (fields.W163) SQLite does not support comm
ents on columns (db_comment).
permissions.DataPermission.created_by: (fields.W163) SQLite does not support comm
ents on columns (db_comment).
permissions.DataPermission.custom_fields: (fields.W163) SQLite does not support c
omments on columns (db_comment).
permissions.DataPermission.deleted_at: (fields.W163) SQLite does not support comm
ents on columns (db_comment).
permissions.DataPermission.deleted_by: (fields.W163) SQLite does not support comm
ents on columns (db_comment).
permissions.DataPermission.department_field: (fields.W163) SQLite does not suppor
t comments on columns (db_comment).
permissions.DataPermission.description: (fields.W163) SQLite does not support com
ments on columns (db_comment).
permissions.DataPermission.is_deleted: (fields.W163) SQLite does not support comm
ents on columns (db_comment).
permissions.DataPermission.organization: (fields.W163) SQLite does not support co
mments on columns (db_comment).
permissions.DataPermission.scope_type: (fields.W163) SQLite does not support comm
ents on columns (db_comment).
permissions.DataPermission.scope_value: (fields.W163) SQLite does not support com
ments on columns (db_comment).
permissions.DataPermission.updated_at: (fields.W163) SQLite does not support comm
ents on columns (db_comment).
permissions.DataPermission.updated_by: (fields.W163) SQLite does not support comm
ents on columns (db_comment).
permissions.DataPermission.user: (fields.W163) SQLite does not support comments o
n columns (db_comment).
permissions.DataPermission.user_field: (fields.W163) SQLite does not support comm
ents on columns (db_comment).
permissions.DataPermissionExpand.actions: (fields.W163) SQLite does not support c
omments on columns (db_comment).
permissions.DataPermissionExpand.allowed_fields: (fields.W163) SQLite does not su
pport comments on columns (db_comment).
permissions.DataPermissionExpand.created_at: (fields.W163) SQLite does not suppor
t comments on columns (db_comment).
permissions.DataPermissionExpand.created_by: (fields.W163) SQLite does not suppor
t comments on columns (db_comment).
permissions.DataPermissionExpand.custom_fields: (fields.W163) SQLite does not sup
port comments on columns (db_comment).
permissions.DataPermissionExpand.data_permission: (fields.W163) SQLite does not s
upport comments on columns (db_comment).
permissions.DataPermissionExpand.deleted_at: (fields.W163) SQLite does not suppor
t comments on columns (db_comment).
permissions.DataPermissionExpand.deleted_by: (fields.W163) SQLite does not suppor
t comments on columns (db_comment).
permissions.DataPermissionExpand.denied_fields: (fields.W163) SQLite does not sup
port comments on columns (db_comment).
permissions.DataPermissionExpand.description: (fields.W163) SQLite does not suppo
rt comments on columns (db_comment).
permissions.DataPermissionExpand.filter_conditions: (fields.W163) SQLite does not
 support comments on columns (db_comment).
permissions.DataPermissionExpand.is_active: (fields.W163) SQLite does not support
 comments on columns (db_comment).
permissions.DataPermissionExpand.is_deleted: (fields.W163) SQLite does not suppor
t comments on columns (db_comment).
permissions.DataPermissionExpand.organization: (fields.W163) SQLite does not supp
ort comments on columns (db_comment).
permissions.DataPermissionExpand.priority: (fields.W163) SQLite does not support 
comments on columns (db_comment).
permissions.DataPermissionExpand.updated_at: (fields.W163) SQLite does not suppor
t comments on columns (db_comment).
permissions.DataPermissionExpand.updated_by: (fields.W163) SQLite does not suppor
t comments on columns (db_comment).
permissions.FieldPermission.condition: (fields.W163) SQLite does not support comm
ents on columns (db_comment).
permissions.FieldPermission.content_type: (fields.W163) SQLite does not support c
omments on columns (db_comment).
permissions.FieldPermission.created_at: (fields.W163) SQLite does not support com
ments on columns (db_comment).
permissions.FieldPermission.created_by: (fields.W163) SQLite does not support com
ments on columns (db_comment).
permissions.FieldPermission.custom_fields: (fields.W163) SQLite does not support 
comments on columns (db_comment).
permissions.FieldPermission.custom_mask_pattern: (fields.W163) SQLite does not su
pport comments on columns (db_comment).
permissions.FieldPermission.deleted_at: (fields.W163) SQLite does not support com
ments on columns (db_comment).
permissions.FieldPermission.deleted_by: (fields.W163) SQLite does not support com
ments on columns (db_comment).
permissions.FieldPermission.description: (fields.W163) SQLite does not support co
mments on columns (db_comment).
permissions.FieldPermission.field_name: (fields.W163) SQLite does not support com
ments on columns (db_comment).
permissions.FieldPermission.is_deleted: (fields.W163) SQLite does not support com
ments on columns (db_comment).
permissions.FieldPermission.mask_rule: (fields.W163) SQLite does not support comm
ents on columns (db_comment).
permissions.FieldPermission.organization: (fields.W163) SQLite does not support c
omments on columns (db_comment).
permissions.FieldPermission.permission_type: (fields.W163) SQLite does not suppor
t comments on columns (db_comment).
permissions.FieldPermission.priority: (fields.W163) SQLite does not support comme
nts on columns (db_comment).
permissions.FieldPermission.updated_at: (fields.W163) SQLite does not support com
ments on columns (db_comment).
permissions.FieldPermission.updated_by: (fields.W163) SQLite does not support com
ments on columns (db_comment).
permissions.FieldPermission.user: (fields.W163) SQLite does not support comments 
on columns (db_comment).
permissions.PermissionAuditLog.actor: (fields.W163) SQLite does not support comme
nts on columns (db_comment).
permissions.PermissionAuditLog.created_at: (fields.W163) SQLite does not support 
comments on columns (db_comment).
permissions.PermissionAuditLog.created_by: (fields.W163) SQLite does not support 
comments on columns (db_comment).
permissions.PermissionAuditLog.custom_fields: (fields.W163) SQLite does not suppo
rt comments on columns (db_comment).
permissions.PermissionAuditLog.deleted_at: (fields.W163) SQLite does not support 
comments on columns (db_comment).
permissions.PermissionAuditLog.deleted_by: (fields.W163) SQLite does not support 
comments on columns (db_comment).
permissions.PermissionAuditLog.error_message: (fields.W163) SQLite does not suppo
rt comments on columns (db_comment).
permissions.PermissionAuditLog.ip_address: (fields.W163) SQLite does not support 
comments on columns (db_comment).
permissions.PermissionAuditLog.is_deleted: (fields.W163) SQLite does not support 
comments on columns (db_comment).
permissions.PermissionAuditLog.operation_type: (fields.W163) SQLite does not supp
ort comments on columns (db_comment).
permissions.PermissionAuditLog.organization: (fields.W163) SQLite does not suppor
t comments on columns (db_comment).
permissions.PermissionAuditLog.permission_details: (fields.W163) SQLite does not 
support comments on columns (db_comment).
permissions.PermissionAuditLog.request_metadata: (fields.W163) SQLite does not su
pport comments on columns (db_comment).
permissions.PermissionAuditLog.result: (fields.W163) SQLite does not support comm
ents on columns (db_comment).
permissions.PermissionAuditLog.target_type: (fields.W163) SQLite does not support
 comments on columns (db_comment).
permissions.PermissionAuditLog.target_user: (fields.W163) SQLite does not support
 comments on columns (db_comment).
permissions.PermissionAuditLog.updated_at: (fields.W163) SQLite does not support 
comments on columns (db_comment).
permissions.PermissionAuditLog.updated_by: (fields.W163) SQLite does not support 
comments on columns (db_comment).
permissions.PermissionAuditLog.user_agent: (fields.W163) SQLite does not support 
comments on columns (db_comment).
sso.OAuthState.created_at: (fields.W163) SQLite does not support comments on colu
mns (db_comment).
sso.OAuthState.created_by: (fields.W163) SQLite does not support comments on colu
mns (db_comment).
sso.OAuthState.custom_fields: (fields.W163) SQLite does not support comments on c
olumns (db_comment).
sso.OAuthState.deleted_at: (fields.W163) SQLite does not support comments on colu
mns (db_comment).
sso.OAuthState.deleted_by: (fields.W163) SQLite does not support comments on colu
mns (db_comment).
sso.OAuthState.is_deleted: (fields.W163) SQLite does not support comments on colu
mns (db_comment).
sso.OAuthState.organization: (fields.W163) SQLite does not support comments on co
lumns (db_comment).
sso.OAuthState.updated_at: (fields.W163) SQLite does not support comments on colu
mns (db_comment).
sso.OAuthState.updated_by: (fields.W163) SQLite does not support comments on colu
mns (db_comment).
sso.SyncLog.created_at: (fields.W163) SQLite does not support comments on columns
 (db_comment).
sso.SyncLog.created_by: (fields.W163) SQLite does not support comments on columns
 (db_comment).
sso.SyncLog.custom_fields: (fields.W163) SQLite does not support comments on colu
mns (db_comment).
sso.SyncLog.deleted_at: (fields.W163) SQLite does not support comments on columns
 (db_comment).
sso.SyncLog.deleted_by: (fields.W163) SQLite does not support comments on columns
 (db_comment).
sso.SyncLog.is_deleted: (fields.W163) SQLite does not support comments on columns
 (db_comment).
sso.SyncLog.organization: (fields.W163) SQLite does not support comments on colum
ns (db_comment).
sso.SyncLog.updated_at: (fields.W163) SQLite does not support comments on columns
 (db_comment).
sso.SyncLog.updated_by: (fields.W163) SQLite does not support comments on columns
 (db_comment).
sso.UserMapping.created_at: (fields.W163) SQLite does not support comments on col
umns (db_comment).
sso.UserMapping.created_by: (fields.W163) SQLite does not support comments on col
umns (db_comment).
sso.UserMapping.custom_fields: (fields.W163) SQLite does not support comments on 
columns (db_comment).
sso.UserMapping.deleted_at: (fields.W163) SQLite does not support comments on col
umns (db_comment).
sso.UserMapping.deleted_by: (fields.W163) SQLite does not support comments on col
umns (db_comment).
sso.UserMapping.is_deleted: (fields.W163) SQLite does not support comments on col
umns (db_comment).
sso.UserMapping.organization: (fields.W163) SQLite does not support comments on c
olumns (db_comment).
sso.UserMapping.updated_at: (fields.W163) SQLite does not support comments on col
umns (db_comment).
sso.UserMapping.updated_by: (fields.W163) SQLite does not support comments on col
umns (db_comment).
sso.WeWorkConfig.created_at: (fields.W163) SQLite does not support comments on co
lumns (db_comment).
sso.WeWorkConfig.created_by: (fields.W163) SQLite does not support comments on co
lumns (db_comment).
sso.WeWorkConfig.custom_fields: (fields.W163) SQLite does not support comments on
 columns (db_comment).
sso.WeWorkConfig.deleted_at: (fields.W163) SQLite does not support comments on co
lumns (db_comment).
sso.WeWorkConfig.deleted_by: (fields.W163) SQLite does not support comments on co
lumns (db_comment).
sso.WeWorkConfig.is_deleted: (fields.W163) SQLite does not support comments on co
lumns (db_comment).
sso.WeWorkConfig.organization: (fields.W163) SQLite does not support comments on 
columns (db_comment).
sso.WeWorkConfig.updated_at: (fields.W163) SQLite does not support comments on co
lumns (db_comment).
sso.WeWorkConfig.updated_by: (fields.W163) SQLite does not support comments on co
lumns (db_comment).
system.BusinessObject.code: (fields.W163) SQLite does not support comments on col
umns (db_comment).
system.BusinessObject.created_at: (fields.W163) SQLite does not support comments 
on columns (db_comment).
system.BusinessObject.created_by: (fields.W163) SQLite does not support comments 
on columns (db_comment).
system.BusinessObject.custom_fields: (fields.W163) SQLite does not support commen
ts on columns (db_comment).
system.BusinessObject.default_form_layout: (fields.W163) SQLite does not support 
comments on columns (db_comment).
system.BusinessObject.default_list_layout: (fields.W163) SQLite does not support 
comments on columns (db_comment).
system.BusinessObject.deleted_at: (fields.W163) SQLite does not support comments 
on columns (db_comment).
system.BusinessObject.deleted_by: (fields.W163) SQLite does not support comments 
on columns (db_comment).
system.BusinessObject.description: (fields.W163) SQLite does not support comments
 on columns (db_comment).
system.BusinessObject.django_model_path: (fields.W163) SQLite does not support co
mments on columns (db_comment).
system.BusinessObject.enable_soft_delete: (fields.W163) SQLite does not support c
omments on columns (db_comment).
system.BusinessObject.enable_version: (fields.W163) SQLite does not support comme
nts on columns (db_comment).
system.BusinessObject.enable_workflow: (fields.W163) SQLite does not support comm
ents on columns (db_comment).
system.BusinessObject.is_deleted: (fields.W163) SQLite does not support comments 
on columns (db_comment).
system.BusinessObject.is_hardcoded: (fields.W163) SQLite does not support comment
s on columns (db_comment).
system.BusinessObject.name: (fields.W163) SQLite does not support comments on col
umns (db_comment).
system.BusinessObject.name_en: (fields.W163) SQLite does not support comments on 
columns (db_comment).
system.BusinessObject.organization: (fields.W163) SQLite does not support comment
s on columns (db_comment).
system.BusinessObject.table_name: (fields.W163) SQLite does not support comments 
on columns (db_comment).
system.BusinessObject.updated_at: (fields.W163) SQLite does not support comments 
on columns (db_comment).
system.BusinessObject.updated_by: (fields.W163) SQLite does not support comments 
on columns (db_comment).
system.Comment.attachments: (fields.W163) SQLite does not support comments on col
umns (db_comment).
system.Comment.attachments: (fields.W346) db_comment has no effect on ManyToManyF
ield.
system.Comment.biz_id: (fields.W163) SQLite does not support comments on columns 
(db_comment).
system.Comment.biz_type: (fields.W163) SQLite does not support comments on column
s (db_comment).
system.Comment.content: (fields.W163) SQLite does not support comments on columns
 (db_comment).
system.Comment.created_at: (fields.W163) SQLite does not support comments on colu
mns (db_comment).
system.Comment.created_by: (fields.W163) SQLite does not support comments on colu
mns (db_comment).
system.Comment.custom_fields: (fields.W163) SQLite does not support comments on c
olumns (db_comment).
system.Comment.deleted_at: (fields.W163) SQLite does not support comments on colu
mns (db_comment).
system.Comment.deleted_by: (fields.W163) SQLite does not support comments on colu
mns (db_comment).
system.Comment.is_deleted: (fields.W163) SQLite does not support comments on colu
mns (db_comment).
system.Comment.is_pinned: (fields.W163) SQLite does not support comments on colum
ns (db_comment).
system.Comment.mentioned_users: (fields.W163) SQLite does not support comments on
 columns (db_comment).
system.Comment.mentioned_users: (fields.W346) db_comment has no effect on ManyToM
anyField.
system.Comment.organization: (fields.W163) SQLite does not support comments on co
lumns (db_comment).
system.Comment.parent: (fields.W163) SQLite does not support comments on columns 
(db_comment).
system.Comment.updated_at: (fields.W163) SQLite does not support comments on colu
mns (db_comment).
system.Comment.updated_by: (fields.W163) SQLite does not support comments on colu
mns (db_comment).
system.DictionaryItem.code: (fields.W163) SQLite does not support comments on col
umns (db_comment).
system.DictionaryItem.color: (fields.W163) SQLite does not support comments on co
lumns (db_comment).
system.DictionaryItem.created_at: (fields.W163) SQLite does not support comments 
on columns (db_comment).
system.DictionaryItem.created_by: (fields.W163) SQLite does not support comments 
on columns (db_comment).
system.DictionaryItem.custom_fields: (fields.W163) SQLite does not support commen
ts on columns (db_comment).
system.DictionaryItem.deleted_at: (fields.W163) SQLite does not support comments 
on columns (db_comment).
system.DictionaryItem.deleted_by: (fields.W163) SQLite does not support comments 
on columns (db_comment).
system.DictionaryItem.description: (fields.W163) SQLite does not support comments
 on columns (db_comment).
system.DictionaryItem.dictionary_type: (fields.W163) SQLite does not support comm
ents on columns (db_comment).
system.DictionaryItem.extra_data: (fields.W163) SQLite does not support comments 
on columns (db_comment).
system.DictionaryItem.icon: (fields.W163) SQLite does not support comments on col
umns (db_comment).
system.DictionaryItem.is_active: (fields.W163) SQLite does not support comments o
n columns (db_comment).
system.DictionaryItem.is_default: (fields.W163) SQLite does not support comments 
on columns (db_comment).
system.DictionaryItem.is_deleted: (fields.W163) SQLite does not support comments 
on columns (db_comment).
system.DictionaryItem.name: (fields.W163) SQLite does not support comments on col
umns (db_comment).
system.DictionaryItem.name_en: (fields.W163) SQLite does not support comments on 
columns (db_comment).
system.DictionaryItem.organization: (fields.W163) SQLite does not support comment
s on columns (db_comment).
system.DictionaryItem.sort_order: (fields.W163) SQLite does not support comments 
on columns (db_comment).
system.DictionaryItem.updated_at: (fields.W163) SQLite does not support comments 
on columns (db_comment).
system.DictionaryItem.updated_by: (fields.W163) SQLite does not support comments 
on columns (db_comment).
system.DictionaryType.code: (fields.W163) SQLite does not support comments on col
umns (db_comment).
system.DictionaryType.created_at: (fields.W163) SQLite does not support comments 
on columns (db_comment).
system.DictionaryType.created_by: (fields.W163) SQLite does not support comments 
on columns (db_comment).
system.DictionaryType.custom_fields: (fields.W163) SQLite does not support commen
ts on columns (db_comment).
system.DictionaryType.deleted_at: (fields.W163) SQLite does not support comments 
on columns (db_comment).
system.DictionaryType.deleted_by: (fields.W163) SQLite does not support comments 
on columns (db_comment).
system.DictionaryType.description: (fields.W163) SQLite does not support comments
 on columns (db_comment).
system.DictionaryType.is_active: (fields.W163) SQLite does not support comments o
n columns (db_comment).
system.DictionaryType.is_deleted: (fields.W163) SQLite does not support comments 
on columns (db_comment).
system.DictionaryType.is_system: (fields.W163) SQLite does not support comments o
n columns (db_comment).
system.DictionaryType.name: (fields.W163) SQLite does not support comments on col
umns (db_comment).
system.DictionaryType.name_en: (fields.W163) SQLite does not support comments on 
columns (db_comment).
system.DictionaryType.organization: (fields.W163) SQLite does not support comment
s on columns (db_comment).
system.DictionaryType.sort_order: (fields.W163) SQLite does not support comments 
on columns (db_comment).
system.DictionaryType.updated_at: (fields.W163) SQLite does not support comments 
on columns (db_comment).
system.DictionaryType.updated_by: (fields.W163) SQLite does not support comments 
on columns (db_comment).
system.DynamicData.approved_at: (fields.W163) SQLite does not support comments on
 columns (db_comment).
system.DynamicData.approved_by: (fields.W163) SQLite does not support comments on
 columns (db_comment).
system.DynamicData.business_object: (fields.W163) SQLite does not support comment
s on columns (db_comment).
system.DynamicData.created_at: (fields.W163) SQLite does not support comments on 
columns (db_comment).
system.DynamicData.created_by: (fields.W163) SQLite does not support comments on 
columns (db_comment).
system.DynamicData.custom_fields: (fields.W163) SQLite does not support comments 
on columns (db_comment).
system.DynamicData.data_no: (fields.W163) SQLite does not support comments on col
umns (db_comment).
system.DynamicData.deleted_at: (fields.W163) SQLite does not support comments on 
columns (db_comment).
system.DynamicData.deleted_by: (fields.W163) SQLite does not support comments on 
columns (db_comment).
system.DynamicData.dynamic_fields: (fields.W163) SQLite does not support comments
 on columns (db_comment).
system.DynamicData.is_deleted: (fields.W163) SQLite does not support comments on 
columns (db_comment).
system.DynamicData.organization: (fields.W163) SQLite does not support comments o
n columns (db_comment).
system.DynamicData.status: (fields.W163) SQLite does not support comments on colu
mns (db_comment).
system.DynamicData.submitted_at: (fields.W163) SQLite does not support comments o
n columns (db_comment).
system.DynamicData.updated_at: (fields.W163) SQLite does not support comments on 
columns (db_comment).
system.DynamicData.updated_by: (fields.W163) SQLite does not support comments on 
columns (db_comment).
system.DynamicSubTableData.created_at: (fields.W163) SQLite does not support comm
ents on columns (db_comment).
system.DynamicSubTableData.created_by: (fields.W163) SQLite does not support comm
ents on columns (db_comment).
system.DynamicSubTableData.custom_fields: (fields.W163) SQLite does not support c
omments on columns (db_comment).
system.DynamicSubTableData.deleted_at: (fields.W163) SQLite does not support comm
ents on columns (db_comment).
system.DynamicSubTableData.deleted_by: (fields.W163) SQLite does not support comm
ents on columns (db_comment).
system.DynamicSubTableData.field_definition: (fields.W163) SQLite does not suppor
t comments on columns (db_comment).
system.DynamicSubTableData.is_deleted: (fields.W163) SQLite does not support comm
ents on columns (db_comment).
system.DynamicSubTableData.organization: (fields.W163) SQLite does not support co
mments on columns (db_comment).
system.DynamicSubTableData.parent_data: (fields.W163) SQLite does not support com
ments on columns (db_comment).
system.DynamicSubTableData.row_data: (fields.W163) SQLite does not support commen
ts on columns (db_comment).
system.DynamicSubTableData.row_order: (fields.W163) SQLite does not support comme
nts on columns (db_comment).
system.DynamicSubTableData.updated_at: (fields.W163) SQLite does not support comm
ents on columns (db_comment).
system.DynamicSubTableData.updated_by: (fields.W163) SQLite does not support comm
ents on columns (db_comment).
system.FieldDefinition.business_object: (fields.W163) SQLite does not support com
ments on columns (db_comment).
system.FieldDefinition.code: (fields.W163) SQLite does not support comments on co
lumns (db_comment).
system.FieldDefinition.column_width: (fields.W163) SQLite does not support commen
ts on columns (db_comment).
system.FieldDefinition.created_at: (fields.W163) SQLite does not support comments
 on columns (db_comment).
system.FieldDefinition.created_by: (fields.W163) SQLite does not support comments
 on columns (db_comment).
system.FieldDefinition.custom_fields: (fields.W163) SQLite does not support comme
nts on columns (db_comment).
system.FieldDefinition.decimal_places: (fields.W163) SQLite does not support comm
ents on columns (db_comment).
system.FieldDefinition.default_value: (fields.W163) SQLite does not support comme
nts on columns (db_comment).
system.FieldDefinition.deleted_at: (fields.W163) SQLite does not support comments
 on columns (db_comment).
system.FieldDefinition.deleted_by: (fields.W163) SQLite does not support comments
 on columns (db_comment).
system.FieldDefinition.field_type: (fields.W163) SQLite does not support comments
 on columns (db_comment).
system.FieldDefinition.fixed: (fields.W163) SQLite does not support comments on c
olumns (db_comment).
system.FieldDefinition.formula: (fields.W163) SQLite does not support comments on
 columns (db_comment).
system.FieldDefinition.is_deleted: (fields.W163) SQLite does not support comments
 on columns (db_comment).
system.FieldDefinition.is_readonly: (fields.W163) SQLite does not support comment
s on columns (db_comment).
system.FieldDefinition.is_required: (fields.W163) SQLite does not support comment
s on columns (db_comment).
system.FieldDefinition.is_searchable: (fields.W163) SQLite does not support comme
nts on columns (db_comment).
system.FieldDefinition.is_system: (fields.W163) SQLite does not support comments 
on columns (db_comment).
system.FieldDefinition.is_unique: (fields.W163) SQLite does not support comments 
on columns (db_comment).
system.FieldDefinition.max_length: (fields.W163) SQLite does not support comments
 on columns (db_comment).
system.FieldDefinition.max_value: (fields.W163) SQLite does not support comments 
on columns (db_comment).
system.FieldDefinition.min_column_width: (fields.W163) SQLite does not support co
mments on columns (db_comment).
system.FieldDefinition.min_value: (fields.W163) SQLite does not support comments 
on columns (db_comment).
system.FieldDefinition.name: (fields.W163) SQLite does not support comments on co
lumns (db_comment).
system.FieldDefinition.options: (fields.W163) SQLite does not support comments on
 columns (db_comment).
system.FieldDefinition.organization: (fields.W163) SQLite does not support commen
ts on columns (db_comment).
system.FieldDefinition.placeholder: (fields.W163) SQLite does not support comment
s on columns (db_comment).
system.FieldDefinition.reference_display_field: (fields.W163) SQLite does not sup
port comments on columns (db_comment).
system.FieldDefinition.reference_object: (fields.W163) SQLite does not support co
mments on columns (db_comment).
system.FieldDefinition.regex_pattern: (fields.W163) SQLite does not support comme
nts on columns (db_comment).
system.FieldDefinition.show_in_detail: (fields.W163) SQLite does not support comm
ents on columns (db_comment).
system.FieldDefinition.show_in_filter: (fields.W163) SQLite does not support comm
ents on columns (db_comment).
system.FieldDefinition.show_in_list: (fields.W163) SQLite does not support commen
ts on columns (db_comment).
system.FieldDefinition.sort_order: (fields.W163) SQLite does not support comments
 on columns (db_comment).
system.FieldDefinition.sortable: (fields.W163) SQLite does not support comments o
n columns (db_comment).
system.FieldDefinition.sub_table_fields: (fields.W163) SQLite does not support co
mments on columns (db_comment).
system.FieldDefinition.updated_at: (fields.W163) SQLite does not support comments
 on columns (db_comment).
system.FieldDefinition.updated_by: (fields.W163) SQLite does not support comments
 on columns (db_comment).
system.ModelFieldDefinition.business_object: (fields.W163) SQLite does not suppor
t comments on columns (db_comment).
system.ModelFieldDefinition.created_at: (fields.W163) SQLite does not support com
ments on columns (db_comment).
system.ModelFieldDefinition.created_by: (fields.W163) SQLite does not support com
ments on columns (db_comment).
system.ModelFieldDefinition.custom_fields: (fields.W163) SQLite does not support 
comments on columns (db_comment).
system.ModelFieldDefinition.decimal_places: (fields.W163) SQLite does not support
 comments on columns (db_comment).
system.ModelFieldDefinition.deleted_at: (fields.W163) SQLite does not support com
ments on columns (db_comment).
system.ModelFieldDefinition.deleted_by: (fields.W163) SQLite does not support com
ments on columns (db_comment).
system.ModelFieldDefinition.display_name: (fields.W163) SQLite does not support c
omments on columns (db_comment).
system.ModelFieldDefinition.display_name_en: (fields.W163) SQLite does not suppor
t comments on columns (db_comment).
system.ModelFieldDefinition.django_field_type: (fields.W163) SQLite does not supp
ort comments on columns (db_comment).
system.ModelFieldDefinition.field_name: (fields.W163) SQLite does not support com
ments on columns (db_comment).
system.ModelFieldDefinition.field_type: (fields.W163) SQLite does not support com
ments on columns (db_comment).
system.ModelFieldDefinition.is_deleted: (fields.W163) SQLite does not support com
ments on columns (db_comment).
system.ModelFieldDefinition.is_editable: (fields.W163) SQLite does not support co
mments on columns (db_comment).
system.ModelFieldDefinition.is_readonly: (fields.W163) SQLite does not support co
mments on columns (db_comment).
system.ModelFieldDefinition.is_required: (fields.W163) SQLite does not support co
mments on columns (db_comment).
system.ModelFieldDefinition.is_unique: (fields.W163) SQLite does not support comm
ents on columns (db_comment).
system.ModelFieldDefinition.max_digits: (fields.W163) SQLite does not support com
ments on columns (db_comment).
system.ModelFieldDefinition.max_length: (fields.W163) SQLite does not support com
ments on columns (db_comment).
system.ModelFieldDefinition.organization: (fields.W163) SQLite does not support c
omments on columns (db_comment).
system.ModelFieldDefinition.reference_display_field: (fields.W163) SQLite does no
t support comments on columns (db_comment).
system.ModelFieldDefinition.reference_model_path: (fields.W163) SQLite does not s
upport comments on columns (db_comment).
system.ModelFieldDefinition.show_in_detail: (fields.W163) SQLite does not support
 comments on columns (db_comment).
system.ModelFieldDefinition.show_in_form: (fields.W163) SQLite does not support c
omments on columns (db_comment).
system.ModelFieldDefinition.show_in_list: (fields.W163) SQLite does not support c
omments on columns (db_comment).
system.ModelFieldDefinition.sort_order: (fields.W163) SQLite does not support com
ments on columns (db_comment).
system.ModelFieldDefinition.updated_at: (fields.W163) SQLite does not support com
ments on columns (db_comment).
system.ModelFieldDefinition.updated_by: (fields.W163) SQLite does not support com
ments on columns (db_comment).
system.PageLayout.business_object: (fields.W163) SQLite does not support comments
 on columns (db_comment).
system.PageLayout.created_at: (fields.W163) SQLite does not support comments on c
olumns (db_comment).
system.PageLayout.created_by: (fields.W163) SQLite does not support comments on c
olumns (db_comment).
system.PageLayout.custom_fields: (fields.W163) SQLite does not support comments o
n columns (db_comment).
system.PageLayout.deleted_at: (fields.W163) SQLite does not support comments on c
olumns (db_comment).
system.PageLayout.deleted_by: (fields.W163) SQLite does not support comments on c
olumns (db_comment).
system.PageLayout.is_active: (fields.W163) SQLite does not support comments on co
lumns (db_comment).
system.PageLayout.is_default: (fields.W163) SQLite does not support comments on c
olumns (db_comment).
system.PageLayout.is_deleted: (fields.W163) SQLite does not support comments on c
olumns (db_comment).
system.PageLayout.layout_code: (fields.W163) SQLite does not support comments on 
columns (db_comment).
system.PageLayout.layout_config: (fields.W163) SQLite does not support comments o
n columns (db_comment).
system.PageLayout.layout_name: (fields.W163) SQLite does not support comments on 
columns (db_comment).
system.PageLayout.layout_type: (fields.W163) SQLite does not support comments on 
columns (db_comment).
system.PageLayout.organization: (fields.W163) SQLite does not support comments on
 columns (db_comment).
system.PageLayout.updated_at: (fields.W163) SQLite does not support comments on c
olumns (db_comment).
system.PageLayout.updated_by: (fields.W163) SQLite does not support comments on c
olumns (db_comment).
system.SequenceRule.code: (fields.W163) SQLite does not support comments on colum
ns (db_comment).
system.SequenceRule.created_at: (fields.W163) SQLite does not support comments on
 columns (db_comment).
system.SequenceRule.created_by: (fields.W163) SQLite does not support comments on
 columns (db_comment).
system.SequenceRule.current_value: (fields.W163) SQLite does not support comments
 on columns (db_comment).
system.SequenceRule.custom_fields: (fields.W163) SQLite does not support comments
 on columns (db_comment).
system.SequenceRule.deleted_at: (fields.W163) SQLite does not support comments on
 columns (db_comment).
system.SequenceRule.deleted_by: (fields.W163) SQLite does not support comments on
 columns (db_comment).
system.SequenceRule.description: (fields.W163) SQLite does not support comments o
n columns (db_comment).
system.SequenceRule.is_active: (fields.W163) SQLite does not support comments on 
columns (db_comment).
system.SequenceRule.is_deleted: (fields.W163) SQLite does not support comments on
 columns (db_comment).
system.SequenceRule.last_reset_date: (fields.W163) SQLite does not support commen
ts on columns (db_comment).
system.SequenceRule.name: (fields.W163) SQLite does not support comments on colum
ns (db_comment).
system.SequenceRule.organization: (fields.W163) SQLite does not support comments 
on columns (db_comment).
system.SequenceRule.pattern: (fields.W163) SQLite does not support comments on co
lumns (db_comment).
system.SequenceRule.prefix: (fields.W163) SQLite does not support comments on col
umns (db_comment).
system.SequenceRule.reset_period: (fields.W163) SQLite does not support comments 
on columns (db_comment).
system.SequenceRule.seq_length: (fields.W163) SQLite does not support comments on
 columns (db_comment).
system.SequenceRule.updated_at: (fields.W163) SQLite does not support comments on
 columns (db_comment).
system.SequenceRule.updated_by: (fields.W163) SQLite does not support comments on
 columns (db_comment).
system.SystemConfig.category: (fields.W163) SQLite does not support comments on c
olumns (db_comment).
system.SystemConfig.config_key: (fields.W163) SQLite does not support comments on
 columns (db_comment).
system.SystemConfig.config_value: (fields.W163) SQLite does not support comments 
on columns (db_comment).
system.SystemConfig.created_at: (fields.W163) SQLite does not support comments on
 columns (db_comment).
system.SystemConfig.created_by: (fields.W163) SQLite does not support comments on
 columns (db_comment).
system.SystemConfig.custom_fields: (fields.W163) SQLite does not support comments
 on columns (db_comment).
system.SystemConfig.deleted_at: (fields.W163) SQLite does not support comments on
 columns (db_comment).
system.SystemConfig.deleted_by: (fields.W163) SQLite does not support comments on
 columns (db_comment).
system.SystemConfig.description: (fields.W163) SQLite does not support comments o
n columns (db_comment).
system.SystemConfig.is_deleted: (fields.W163) SQLite does not support comments on
 columns (db_comment).
system.SystemConfig.is_encrypted: (fields.W163) SQLite does not support comments 
on columns (db_comment).
system.SystemConfig.is_system: (fields.W163) SQLite does not support comments on 
columns (db_comment).
system.SystemConfig.name: (fields.W163) SQLite does not support comments on colum
ns (db_comment).
system.SystemConfig.organization: (fields.W163) SQLite does not support comments 
on columns (db_comment).
system.SystemConfig.updated_at: (fields.W163) SQLite does not support comments on
 columns (db_comment).
system.SystemConfig.updated_by: (fields.W163) SQLite does not support comments on
 columns (db_comment).
system.SystemConfig.value_type: (fields.W163) SQLite does not support comments on
 columns (db_comment).
system.SystemFile.biz_id: (fields.W163) SQLite does not support comments on colum
ns (db_comment).
system.SystemFile.biz_type: (fields.W163) SQLite does not support comments on col
umns (db_comment).
system.SystemFile.created_at: (fields.W163) SQLite does not support comments on c
olumns (db_comment).
system.SystemFile.created_by: (fields.W163) SQLite does not support comments on c
olumns (db_comment).
system.SystemFile.custom_fields: (fields.W163) SQLite does not support comments o
n columns (db_comment).
system.SystemFile.deleted_at: (fields.W163) SQLite does not support comments on c
olumns (db_comment).
system.SystemFile.deleted_by: (fields.W163) SQLite does not support comments on c
olumns (db_comment).
system.SystemFile.description: (fields.W163) SQLite does not support comments on 
columns (db_comment).
system.SystemFile.file_extension: (fields.W163) SQLite does not support comments 
on columns (db_comment).
system.SystemFile.file_hash: (fields.W163) SQLite does not support comments on co
lumns (db_comment).
system.SystemFile.file_name: (fields.W163) SQLite does not support comments on co
lumns (db_comment).
system.SystemFile.file_path: (fields.W163) SQLite does not support comments on co
lumns (db_comment).
system.SystemFile.file_size: (fields.W163) SQLite does not support comments on co
lumns (db_comment).
system.SystemFile.file_type: (fields.W163) SQLite does not support comments on co
lumns (db_comment).
system.SystemFile.is_deleted: (fields.W163) SQLite does not support comments on c
olumns (db_comment).
system.SystemFile.organization: (fields.W163) SQLite does not support comments on
 columns (db_comment).
system.SystemFile.thumbnail_path: (fields.W163) SQLite does not support comments 
on columns (db_comment).
system.SystemFile.updated_at: (fields.W163) SQLite does not support comments on c
olumns (db_comment).
system.SystemFile.updated_by: (fields.W163) SQLite does not support comments on c
olumns (db_comment).
system.Tag.biz_type: (fields.W163) SQLite does not support comments on columns (d
b_comment).
system.Tag.color: (fields.W163) SQLite does not support comments on columns (db_c
omment).
system.Tag.created_at: (fields.W163) SQLite does not support comments on columns 
(db_comment).
system.Tag.created_by: (fields.W163) SQLite does not support comments on columns 
(db_comment).
system.Tag.custom_fields: (fields.W163) SQLite does not support comments on colum
ns (db_comment).
system.Tag.deleted_at: (fields.W163) SQLite does not support comments on columns 
(db_comment).
system.Tag.deleted_by: (fields.W163) SQLite does not support comments on columns 
(db_comment).
system.Tag.description: (fields.W163) SQLite does not support comments on columns
 (db_comment).
system.Tag.is_deleted: (fields.W163) SQLite does not support comments on columns 
(db_comment).
system.Tag.name: (fields.W163) SQLite does not support comments on columns (db_co
mment).
system.Tag.organization: (fields.W163) SQLite does not support comments on column
s (db_comment).
system.Tag.updated_at: (fields.W163) SQLite does not support comments on columns 
(db_comment).
system.Tag.updated_by: (fields.W163) SQLite does not support comments on columns 
(db_comment).
system.Tag.usage_count: (fields.W163) SQLite does not support comments on columns
 (db_comment).
workflows.WorkflowApproval.created_at: (fields.W163) SQLite does not support comm
ents on columns (db_comment).
workflows.WorkflowApproval.created_by: (fields.W163) SQLite does not support comm
ents on columns (db_comment).
workflows.WorkflowApproval.custom_fields: (fields.W163) SQLite does not support c
omments on columns (db_comment).
workflows.WorkflowApproval.deleted_at: (fields.W163) SQLite does not support comm
ents on columns (db_comment).
workflows.WorkflowApproval.deleted_by: (fields.W163) SQLite does not support comm
ents on columns (db_comment).
workflows.WorkflowApproval.is_deleted: (fields.W163) SQLite does not support comm
ents on columns (db_comment).
workflows.WorkflowApproval.organization: (fields.W163) SQLite does not support co
mments on columns (db_comment).
workflows.WorkflowApproval.updated_at: (fields.W163) SQLite does not support comm
ents on columns (db_comment).
workflows.WorkflowApproval.updated_by: (fields.W163) SQLite does not support comm
ents on columns (db_comment).
workflows.WorkflowDefinition.business_object_code: (fields.W163) SQLite does not 
support comments on columns (db_comment).
workflows.WorkflowDefinition.category: (fields.W163) SQLite does not support comm
ents on columns (db_comment).
workflows.WorkflowDefinition.code: (fields.W163) SQLite does not support comments
 on columns (db_comment).
workflows.WorkflowDefinition.created_at: (fields.W163) SQLite does not support co
mments on columns (db_comment).
workflows.WorkflowDefinition.created_by: (fields.W163) SQLite does not support co
mments on columns (db_comment).
workflows.WorkflowDefinition.custom_fields: (fields.W163) SQLite does not support
 comments on columns (db_comment).
workflows.WorkflowDefinition.deleted_at: (fields.W163) SQLite does not support co
mments on columns (db_comment).
workflows.WorkflowDefinition.deleted_by: (fields.W163) SQLite does not support co
mments on columns (db_comment).
workflows.WorkflowDefinition.description: (fields.W163) SQLite does not support c
omments on columns (db_comment).
workflows.WorkflowDefinition.form_permissions: (fields.W163) SQLite does not supp
ort comments on columns (db_comment).
workflows.WorkflowDefinition.graph_data: (fields.W163) SQLite does not support co
mments on columns (db_comment).
workflows.WorkflowDefinition.is_active: (fields.W163) SQLite does not support com
ments on columns (db_comment).
workflows.WorkflowDefinition.is_deleted: (fields.W163) SQLite does not support co
mments on columns (db_comment).
workflows.WorkflowDefinition.name: (fields.W163) SQLite does not support comments
 on columns (db_comment).
workflows.WorkflowDefinition.organization: (fields.W163) SQLite does not support 
comments on columns (db_comment).
workflows.WorkflowDefinition.published_at: (fields.W163) SQLite does not support 
comments on columns (db_comment).
workflows.WorkflowDefinition.published_by: (fields.W163) SQLite does not support 
comments on columns (db_comment).
workflows.WorkflowDefinition.source_template: (fields.W163) SQLite does not suppo
rt comments on columns (db_comment).
workflows.WorkflowDefinition.status: (fields.W163) SQLite does not support commen
ts on columns (db_comment).
workflows.WorkflowDefinition.tags: (fields.W163) SQLite does not support comments
 on columns (db_comment).
workflows.WorkflowDefinition.updated_at: (fields.W163) SQLite does not support co
mments on columns (db_comment).
workflows.WorkflowDefinition.updated_by: (fields.W163) SQLite does not support co
mments on columns (db_comment).
workflows.WorkflowDefinition.version: (fields.W163) SQLite does not support comme
nts on columns (db_comment).
workflows.WorkflowInstance.created_at: (fields.W163) SQLite does not support comm
ents on columns (db_comment).
workflows.WorkflowInstance.created_by: (fields.W163) SQLite does not support comm
ents on columns (db_comment).
workflows.WorkflowInstance.custom_fields: (fields.W163) SQLite does not support c
omments on columns (db_comment).
workflows.WorkflowInstance.deleted_at: (fields.W163) SQLite does not support comm
ents on columns (db_comment).
workflows.WorkflowInstance.deleted_by: (fields.W163) SQLite does not support comm
ents on columns (db_comment).
workflows.WorkflowInstance.is_deleted: (fields.W163) SQLite does not support comm
ents on columns (db_comment).
workflows.WorkflowInstance.organization: (fields.W163) SQLite does not support co
mments on columns (db_comment).
workflows.WorkflowInstance.updated_at: (fields.W163) SQLite does not support comm
ents on columns (db_comment).
workflows.WorkflowInstance.updated_by: (fields.W163) SQLite does not support comm
ents on columns (db_comment).
workflows.WorkflowOperationLog.actor: (fields.W163) SQLite does not support comme
nts on columns (db_comment).
workflows.WorkflowOperationLog.created_at: (fields.W163) SQLite does not support 
comments on columns (db_comment).
workflows.WorkflowOperationLog.created_by: (fields.W163) SQLite does not support 
comments on columns (db_comment).
workflows.WorkflowOperationLog.custom_fields: (fields.W163) SQLite does not suppo
rt comments on columns (db_comment).
workflows.WorkflowOperationLog.deleted_at: (fields.W163) SQLite does not support 
comments on columns (db_comment).
workflows.WorkflowOperationLog.deleted_by: (fields.W163) SQLite does not support 
comments on columns (db_comment).
workflows.WorkflowOperationLog.error_message: (fields.W163) SQLite does not suppo
rt comments on columns (db_comment).
workflows.WorkflowOperationLog.ip_address: (fields.W163) SQLite does not support 
comments on columns (db_comment).
workflows.WorkflowOperationLog.is_deleted: (fields.W163) SQLite does not support 
comments on columns (db_comment).
workflows.WorkflowOperationLog.operation_details: (fields.W163) SQLite does not s
upport comments on columns (db_comment).
workflows.WorkflowOperationLog.operation_type: (fields.W163) SQLite does not supp
ort comments on columns (db_comment).
workflows.WorkflowOperationLog.organization: (fields.W163) SQLite does not suppor
t comments on columns (db_comment).
workflows.WorkflowOperationLog.previous_state: (fields.W163) SQLite does not supp
ort comments on columns (db_comment).
workflows.WorkflowOperationLog.request_metadata: (fields.W163) SQLite does not su
pport comments on columns (db_comment).
workflows.WorkflowOperationLog.result: (fields.W163) SQLite does not support comm
ents on columns (db_comment).
workflows.WorkflowOperationLog.target_code: (fields.W163) SQLite does not support
 comments on columns (db_comment).
workflows.WorkflowOperationLog.target_name: (fields.W163) SQLite does not support
 comments on columns (db_comment).
workflows.WorkflowOperationLog.target_type: (fields.W163) SQLite does not support
 comments on columns (db_comment).
workflows.WorkflowOperationLog.updated_at: (fields.W163) SQLite does not support 
comments on columns (db_comment).
workflows.WorkflowOperationLog.updated_by: (fields.W163) SQLite does not support 
comments on columns (db_comment).
workflows.WorkflowOperationLog.user_agent: (fields.W163) SQLite does not support 
comments on columns (db_comment).
workflows.WorkflowOperationLog.workflow_definition: (fields.W163) SQLite does not
 support comments on columns (db_comment).
workflows.WorkflowOperationLog.workflow_instance: (fields.W163) SQLite does not s
upport comments on columns (db_comment).
workflows.WorkflowOperationLog.workflow_task: (fields.W163) SQLite does not suppo
rt comments on columns (db_comment).
workflows.WorkflowOperationLog.workflow_template: (fields.W163) SQLite does not s
upport comments on columns (db_comment).
workflows.WorkflowTask.created_at: (fields.W163) SQLite does not support comments
 on columns (db_comment).
workflows.WorkflowTask.created_by: (fields.W163) SQLite does not support comments
 on columns (db_comment).
workflows.WorkflowTask.custom_fields: (fields.W163) SQLite does not support comme
nts on columns (db_comment).
workflows.WorkflowTask.deleted_at: (fields.W163) SQLite does not support comments
 on columns (db_comment).
workflows.WorkflowTask.deleted_by: (fields.W163) SQLite does not support comments
 on columns (db_comment).
workflows.WorkflowTask.is_deleted: (fields.W163) SQLite does not support comments
 on columns (db_comment).
workflows.WorkflowTask.organization: (fields.W163) SQLite does not support commen
ts on columns (db_comment).
workflows.WorkflowTask.updated_at: (fields.W163) SQLite does not support comments
 on columns (db_comment).
workflows.WorkflowTask.updated_by: (fields.W163) SQLite does not support comments
 on columns (db_comment).
workflows.WorkflowTemplate.business_object_code: (fields.W163) SQLite does not su
pport comments on columns (db_comment).
workflows.WorkflowTemplate.category: (fields.W163) SQLite does not support commen
ts on columns (db_comment).
workflows.WorkflowTemplate.code: (fields.W163) SQLite does not support comments o
n columns (db_comment).
workflows.WorkflowTemplate.created_at: (fields.W163) SQLite does not support comm
ents on columns (db_comment).
workflows.WorkflowTemplate.created_by: (fields.W163) SQLite does not support comm
ents on columns (db_comment).
workflows.WorkflowTemplate.custom_fields: (fields.W163) SQLite does not support c
omments on columns (db_comment).
workflows.WorkflowTemplate.deleted_at: (fields.W163) SQLite does not support comm
ents on columns (db_comment).
workflows.WorkflowTemplate.deleted_by: (fields.W163) SQLite does not support comm
ents on columns (db_comment).
workflows.WorkflowTemplate.description: (fields.W163) SQLite does not support com
ments on columns (db_comment).
workflows.WorkflowTemplate.form_permissions: (fields.W163) SQLite does not suppor
t comments on columns (db_comment).
workflows.WorkflowTemplate.graph_data: (fields.W163) SQLite does not support comm
ents on columns (db_comment).
workflows.WorkflowTemplate.is_deleted: (fields.W163) SQLite does not support comm
ents on columns (db_comment).
workflows.WorkflowTemplate.is_featured: (fields.W163) SQLite does not support com
ments on columns (db_comment).
workflows.WorkflowTemplate.is_public: (fields.W163) SQLite does not support comme
nts on columns (db_comment).
workflows.WorkflowTemplate.name: (fields.W163) SQLite does not support comments o
n columns (db_comment).
workflows.WorkflowTemplate.organization: (fields.W163) SQLite does not support co
mments on columns (db_comment).
workflows.WorkflowTemplate.preview_image: (fields.W163) SQLite does not support c
omments on columns (db_comment).
workflows.WorkflowTemplate.sort_order: (fields.W163) SQLite does not support comm
ents on columns (db_comment).
workflows.WorkflowTemplate.tags: (fields.W163) SQLite does not support comments o
n columns (db_comment).
workflows.WorkflowTemplate.template_type: (fields.W163) SQLite does not support c
omments on columns (db_comment).
workflows.WorkflowTemplate.updated_at: (fields.W163) SQLite does not support comm
ents on columns (db_comment).
workflows.WorkflowTemplate.updated_by: (fields.W163) SQLite does not support comm
ents on columns (db_comment).
workflows.WorkflowTemplate.usage_count: (fields.W163) SQLite does not support com
ments on columns (db_comment).

System check identified 1004 issues (0 silenced).
.......................
----------------------------------------------------------------------
Ran 23 tests in 0.262s

OK
Destroying test database for alias 'default'...

Found 23 test(s).
